 Network smartcampus-vision-team-internal Creating 
 Volume smartcampus-vision-pg Creating 
 Volume smartcampus-vision-pg Creating 
 Network smartcampus-vision-team-internal Creating 
 Volume smartcampus-vision-data Creating 
 Volume smartcampus-vision-data Creating 
 Volume smartcampus-vision-pg Created 
 Volume smartcampus-vision-pg Created 
 Volume smartcampus-vision-data Created 
 Volume smartcampus-vision-data Created 
 Network smartcampus-vision-team-internal Created 
 Network smartcampus-vision-team-internal Created 
 Container fit4110-vision-db-lab05 Creating 
 Container fit4110-ai-yolo-lab05 Creating 
 Container fit4110-ai-yolo-lab05 Created 
 Container fit4110-vision-db-lab05 Created 
 Container fit4110-ai-vision-lab05 Creating 
 Container fit4110-ai-vision-lab05 Created 
 Container fit4110-ai-yolo-lab05 Starting 
 Container fit4110-vision-db-lab05 Starting 
 Container fit4110-vision-db-lab05 Started 
 Container fit4110-ai-yolo-lab05 Started 
 Container fit4110-ai-yolo-lab05 Waiting 
 Container fit4110-vision-db-lab05 Waiting 
 Container fit4110-vision-db-lab05 Healthy 
 Container fit4110-ai-yolo-lab05 Healthy 
 Container fit4110-ai-vision-lab05 Starting 
 Container fit4110-ai-vision-lab05 Started 
