 Image fit4110/ai-yolo:lab05 Building 
#1 [internal] load local bake definitions
#1 reading from stdin 609B done
#1 DONE 0.0s

#2 [internal] load build definition from Dockerfile.yolo
#2 transferring dockerfile: 2.47kB 0.0s done
#2 DONE 0.1s

#3 resolve image config for docker-image://docker.io/docker/dockerfile:1.7
#3 ...

#4 [auth] docker/dockerfile:pull token for registry-1.docker.io
#4 DONE 0.0s

#3 resolve image config for docker-image://docker.io/docker/dockerfile:1.7
#3 DONE 2.2s

#5 docker-image://docker.io/docker/dockerfile:1.7@sha256:a57df69d0ea827fb7266491f2813635de6f17269be881f696fbfdf2d83dda33e
#5 resolve docker.io/docker/dockerfile:1.7@sha256:a57df69d0ea827fb7266491f2813635de6f17269be881f696fbfdf2d83dda33e 0.0s done
#5 CACHED

#6 [internal] load metadata for docker.io/library/python:3.11-slim
#6 ...

#7 [auth] library/python:pull token for registry-1.docker.io
#7 DONE 0.0s

#6 [internal] load metadata for docker.io/library/python:3.11-slim
#6 DONE 2.1s

#8 [internal] load .dockerignore
#8 transferring context: 255B done
#8 DONE 0.0s

#9 [internal] load build context
#9 DONE 0.0s

#10 [builder 1/7] FROM docker.io/library/python:3.11-slim@sha256:9c900dea9e8fb7e16277c179b555cc72d29a352dbc33cff48ad5a0412fd5bfc7
#10 resolve docker.io/library/python:3.11-slim@sha256:9c900dea9e8fb7e16277c179b555cc72d29a352dbc33cff48ad5a0412fd5bfc7 0.0s done
#10 DONE 0.0s

#9 [internal] load build context
#9 transferring context: 23.12kB 0.0s done
#9 DONE 0.1s

#11 [runtime 4/8] COPY --from=builder /opt/venv /opt/venv
#11 CACHED

#12 [builder 4/7] RUN python -m venv /opt/venv
#12 CACHED

#13 [builder 5/7] COPY requirements-yolo.txt ./requirements.txt
#13 CACHED

#14 [builder 6/7] RUN /opt/venv/bin/pip install --no-cache-dir --upgrade pip     && /opt/venv/bin/pip install --no-cache-dir -r requirements.txt
#14 CACHED

#15 [builder 3/7] RUN apt-get update     && apt-get install -y --no-install-recommends libgl1 libglib2.0-0     && rm -rf /var/lib/apt/lists/*
#15 CACHED

#16 [builder 7/7] RUN /opt/venv/bin/python -c "from ultralytics import YOLO; YOLO('yolov8n.pt')"     && ls -la yolov8n.pt
#16 CACHED

#17 [builder 2/7] WORKDIR /build
#17 CACHED

#18 [runtime 2/8] WORKDIR /app
#18 CACHED

#19 [runtime 3/8] RUN apt-get update     && apt-get install -y --no-install-recommends curl libgl1 libglib2.0-0     && rm -rf /var/lib/apt/lists/*     && addgroup --system appgroup     && adduser --system --ingroup appgroup --home /app appuser
#19 CACHED

#20 [runtime 5/8] COPY --from=builder /build/yolov8n.pt /app/yolov8n.pt
#20 CACHED

#21 [runtime 6/8] COPY src/ai_yolo_service ./src/ai_yolo_service
#21 DONE 0.0s

#22 [runtime 7/8] COPY src/__init__.py ./src/__init__.py
#22 DONE 0.0s

#23 [runtime 8/8] RUN chown -R appuser:appgroup /app
#23 DONE 0.5s

#24 exporting to image
#24 exporting layers
#24 exporting layers 0.3s done
#24 exporting manifest sha256:4b230550fe75f50e15dad5cdf46adc451c20306b299487b859c526ae33cf58ff 0.0s done
#24 exporting config sha256:f7caa7d47c0a92909285b8048015922bcc84fb2d314f131f45bf321cd37f7a00 0.0s done
#24 exporting attestation manifest sha256:e2e02ad9dfe9e17114e29b4e530251515d1c15f2c56d48d907dd9a74a062ba7d 0.0s done
#24 exporting manifest list sha256:c2bb483334b3fcb9fef8e721cacdcd991fbf8978a3689e14cbec118bb5fbf0e6 0.0s done
#24 naming to docker.io/fit4110/ai-yolo:lab05 done
#24 unpacking to docker.io/fit4110/ai-yolo:lab05 0.1s done
#24 DONE 0.6s

#25 resolving provenance for metadata file
#25 DONE 0.0s
 Image fit4110/ai-yolo:lab05 Built 
 Container fit4110-ai-yolo-lab05 Recreate 
 Container fit4110-ai-yolo-lab05 Recreated 
 Container fit4110-ai-yolo-lab05 Starting 
 Container fit4110-ai-yolo-lab05 Started 
