 Image fit4110/ai-vision:lab05 Building 
 Image fit4110/vision-db:lab05 Building 
 Image fit4110/ai-yolo:lab05 Building 
#1 [internal] load local bake definitions
#1 reading from stdin 1.66kB done
#1 DONE 0.0s

#2 [ai-yolo internal] load build definition from Dockerfile.yolo
#2 transferring dockerfile: 1.51kB 0.0s done
#2 DONE 0.1s

#3 [ai-vision internal] load build definition from Dockerfile
#3 transferring dockerfile: 1.53kB 0.0s done
#3 DONE 0.1s

#4 [vision-db internal] load build definition from Dockerfile.db
#4 transferring dockerfile: 481B done
#4 DONE 0.1s

#5 [ai-yolo] resolve image config for docker-image://docker.io/docker/dockerfile:1.7
#5 ...

#6 [auth] docker/dockerfile:pull token for registry-1.docker.io
#6 DONE 0.0s

#5 [vision-db] resolve image config for docker-image://docker.io/docker/dockerfile:1.7
#5 DONE 1.8s

#7 [ai-vision] docker-image://docker.io/docker/dockerfile:1.7@sha256:a57df69d0ea827fb7266491f2813635de6f17269be881f696fbfdf2d83dda33e
#7 resolve docker.io/docker/dockerfile:1.7@sha256:a57df69d0ea827fb7266491f2813635de6f17269be881f696fbfdf2d83dda33e 0.0s done
#7 CACHED

#8 [ai-yolo internal] load build definition from Dockerfile.yolo
#8 transferring dockerfile: 1.51kB done
#8 DONE 0.1s

#9 [vision-db internal] load build definition from Dockerfile.db
#9 transferring dockerfile: 481B done
#9 DONE 0.1s

#10 [ai-vision internal] load build definition from Dockerfile
#10 transferring dockerfile: 1.53kB done
#10 DONE 0.1s

#11 [ai-vision internal] load metadata for docker.io/library/python:3.11-slim
#11 ...

#12 [auth] library/python:pull token for registry-1.docker.io
#12 DONE 0.0s

#13 [auth] library/postgres:pull token for registry-1.docker.io
#13 DONE 0.0s

#14 [vision-db internal] load metadata for docker.io/library/postgres:16-alpine
#14 ...

#11 [ai-vision internal] load metadata for docker.io/library/python:3.11-slim
#11 DONE 1.4s

#15 [ai-vision internal] load .dockerignore
#15 transferring context: 255B done
#15 DONE 0.0s

#16 [ai-yolo internal] load .dockerignore
#16 transferring context: 255B done
#16 DONE 0.1s

#17 [ai-vision internal] load build context
#17 DONE 0.0s

#18 [ai-yolo internal] load build context
#18 DONE 0.0s

#19 [ai-vision builder 1/5] FROM docker.io/library/python:3.11-slim@sha256:9c900dea9e8fb7e16277c179b555cc72d29a352dbc33cff48ad5a0412fd5bfc7
#19 resolve docker.io/library/python:3.11-slim@sha256:9c900dea9e8fb7e16277c179b555cc72d29a352dbc33cff48ad5a0412fd5bfc7 0.0s done
#19 DONE 0.0s

#20 [ai-vision runtime 2/6] WORKDIR /app
#20 CACHED

#21 [ai-vision builder 2/5] WORKDIR /build
#21 CACHED

#22 [ai-vision builder 3/5] RUN python -m venv /opt/venv
#22 CACHED

#18 [ai-yolo internal] load build context
#18 transferring context: 21.85kB 0.0s done
#18 DONE 0.1s

#17 [ai-vision internal] load build context
#17 transferring context: 96.63kB 0.0s done
#17 DONE 0.1s

#23 [ai-vision builder 4/5] COPY requirements.txt .
#23 DONE 0.1s

#24 [ai-yolo builder 4/5] COPY requirements-yolo.txt ./requirements.txt
#24 DONE 0.1s

#25 [ai-vision builder 5/5] RUN /opt/venv/bin/pip install --no-cache-dir --upgrade pip     && /opt/venv/bin/pip install --no-cache-dir -r requirements.txt
#25 ...

#14 [vision-db internal] load metadata for docker.io/library/postgres:16-alpine
#14 DONE 2.5s

#26 [vision-db internal] load .dockerignore
#26 transferring context: 255B done
#26 DONE 0.0s

#27 [vision-db 1/1] FROM docker.io/library/postgres:16-alpine@sha256:cf78e76683b9ca8c5733cbbdce6c9262b45b6767934dd0a95e671f9a0fc20685
#27 resolve docker.io/library/postgres:16-alpine@sha256:cf78e76683b9ca8c5733cbbdce6c9262b45b6767934dd0a95e671f9a0fc20685 0.0s done
#27 DONE 0.3s

#28 [vision-db] exporting to image
#28 exporting layers 0.0s done
#28 exporting manifest sha256:4585d1ed7b2525478601cc5093658b4c7bbd6ca24b78a2994c9f335f315aea29 0.0s done
#28 exporting config sha256:6078da610170005b5e4e2e9ff1e08de44885704589bcc2b203da634947ee5dff 0.0s done
#28 exporting attestation manifest sha256:41d04e38b20cdaa0a6ae5cbda39b443db8caa86e6beac20b1e727cd8fde1aa1a 0.0s done
#28 exporting manifest list sha256:12c0919bf94ac20440242a4e48e916c3645bf13d2f73e037e95b8809273476ce
#28 exporting manifest list sha256:12c0919bf94ac20440242a4e48e916c3645bf13d2f73e037e95b8809273476ce 0.0s done
#28 naming to docker.io/fit4110/vision-db:lab05 done
#28 unpacking to docker.io/fit4110/vision-db:lab05
#28 ...

#27 [vision-db 1/1] FROM docker.io/library/postgres:16-alpine@sha256:cf78e76683b9ca8c5733cbbdce6c9262b45b6767934dd0a95e671f9a0fc20685
#27 sha256:8225e2970a7f9bfb1668ae9f029656c885111f5f003d2430191edb21e645cd4e 9.67kB / 9.67kB 0.6s done
#27 sha256:7f5de3d007ea9f97ec15035895530645872a535f345506bb17ad38efc413400e 185B / 185B 1.2s done
#27 sha256:f0e7204f9584400d487e3d45cb430afd4cfb2e83bb70acbd34af2753d34d1f7a 0B / 111.29MB 5.3s
#27 sha256:19a2a5ab27c1666d2cdce3d670d68426daddcdeb4499648b939523925ae54d47 900.25kB / 900.25kB 4.4s done
#27 sha256:be6f407f5414062be7528b85a4487fdaae45c7a7fb65ea10dd9bb47d4d35d295 116B / 116B 1.5s done
#27 sha256:48d0d8b0e1367d12c7dd8a158200fc75f027c2f9dbdb2ceb8c03c05be1fa320e 129B / 129B 1.2s done
#27 sha256:b053c4426c4a82490db4a3e528741c36e2bc8017df76768fa1a8da6c248f02e7 6.11kB / 6.11kB 0.9s done
#27 sha256:6a47e1b9b2546e928c77b694492e3df726859a4219d8eca0f2e729a93a4fe5b8 969B / 969B 0.9s done
#27 sha256:5e81018bec01adc3e07f4b24c838cb749d9b69d003b3b695b15cb85112d278b2 172B / 172B 1.1s done
#27 sha256:27d0ba4f668a96dc27fea9613c004f65333ea801c9167a22608fe3cba3addc68 169B / 169B 1.2s done
#27 ...

#29 [ai-vision runtime 3/6] RUN apt-get update     && apt-get install -y --no-install-recommends curl     && rm -rf /var/lib/apt/lists/*     && addgroup --system appgroup     && adduser --system --ingroup appgroup --home /app appuser
#29 1.000 Hit:1 http://deb.debian.org/debian trixie InRelease
#29 1.061 Get:2 http://deb.debian.org/debian trixie-updates InRelease [47.3 kB]
#29 1.201 Get:3 http://deb.debian.org/debian-security trixie-security InRelease [43.4 kB]
#29 1.302 Get:4 http://deb.debian.org/debian trixie/main amd64 Packages [9673 kB]
#29 ...

#30 [ai-yolo runtime 3/7] RUN apt-get update     && apt-get install -y --no-install-recommends curl     && rm -rf /var/lib/apt/lists/*     && addgroup --system appgroup     && adduser --system --ingroup appgroup --home /app appuser
#30 1.000 Hit:1 http://deb.debian.org/debian trixie InRelease
#30 1.060 Get:2 http://deb.debian.org/debian trixie-updates InRelease [47.3 kB]
#30 1.200 Get:3 http://deb.debian.org/debian-security trixie-security InRelease [43.4 kB]
#30 1.302 Get:4 http://deb.debian.org/debian trixie/main amd64 Packages [9673 kB]
#30 ...

#31 [ai-yolo builder 5/5] RUN /opt/venv/bin/pip install --no-cache-dir --upgrade pip     && /opt/venv/bin/pip install --no-cache-dir -r requirements.txt
#31 1.562 Requirement already satisfied: pip in /opt/venv/lib/python3.11/site-packages (24.0)
#31 2.919 Collecting pip
#31 4.593   Downloading pip-26.2.1-py3-none-any.whl.metadata (4.6 kB)
#31 5.068 Downloading pip-26.2.1-py3-none-any.whl (1.8 MB)
#31 ...

#27 [vision-db 1/1] FROM docker.io/library/postgres:16-alpine@sha256:cf78e76683b9ca8c5733cbbdce6c9262b45b6767934dd0a95e671f9a0fc20685
#27 ...

#25 [ai-vision builder 5/5] RUN /opt/venv/bin/pip install --no-cache-dir --upgrade pip     && /opt/venv/bin/pip install --no-cache-dir -r requirements.txt
#25 1.551 Requirement already satisfied: pip in /opt/venv/lib/python3.11/site-packages (24.0)
#25 2.911 Collecting pip
#25 4.520   Downloading pip-26.2.1-py3-none-any.whl.metadata (4.6 kB)
#25 4.973 Downloading pip-26.2.1-py3-none-any.whl (1.8 MB)
#25 ...

#27 [vision-db 1/1] FROM docker.io/library/postgres:16-alpine@sha256:cf78e76683b9ca8c5733cbbdce6c9262b45b6767934dd0a95e671f9a0fc20685
#27 sha256:f0e7204f9584400d487e3d45cb430afd4cfb2e83bb70acbd34af2753d34d1f7a 0B / 111.29MB 10.3s
#27 sha256:f0e7204f9584400d487e3d45cb430afd4cfb2e83bb70acbd34af2753d34d1f7a 1.05MB / 111.29MB 15.4s
#27 sha256:f0e7204f9584400d487e3d45cb430afd4cfb2e83bb70acbd34af2753d34d1f7a 4.19MB / 111.29MB 20.5s
#27 ...

#31 [ai-yolo builder 5/5] RUN /opt/venv/bin/pip install --no-cache-dir --upgrade pip     && /opt/venv/bin/pip install --no-cache-dir -r requirements.txt
#31 12.64    ΓöüΓöüΓöüΓöüΓöüΓöüΓöüΓöüΓöüΓöüΓöüΓöüΓöüΓöüΓöüΓöüΓöüΓöüΓöüΓöüΓöüΓöüΓöüΓöüΓöüΓöüΓöüΓöüΓöüΓöüΓöüΓöüΓöüΓöüΓöüΓöüΓöüΓöüΓöüΓöü 1.8/1.8 MB 239.2 kB/s eta 0:00:00
#31 12.69 Installing collected packages: pip
#31 12.69   Attempting uninstall: pip
#31 12.70     Found existing installation: pip 24.0
#31 12.76     Uninstalling pip-24.0:
#31 13.26       Successfully uninstalled pip-24.0
#31 14.16 Successfully installed pip-26.2.1
#31 16.68 Collecting fastapi==0.115.6 (from -r requirements.txt (line 3))
#31 17.13   Downloading fastapi-0.115.6-py3-none-any.whl.metadata (27 kB)
#31 17.26 Collecting uvicorn==0.34.0 (from uvicorn[standard]==0.34.0->-r requirements.txt (line 4))
#31 17.36   Downloading uvicorn-0.34.0-py3-none-any.whl.metadata (6.5 kB)
#31 18.03 Collecting pydantic==2.10.4 (from -r requirements.txt (line 5))
#31 18.17   Downloading pydantic-2.10.4-py3-none-any.whl.metadata (29 kB)
#31 18.48 Collecting httpx==0.27.2 (from -r requirements.txt (line 6))
#31 18.69   Downloading httpx-0.27.2-py3-none-any.whl.metadata (7.1 kB)
#31 19.53 Collecting ultralytics==8.3.0 (from -r requirements.txt (line 7))
#31 19.83   Downloading ultralytics-8.3.0-py3-none-any.whl.metadata (34 kB)
#31 20.46 Collecting torch==2.3.1 (from -r requirements.txt (line 8))
#31 20.67   Downloading torch-2.3.1-cp311-cp311-manylinux1_x86_64.whl.metadata (26 kB)
#31 22.09 Collecting numpy==1.26.4 (from -r requirements.txt (line 9))
#31 22.46   Downloading numpy-1.26.4-cp311-cp311-manylinux_2_17_x86_64.manylinux2014_x86_64.whl.metadata (61 kB)
#31 ...

#30 [ai-yolo runtime 3/7] RUN apt-get update     && apt-get install -y --no-install-recommends curl     && rm -rf /var/lib/apt/lists/*     && addgroup --system appgroup     && adduser --system --ingroup appgroup --home /app appuser
#30 14.56 Get:5 http://deb.debian.org/debian trixie-updates/main amd64 Packages [4412 B]
#30 14.73 Get:6 http://deb.debian.org/debian-security trixie-security/main amd64 Packages [247 kB]
#30 15.28 Fetched 10.0 MB in 15s (686 kB/s)
#30 15.28 Reading package lists...
#30 15.98 Reading package lists...
#30 16.61 Building dependency tree...
#30 16.77 Reading state information...
#30 17.04 The following additional packages will be installed:
#30 17.04   libbrotli1 libcom-err2 libcurl4t64 libgnutls30t64 libgssapi-krb5-2 libidn2-0
#30 17.04   libk5crypto3 libkeyutils1 libkrb5-3 libkrb5support0 libldap2 libnghttp2-14
#30 17.04   libnghttp3-9 libp11-kit0 libpsl5t64 librtmp1 libsasl2-2 libsasl2-modules-db
#30 17.04   libssh2-1t64 libtasn1-6 libunistring5
#30 17.04 Suggested packages:
#30 17.04   gnutls-bin krb5-doc krb5-user
#30 17.04 Recommended packages:
#30 17.04   bash-completion krb5-locales libldap-common publicsuffix libsasl2-modules
#30 17.19 The following NEW packages will be installed:
#30 17.19   curl libbrotli1 libcom-err2 libcurl4t64 libgnutls30t64 libgssapi-krb5-2
#30 17.19   libidn2-0 libk5crypto3 libkeyutils1 libkrb5-3 libkrb5support0 libldap2
#30 17.19   libnghttp2-14 libnghttp3-9 libp11-kit0 libpsl5t64 librtmp1 libsasl2-2
#30 17.19   libsasl2-modules-db libssh2-1t64 libtasn1-6 libunistring5
#30 17.50 0 upgraded, 22 newly installed, 0 to remove and 9 not upgraded.
#30 17.50 Need to get 4887 kB of archives.
#30 17.50 After this operation, 14.7 MB of additional disk space will be used.
#30 17.50 Get:1 http://deb.debian.org/debian trixie/main amd64 libbrotli1 amd64 1.1.0-2+b7 [307 kB]
#30 18.30 Get:2 http://deb.debian.org/debian trixie/main amd64 libkrb5support0 amd64 1.21.3-5+deb13u1 [33.1 kB]
#30 18.33 Get:3 http://deb.debian.org/debian trixie/main amd64 libcom-err2 amd64 1.47.2-3+b11 [25.0 kB]
#30 18.35 Get:4 http://deb.debian.org/debian trixie/main amd64 libk5crypto3 amd64 1.21.3-5+deb13u1 [81.2 kB]
#30 18.54 Get:5 http://deb.debian.org/debian trixie/main amd64 libkeyutils1 amd64 1.6.3-6 [9456 B]
#30 18.54 Get:6 http://deb.debian.org/debian trixie/main amd64 libkrb5-3 amd64 1.21.3-5+deb13u1 [326 kB]
#30 18.99 Get:7 http://deb.debian.org/debian trixie/main amd64 libgssapi-krb5-2 amd64 1.21.3-5+deb13u1 [138 kB]
#30 19.19 Get:8 http://deb.debian.org/debian trixie/main amd64 libunistring5 amd64 1.3-2 [477 kB]
#30 19.83 Get:9 http://deb.debian.org/debian trixie/main amd64 libidn2-0 amd64 2.3.8-2 [109 kB]
#30 19.99 Get:10 http://deb.debian.org/debian trixie/main amd64 libsasl2-modules-db amd64 2.1.28+dfsg1-9 [19.8 kB]
#30 19.99 Get:11 http://deb.debian.org/debian trixie/main amd64 libsasl2-2 amd64 2.1.28+dfsg1-9 [57.5 kB]
#30 20.06 Get:12 http://deb.debian.org/debian trixie/main amd64 libldap2 amd64 2.6.10+dfsg-1 [194 kB]
#30 20.26 Get:13 http://deb.debian.org/debian trixie/main amd64 libnghttp2-14 amd64 1.64.0-1.1+deb13u1 [76.2 kB]
#30 20.36 Get:14 http://deb.debian.org/debian trixie/main amd64 libnghttp3-9 amd64 1.8.0-1 [67.7 kB]
#30 20.58 Get:15 http://deb.debian.org/debian trixie/main amd64 libpsl5t64 amd64 0.21.2-1.1+b1 [57.2 kB]
#30 20.58 Get:16 http://deb.debian.org/debian trixie/main amd64 libp11-kit0 amd64 0.25.5-3 [425 kB]
#30 20.99 Get:17 http://deb.debian.org/debian trixie/main amd64 libtasn1-6 amd64 4.20.0-2+deb13u1 [50.1 kB]
#30 21.01 Get:18 http://deb.debian.org/debian trixie/main amd64 libgnutls30t64 amd64 3.8.9-3+deb13u4 [1469 kB]
#30 22.76 Get:19 http://deb.debian.org/debian trixie/main amd64 librtmp1 amd64 2.4+20151223.gitfa8646d.1-2+b5 [58.8 kB]
#30 22.82 Get:20 http://deb.debian.org/debian trixie/main amd64 libssh2-1t64 amd64 1.11.1-1+deb13u1 [245 kB]
#30 23.05 Get:21 http://deb.debian.org/debian trixie/main amd64 libcurl4t64 amd64 8.14.1-2+deb13u4 [392 kB]
#30 ...

#25 [ai-vision builder 5/5] RUN /opt/venv/bin/pip install --no-cache-dir --upgrade pip     && /opt/venv/bin/pip install --no-cache-dir -r requirements.txt
#25 12.92    ΓöüΓöüΓöüΓöüΓöüΓöüΓöüΓöüΓöüΓöüΓöüΓöüΓöüΓöüΓöüΓöüΓöüΓöüΓöüΓöüΓöüΓöüΓöüΓöüΓöüΓöüΓöüΓöüΓöüΓöüΓöüΓöüΓöüΓöüΓöüΓöüΓöüΓöüΓöüΓöü 1.8/1.8 MB 229.6 kB/s eta 0:00:00
#25 12.96 Installing collected packages: pip
#25 12.96   Attempting uninstall: pip
#25 12.96     Found existing installation: pip 24.0
#25 13.00     Uninstalling pip-24.0:
#25 13.30       Successfully uninstalled pip-24.0
#25 14.19 Successfully installed pip-26.2.1
#25 16.68 Collecting fastapi==0.115.6 (from -r requirements.txt (line 1))
#25 17.12   Downloading fastapi-0.115.6-py3-none-any.whl.metadata (27 kB)
#25 17.24 Collecting uvicorn==0.34.0 (from uvicorn[standard]==0.34.0->-r requirements.txt (line 2))
#25 17.35   Downloading uvicorn-0.34.0-py3-none-any.whl.metadata (6.5 kB)
#25 18.01 Collecting pydantic==2.10.4 (from -r requirements.txt (line 3))
#25 18.16   Downloading pydantic-2.10.4-py3-none-any.whl.metadata (29 kB)
#25 18.46 Collecting httpx==0.27.2 (from -r requirements.txt (line 4))
#25 18.68   Downloading httpx-0.27.2-py3-none-any.whl.metadata (7.1 kB)
#25 19.20 Collecting starlette<0.42.0,>=0.40.0 (from fastapi==0.115.6->-r requirements.txt (line 1))
#25 19.60   Downloading starlette-0.41.3-py3-none-any.whl.metadata (6.0 kB)
#25 19.92 Collecting typing-extensions>=4.8.0 (from fastapi==0.115.6->-r requirements.txt (line 1))
#25 20.24   Downloading typing_extensions-4.16.0-py3-none-any.whl.metadata (3.3 kB)
#25 20.63 Collecting annotated-types>=0.6.0 (from pydantic==2.10.4->-r requirements.txt (line 3))
#25 20.89   Downloading annotated_types-0.8.0-py3-none-any.whl.metadata (15 kB)
#25 ...

#27 [vision-db 1/1] FROM docker.io/library/postgres:16-alpine@sha256:cf78e76683b9ca8c5733cbbdce6c9262b45b6767934dd0a95e671f9a0fc20685
#27 ...

#29 [ai-vision runtime 3/6] RUN apt-get update     && apt-get install -y --no-install-recommends curl     && rm -rf /var/lib/apt/lists/*     && addgroup --system appgroup     && adduser --system --ingroup appgroup --home /app appuser
#29 15.89 Get:5 http://deb.debian.org/debian trixie-updates/main amd64 Packages [4412 B]
#29 15.97 Get:6 http://deb.debian.org/debian-security trixie-security/main amd64 Packages [247 kB]
#29 16.64 Fetched 10.0 MB in 16s (628 kB/s)
#29 16.64 Reading package lists...
#29 17.33 Reading package lists...
#29 17.89 Building dependency tree...
#29 18.04 Reading state information...
#29 18.28 The following additional packages will be installed:
#29 18.28   libbrotli1 libcom-err2 libcurl4t64 libgnutls30t64 libgssapi-krb5-2 libidn2-0
#29 18.28   libk5crypto3 libkeyutils1 libkrb5-3 libkrb5support0 libldap2 libnghttp2-14
#29 18.28   libnghttp3-9 libp11-kit0 libpsl5t64 librtmp1 libsasl2-2 libsasl2-modules-db
#29 18.28   libssh2-1t64 libtasn1-6 libunistring5
#29 18.28 Suggested packages:
#29 18.28   gnutls-bin krb5-doc krb5-user
#29 18.28 Recommended packages:
#29 18.28   bash-completion krb5-locales libldap-common publicsuffix libsasl2-modules
#29 18.43 The following NEW packages will be installed:
#29 18.43   curl libbrotli1 libcom-err2 libcurl4t64 libgnutls30t64 libgssapi-krb5-2
#29 18.43   libidn2-0 libk5crypto3 libkeyutils1 libkrb5-3 libkrb5support0 libldap2
#29 18.43   libnghttp2-14 libnghttp3-9 libp11-kit0 libpsl5t64 librtmp1 libsasl2-2
#29 18.43   libsasl2-modules-db libssh2-1t64 libtasn1-6 libunistring5
#29 18.92 0 upgraded, 22 newly installed, 0 to remove and 9 not upgraded.
#29 18.92 Need to get 4887 kB of archives.
#29 18.92 After this operation, 14.7 MB of additional disk space will be used.
#29 18.92 Get:1 http://deb.debian.org/debian trixie/main amd64 libbrotli1 amd64 1.1.0-2+b7 [307 kB]
#29 20.35 Get:2 http://deb.debian.org/debian trixie/main amd64 libkrb5support0 amd64 1.21.3-5+deb13u1 [33.1 kB]
#29 20.49 Get:3 http://deb.debian.org/debian trixie/main amd64 libcom-err2 amd64 1.47.2-3+b11 [25.0 kB]
#29 20.57 Get:4 http://deb.debian.org/debian trixie/main amd64 libk5crypto3 amd64 1.21.3-5+deb13u1 [81.2 kB]
#29 20.84 Get:5 http://deb.debian.org/debian trixie/main amd64 libkeyutils1 amd64 1.6.3-6 [9456 B]
#29 20.88 Get:6 http://deb.debian.org/debian trixie/main amd64 libkrb5-3 amd64 1.21.3-5+deb13u1 [326 kB]
#29 22.97 Get:7 http://deb.debian.org/debian trixie/main amd64 libgssapi-krb5-2 amd64 1.21.3-5+deb13u1 [138 kB]
#29 23.97 Get:8 http://deb.debian.org/debian trixie/main amd64 libunistring5 amd64 1.3-2 [477 kB]
#29 25.32 Get:9 http://deb.debian.org/debian trixie/main amd64 libidn2-0 amd64 2.3.8-2 [109 kB]
#29 25.59 Get:10 http://deb.debian.org/debian trixie/main amd64 libsasl2-modules-db amd64 2.1.28+dfsg1-9 [19.8 kB]
#29 25.67 Get:11 http://deb.debian.org/debian trixie/main amd64 libsasl2-2 amd64 2.1.28+dfsg1-9 [57.5 kB]
#29 25.76 Get:12 http://deb.debian.org/debian trixie/main amd64 libldap2 amd64 2.6.10+dfsg-1 [194 kB]
#29 ...

#30 [ai-yolo runtime 3/7] RUN apt-get update     && apt-get install -y --no-install-recommends curl     && rm -rf /var/lib/apt/lists/*     && addgroup --system appgroup     && adduser --system --ingroup appgroup --home /app appuser
#30 23.48 Get:22 http://deb.debian.org/debian trixie/main amd64 curl amd64 8.14.1-2+deb13u4 [270 kB]
#30 23.94 debconf: unable to initialize frontend: Dialog
#30 23.94 debconf: (TERM is not set, so the dialog frontend is not usable.)
#30 23.94 debconf: falling back to frontend: Readline
#30 23.94 debconf: unable to initialize frontend: Readline
#30 23.94 debconf: (Can't locate Term/ReadLine.pm in @INC (you may need to install the Term::ReadLine module) (@INC entries checked: /etc/perl /usr/local/lib/x86_64-linux-gnu/perl/5.40.1 /usr/local/share/perl/5.40.1 /usr/lib/x86_64-linux-gnu/perl5/5.40 /usr/share/perl5 /usr/lib/x86_64-linux-gnu/perl-base /usr/lib/x86_64-linux-gnu/perl/5.40 /usr/share/perl/5.40 /usr/local/lib/site_perl) at /usr/share/perl5/Debconf/FrontEnd/Readline.pm line 8, <STDIN> line 22.)
#30 23.94 debconf: falling back to frontend: Teletype
#30 23.95 debconf: unable to initialize frontend: Teletype
#30 23.95 debconf: (This frontend requires a controlling tty.)
#30 23.95 debconf: falling back to frontend: Noninteractive
#30 24.60 Fetched 4887 kB in 7s (747 kB/s)
#30 24.64 Selecting previously unselected package libbrotli1:amd64.
#30 24.64 (Reading database ... 
(Reading database ... 5%
(Reading database ... 10%
(Reading database ... 15%
(Reading database ... 20%
(Reading database ... 25%
(Reading database ... 30%
(Reading database ... 35%
(Reading database ... 40%
(Reading database ... 45%
(Reading database ... 50%
(Reading database ... 55%
(Reading database ... 60%
(Reading database ... 65%
(Reading database ... 70%
(Reading database ... 75%
(Reading database ... 80%
(Reading database ... 85%
(Reading database ... 90%
(Reading database ... 95%
(Reading database ... 100%
(Reading database ... 5645 files and directories currently installed.)
#30 24.66 Preparing to unpack .../00-libbrotli1_1.1.0-2+b7_amd64.deb ...
#30 24.67 Unpacking libbrotli1:amd64 (1.1.0-2+b7) ...
#30 24.73 Selecting previously unselected package libkrb5support0:amd64.
#30 24.73 Preparing to unpack .../01-libkrb5support0_1.21.3-5+deb13u1_amd64.deb ...
#30 24.73 Unpacking libkrb5support0:amd64 (1.21.3-5+deb13u1) ...
#30 24.77 Selecting previously unselected package libcom-err2:amd64.
#30 24.77 Preparing to unpack .../02-libcom-err2_1.47.2-3+b11_amd64.deb ...
#30 24.78 Unpacking libcom-err2:amd64 (1.47.2-3+b11) ...
#30 24.82 Selecting previously unselected package libk5crypto3:amd64.
#30 24.82 Preparing to unpack .../03-libk5crypto3_1.21.3-5+deb13u1_amd64.deb ...
#30 24.83 Unpacking libk5crypto3:amd64 (1.21.3-5+deb13u1) ...
#30 24.88 Selecting previously unselected package libkeyutils1:amd64.
#30 24.88 Preparing to unpack .../04-libkeyutils1_1.6.3-6_amd64.deb ...
#30 24.88 Unpacking libkeyutils1:amd64 (1.6.3-6) ...
#30 24.92 Selecting previously unselected package libkrb5-3:amd64.
#30 24.92 Preparing to unpack .../05-libkrb5-3_1.21.3-5+deb13u1_amd64.deb ...
#30 24.92 Unpacking libkrb5-3:amd64 (1.21.3-5+deb13u1) ...
#30 24.98 Selecting previously unselected package libgssapi-krb5-2:amd64.
#30 24.98 Preparing to unpack .../06-libgssapi-krb5-2_1.21.3-5+deb13u1_amd64.deb ...
#30 24.98 Unpacking libgssapi-krb5-2:amd64 (1.21.3-5+deb13u1) ...
#30 25.03 Selecting previously unselected package libunistring5:amd64.
#30 25.03 Preparing to unpack .../07-libunistring5_1.3-2_amd64.deb ...
#30 25.04 Unpacking libunistring5:amd64 (1.3-2) ...
#30 25.10 Selecting previously unselected package libidn2-0:amd64.
#30 25.10 Preparing to unpack .../08-libidn2-0_2.3.8-2_amd64.deb ...
#30 25.10 Unpacking libidn2-0:amd64 (2.3.8-2) ...
#30 25.14 Selecting previously unselected package libsasl2-modules-db:amd64.
#30 25.14 Preparing to unpack .../09-libsasl2-modules-db_2.1.28+dfsg1-9_amd64.deb ...
#30 25.14 Unpacking libsasl2-modules-db:amd64 (2.1.28+dfsg1-9) ...
#30 25.18 Selecting previously unselected package libsasl2-2:amd64.
#30 25.18 Preparing to unpack .../10-libsasl2-2_2.1.28+dfsg1-9_amd64.deb ...
#30 25.19 Unpacking libsasl2-2:amd64 (2.1.28+dfsg1-9) ...
#30 25.23 Selecting previously unselected package libldap2:amd64.
#30 25.23 Preparing to unpack .../11-libldap2_2.6.10+dfsg-1_amd64.deb ...
#30 25.23 Unpacking libldap2:amd64 (2.6.10+dfsg-1) ...
#30 25.27 Selecting previously unselected package libnghttp2-14:amd64.
#30 25.28 Preparing to unpack .../12-libnghttp2-14_1.64.0-1.1+deb13u1_amd64.deb ...
#30 25.28 Unpacking libnghttp2-14:amd64 (1.64.0-1.1+deb13u1) ...
#30 25.32 Selecting previously unselected package libnghttp3-9:amd64.
#30 25.33 Preparing to unpack .../13-libnghttp3-9_1.8.0-1_amd64.deb ...
#30 25.33 Unpacking libnghttp3-9:amd64 (1.8.0-1) ...
#30 25.37 Selecting previously unselected package libpsl5t64:amd64.
#30 25.37 Preparing to unpack .../14-libpsl5t64_0.21.2-1.1+b1_amd64.deb ...
#30 25.37 Unpacking libpsl5t64:amd64 (0.21.2-1.1+b1) ...
#30 25.42 Selecting previously unselected package libp11-kit0:amd64.
#30 25.42 Preparing to unpack .../15-libp11-kit0_0.25.5-3_amd64.deb ...
#30 25.42 Unpacking libp11-kit0:amd64 (0.25.5-3) ...
#30 25.48 Selecting previously unselected package libtasn1-6:amd64.
#30 25.48 Preparing to unpack .../16-libtasn1-6_4.20.0-2+deb13u1_amd64.deb ...
#30 25.48 Unpacking libtasn1-6:amd64 (4.20.0-2+deb13u1) ...
#30 25.52 Selecting previously unselected package libgnutls30t64:amd64.
#30 25.52 Preparing to unpack .../17-libgnutls30t64_3.8.9-3+deb13u4_amd64.deb ...
#30 25.53 Unpacking libgnutls30t64:amd64 (3.8.9-3+deb13u4) ...
#30 25.61 Selecting previously unselected package librtmp1:amd64.
#30 25.61 Preparing to unpack .../18-librtmp1_2.4+20151223.gitfa8646d.1-2+b5_amd64.deb ...
#30 25.62 Unpacking librtmp1:amd64 (2.4+20151223.gitfa8646d.1-2+b5) ...
#30 25.66 Selecting previously unselected package libssh2-1t64:amd64.
#30 25.66 Preparing to unpack .../19-libssh2-1t64_1.11.1-1+deb13u1_amd64.deb ...
#30 25.66 Unpacking libssh2-1t64:amd64 (1.11.1-1+deb13u1) ...
#30 25.71 Selecting previously unselected package libcurl4t64:amd64.
#30 25.72 Preparing to unpack .../20-libcurl4t64_8.14.1-2+deb13u4_amd64.deb ...
#30 25.72 Unpacking libcurl4t64:amd64 (8.14.1-2+deb13u4) ...
#30 25.77 Selecting previously unselected package curl.
#30 25.77 Preparing to unpack .../21-curl_8.14.1-2+deb13u4_amd64.deb ...
#30 25.78 Unpacking curl (8.14.1-2+deb13u4) ...
#30 25.83 Setting up libkeyutils1:amd64 (1.6.3-6) ...
#30 25.84 Setting up libbrotli1:amd64 (1.1.0-2+b7) ...
#30 25.86 Setting up libnghttp2-14:amd64 (1.64.0-1.1+deb13u1) ...
#30 25.88 Setting up libcom-err2:amd64 (1.47.2-3+b11) ...
#30 25.89 Setting up libkrb5support0:amd64 (1.21.3-5+deb13u1) ...
#30 25.92 Setting up libsasl2-modules-db:amd64 (2.1.28+dfsg1-9) ...
#30 25.93 Setting up libp11-kit0:amd64 (0.25.5-3) ...
#30 25.95 Setting up libunistring5:amd64 (1.3-2) ...
#30 25.96 Setting up libk5crypto3:amd64 (1.21.3-5+deb13u1) ...
#30 25.97 Setting up libsasl2-2:amd64 (2.1.28+dfsg1-9) ...
#30 25.99 Setting up libnghttp3-9:amd64 (1.8.0-1) ...
#30 26.00 Setting up libtasn1-6:amd64 (4.20.0-2+deb13u1) ...
#30 26.01 Setting up libkrb5-3:amd64 (1.21.3-5+deb13u1) ...
#30 26.03 Setting up libssh2-1t64:amd64 (1.11.1-1+deb13u1) ...
#30 26.05 Setting up libldap2:amd64 (2.6.10+dfsg-1) ...
#30 26.06 Setting up libidn2-0:amd64 (2.3.8-2) ...
#30 26.08 Setting up libgssapi-krb5-2:amd64 (1.21.3-5+deb13u1) ...
#30 26.09 Setting up libgnutls30t64:amd64 (3.8.9-3+deb13u4) ...
#30 26.11 Setting up libpsl5t64:amd64 (0.21.2-1.1+b1) ...
#30 26.12 Setting up librtmp1:amd64 (2.4+20151223.gitfa8646d.1-2+b5) ...
#30 26.14 Setting up libcurl4t64:amd64 (8.14.1-2+deb13u4) ...
#30 26.15 Setting up curl (8.14.1-2+deb13u4) ...
#30 26.17 Processing triggers for libc-bin (2.41-12+deb13u3) ...
#30 DONE 26.4s

#27 [vision-db 1/1] FROM docker.io/library/postgres:16-alpine@sha256:cf78e76683b9ca8c5733cbbdce6c9262b45b6767934dd0a95e671f9a0fc20685
#27 sha256:f0e7204f9584400d487e3d45cb430afd4cfb2e83bb70acbd34af2753d34d1f7a 7.34MB / 111.29MB 25.7s
#27 sha256:f0e7204f9584400d487e3d45cb430afd4cfb2e83bb70acbd34af2753d34d1f7a 12.58MB / 111.29MB 30.8s
#27 ...

#31 [ai-yolo builder 5/5] RUN /opt/venv/bin/pip install --no-cache-dir --upgrade pip     && /opt/venv/bin/pip install --no-cache-dir -r requirements.txt
#31 24.44 Collecting pillow==10.4.0 (from -r requirements.txt (line 10))
#31 24.59   Downloading pillow-10.4.0-cp311-cp311-manylinux_2_28_x86_64.whl.metadata (9.2 kB)
#31 24.86 Collecting starlette<0.42.0,>=0.40.0 (from fastapi==0.115.6->-r requirements.txt (line 3))
#31 25.03   Downloading starlette-0.41.3-py3-none-any.whl.metadata (6.0 kB)
#31 25.15 Collecting typing-extensions>=4.8.0 (from fastapi==0.115.6->-r requirements.txt (line 3))
#31 25.45   Downloading typing_extensions-4.16.0-py3-none-any.whl.metadata (3.3 kB)
#31 25.55 Collecting annotated-types>=0.6.0 (from pydantic==2.10.4->-r requirements.txt (line 5))
#31 25.76   Downloading annotated_types-0.8.0-py3-none-any.whl.metadata (15 kB)
#31 28.97 Collecting pydantic-core==2.27.2 (from pydantic==2.10.4->-r requirements.txt (line 5))
#31 29.34   Downloading pydantic_core-2.27.2-cp311-cp311-manylinux_2_17_x86_64.manylinux2014_x86_64.whl.metadata (6.6 kB)
#31 29.68 Collecting click>=7.0 (from uvicorn==0.34.0->uvicorn[standard]==0.34.0->-r requirements.txt (line 4))
#31 29.89   Downloading click-8.4.2-py3-none-any.whl.metadata (2.6 kB)
#31 30.04 Collecting h11>=0.8 (from uvicorn==0.34.0->uvicorn[standard]==0.34.0->-r requirements.txt (line 4))
#31 34.36   Downloading h11-0.16.0-py3-none-any.whl.metadata (8.3 kB)
#31 ...

#25 [ai-vision builder 5/5] RUN /opt/venv/bin/pip install --no-cache-dir --upgrade pip     && /opt/venv/bin/pip install --no-cache-dir -r requirements.txt
#25 24.64 Collecting pydantic-core==2.27.2 (from pydantic==2.10.4->-r requirements.txt (line 3))
#25 24.84   Downloading pydantic_core-2.27.2-cp311-cp311-manylinux_2_17_x86_64.manylinux2014_x86_64.whl.metadata (6.6 kB)
#25 25.03 Collecting click>=7.0 (from uvicorn==0.34.0->uvicorn[standard]==0.34.0->-r requirements.txt (line 2))
#25 25.12   Downloading click-8.4.2-py3-none-any.whl.metadata (2.6 kB)
#25 25.22 Collecting h11>=0.8 (from uvicorn==0.34.0->uvicorn[standard]==0.34.0->-r requirements.txt (line 2))
#25 25.44   Downloading h11-0.16.0-py3-none-any.whl.metadata (8.3 kB)
#25 25.60 Collecting anyio (from httpx==0.27.2->-r requirements.txt (line 4))
#25 25.75   Downloading anyio-4.14.2-py3-none-any.whl.metadata (4.6 kB)
#25 25.92 Collecting certifi (from httpx==0.27.2->-r requirements.txt (line 4))
#25 26.14   Downloading certifi-2026.7.22-py3-none-any.whl.metadata (2.5 kB)
#25 26.23 Collecting httpcore==1.* (from httpx==0.27.2->-r requirements.txt (line 4))
#25 26.34   Downloading httpcore-1.0.9-py3-none-any.whl.metadata (21 kB)
#25 26.77 Collecting idna (from httpx==0.27.2->-r requirements.txt (line 4))
#25 26.96   Downloading idna-3.19-py3-none-any.whl.metadata (9.2 kB)
#25 27.27 Collecting sniffio (from httpx==0.27.2->-r requirements.txt (line 4))
#25 27.49   Downloading sniffio-1.3.1-py3-none-any.whl.metadata (3.9 kB)
#25 27.71 Collecting httptools>=0.6.3 (from uvicorn[standard]==0.34.0->-r requirements.txt (line 2))
#25 27.97   Downloading httptools-0.8.0-cp311-cp311-manylinux1_x86_64.manylinux_2_28_x86_64.manylinux_2_5_x86_64.whl.metadata (3.5 kB)
#25 28.21 Collecting python-dotenv>=0.13 (from uvicorn[standard]==0.34.0->-r requirements.txt (line 2))
#25 28.47   Downloading python_dotenv-1.2.3-py3-none-any.whl.metadata (29 kB)
#25 28.68 Collecting pyyaml>=5.1 (from uvicorn[standard]==0.34.0->-r requirements.txt (line 2))
#25 28.79   Downloading pyyaml-6.0.3-cp311-cp311-manylinux2014_x86_64.manylinux_2_17_x86_64.manylinux_2_28_x86_64.whl.metadata (2.4 kB)
#25 28.93 Collecting uvloop!=0.15.0,!=0.15.1,>=0.14.0 (from uvicorn[standard]==0.34.0->-r requirements.txt (line 2))
#25 29.02   Downloading uvloop-0.22.1-cp311-cp311-manylinux2014_x86_64.manylinux_2_17_x86_64.manylinux_2_28_x86_64.whl.metadata (4.9 kB)
#25 29.38 Collecting watchfiles>=0.13 (from uvicorn[standard]==0.34.0->-r requirements.txt (line 2))
#25 29.51   Downloading watchfiles-1.2.0-cp311-cp311-manylinux_2_17_x86_64.manylinux2014_x86_64.whl.metadata (4.9 kB)
#25 29.86 Collecting websockets>=10.4 (from uvicorn[standard]==0.34.0->-r requirements.txt (line 2))
#25 30.02   Downloading websockets-17.0.1-cp311-cp311-manylinux1_x86_64.manylinux_2_28_x86_64.manylinux_2_5_x86_64.whl.metadata (6.3 kB)
#25 30.71 Downloading fastapi-0.115.6-py3-none-any.whl (94 kB)
#25 ...

#27 [vision-db 1/1] FROM docker.io/library/postgres:16-alpine@sha256:cf78e76683b9ca8c5733cbbdce6c9262b45b6767934dd0a95e671f9a0fc20685
#27 ...

#29 [ai-vision runtime 3/6] RUN apt-get update     && apt-get install -y --no-install-recommends curl     && rm -rf /var/lib/apt/lists/*     && addgroup --system appgroup     && adduser --system --ingroup appgroup --home /app appuser
#29 26.16 Get:13 http://deb.debian.org/debian trixie/main amd64 libnghttp2-14 amd64 1.64.0-1.1+deb13u1 [76.2 kB]
#29 26.36 Get:14 http://deb.debian.org/debian trixie/main amd64 libnghttp3-9 amd64 1.8.0-1 [67.7 kB]
#29 26.51 Get:15 http://deb.debian.org/debian trixie/main amd64 libpsl5t64 amd64 0.21.2-1.1+b1 [57.2 kB]
#29 26.70 Get:16 http://deb.debian.org/debian trixie/main amd64 libp11-kit0 amd64 0.25.5-3 [425 kB]
#29 29.10 Get:17 http://deb.debian.org/debian trixie/main amd64 libtasn1-6 amd64 4.20.0-2+deb13u1 [50.1 kB]
#29 29.25 Get:18 http://deb.debian.org/debian trixie/main amd64 libgnutls30t64 amd64 3.8.9-3+deb13u4 [1469 kB]
#29 36.25 Get:19 http://deb.debian.org/debian trixie/main amd64 librtmp1 amd64 2.4+20151223.gitfa8646d.1-2+b5 [58.8 kB]
#29 ...

#27 [vision-db 1/1] FROM docker.io/library/postgres:16-alpine@sha256:cf78e76683b9ca8c5733cbbdce6c9262b45b6767934dd0a95e671f9a0fc20685
#27 sha256:f0e7204f9584400d487e3d45cb430afd4cfb2e83bb70acbd34af2753d34d1f7a 18.87MB / 111.29MB 34.8s
#27 sha256:f0e7204f9584400d487e3d45cb430afd4cfb2e83bb70acbd34af2753d34d1f7a 25.17MB / 111.29MB 39.0s
#27 ...

#29 [ai-vision runtime 3/6] RUN apt-get update     && apt-get install -y --no-install-recommends curl     && rm -rf /var/lib/apt/lists/*     && addgroup --system appgroup     && adduser --system --ingroup appgroup --home /app appuser
#29 36.51 Get:20 http://deb.debian.org/debian trixie/main amd64 libssh2-1t64 amd64 1.11.1-1+deb13u1 [245 kB]
#29 37.36 Get:21 http://deb.debian.org/debian trixie/main amd64 libcurl4t64 amd64 8.14.1-2+deb13u4 [392 kB]
#29 38.56 Get:22 http://deb.debian.org/debian trixie/main amd64 curl amd64 8.14.1-2+deb13u4 [270 kB]
#29 39.35 debconf: unable to initialize frontend: Dialog
#29 39.35 debconf: (TERM is not set, so the dialog frontend is not usable.)
#29 39.35 debconf: falling back to frontend: Readline
#29 39.35 debconf: unable to initialize frontend: Readline
#29 39.35 debconf: (Can't locate Term/ReadLine.pm in @INC (you may need to install the Term::ReadLine module) (@INC entries checked: /etc/perl /usr/local/lib/x86_64-linux-gnu/perl/5.40.1 /usr/local/share/perl/5.40.1 /usr/lib/x86_64-linux-gnu/perl5/5.40 /usr/share/perl5 /usr/lib/x86_64-linux-gnu/perl-base /usr/lib/x86_64-linux-gnu/perl/5.40 /usr/share/perl/5.40 /usr/local/lib/site_perl) at /usr/share/perl5/Debconf/FrontEnd/Readline.pm line 8, <STDIN> line 22.)
#29 39.35 debconf: falling back to frontend: Teletype
#29 39.36 debconf: unable to initialize frontend: Teletype
#29 39.36 debconf: (This frontend requires a controlling tty.)
#29 39.36 debconf: falling back to frontend: Noninteractive
#29 40.00 Fetched 4887 kB in 21s (235 kB/s)
#29 40.03 Selecting previously unselected package libbrotli1:amd64.
#29 40.03 (Reading database ... 
(Reading database ... 5%
(Reading database ... 10%
(Reading database ... 15%
(Reading database ... 20%
(Reading database ... 25%
(Reading database ... 30%
(Reading database ... 35%
(Reading database ... 40%
(Reading database ... 45%
(Reading database ... 50%
(Reading database ... 55%
(Reading database ... 60%
(Reading database ... 65%
(Reading database ... 70%
(Reading database ... 75%
(Reading database ... 80%
(Reading database ... 85%
(Reading database ... 90%
(Reading database ... 95%
(Reading database ... 100%
(Reading database ... 5645 files and directories currently installed.)
#29 40.03 Preparing to unpack .../00-libbrotli1_1.1.0-2+b7_amd64.deb ...
#29 40.04 Unpacking libbrotli1:amd64 (1.1.0-2+b7) ...
#29 40.09 Selecting previously unselected package libkrb5support0:amd64.
#29 40.09 Preparing to unpack .../01-libkrb5support0_1.21.3-5+deb13u1_amd64.deb ...
#29 40.10 Unpacking libkrb5support0:amd64 (1.21.3-5+deb13u1) ...
#29 40.14 Selecting previously unselected package libcom-err2:amd64.
#29 40.14 Preparing to unpack .../02-libcom-err2_1.47.2-3+b11_amd64.deb ...
#29 40.14 Unpacking libcom-err2:amd64 (1.47.2-3+b11) ...
#29 40.18 Selecting previously unselected package libk5crypto3:amd64.
#29 40.18 Preparing to unpack .../03-libk5crypto3_1.21.3-5+deb13u1_amd64.deb ...
#29 40.19 Unpacking libk5crypto3:amd64 (1.21.3-5+deb13u1) ...
#29 40.23 Selecting previously unselected package libkeyutils1:amd64.
#29 40.23 Preparing to unpack .../04-libkeyutils1_1.6.3-6_amd64.deb ...
#29 40.23 Unpacking libkeyutils1:amd64 (1.6.3-6) ...
#29 40.27 Selecting previously unselected package libkrb5-3:amd64.
#29 40.27 Preparing to unpack .../05-libkrb5-3_1.21.3-5+deb13u1_amd64.deb ...
#29 40.28 Unpacking libkrb5-3:amd64 (1.21.3-5+deb13u1) ...
#29 40.33 Selecting previously unselected package libgssapi-krb5-2:amd64.
#29 40.33 Preparing to unpack .../06-libgssapi-krb5-2_1.21.3-5+deb13u1_amd64.deb ...
#29 40.34 Unpacking libgssapi-krb5-2:amd64 (1.21.3-5+deb13u1) ...
#29 40.38 Selecting previously unselected package libunistring5:amd64.
#29 40.38 Preparing to unpack .../07-libunistring5_1.3-2_amd64.deb ...
#29 40.39 Unpacking libunistring5:amd64 (1.3-2) ...
#29 40.45 Selecting previously unselected package libidn2-0:amd64.
#29 40.45 Preparing to unpack .../08-libidn2-0_2.3.8-2_amd64.deb ...
#29 40.45 Unpacking libidn2-0:amd64 (2.3.8-2) ...
#29 40.50 Selecting previously unselected package libsasl2-modules-db:amd64.
#29 40.50 Preparing to unpack .../09-libsasl2-modules-db_2.1.28+dfsg1-9_amd64.deb ...
#29 40.51 Unpacking libsasl2-modules-db:amd64 (2.1.28+dfsg1-9) ...
#29 40.54 Selecting previously unselected package libsasl2-2:amd64.
#29 40.54 Preparing to unpack .../10-libsasl2-2_2.1.28+dfsg1-9_amd64.deb ...
#29 40.55 Unpacking libsasl2-2:amd64 (2.1.28+dfsg1-9) ...
#29 40.58 Selecting previously unselected package libldap2:amd64.
#29 40.59 Preparing to unpack .../11-libldap2_2.6.10+dfsg-1_amd64.deb ...
#29 40.59 Unpacking libldap2:amd64 (2.6.10+dfsg-1) ...
#29 40.64 Selecting previously unselected package libnghttp2-14:amd64.
#29 40.64 Preparing to unpack .../12-libnghttp2-14_1.64.0-1.1+deb13u1_amd64.deb ...
#29 40.64 Unpacking libnghttp2-14:amd64 (1.64.0-1.1+deb13u1) ...
#29 40.68 Selecting previously unselected package libnghttp3-9:amd64.
#29 40.68 Preparing to unpack .../13-libnghttp3-9_1.8.0-1_amd64.deb ...
#29 40.68 Unpacking libnghttp3-9:amd64 (1.8.0-1) ...
#29 40.72 Selecting previously unselected package libpsl5t64:amd64.
#29 40.72 Preparing to unpack .../14-libpsl5t64_0.21.2-1.1+b1_amd64.deb ...
#29 40.73 Unpacking libpsl5t64:amd64 (0.21.2-1.1+b1) ...
#29 40.77 Selecting previously unselected package libp11-kit0:amd64.
#29 40.77 Preparing to unpack .../15-libp11-kit0_0.25.5-3_amd64.deb ...
#29 40.77 Unpacking libp11-kit0:amd64 (0.25.5-3) ...
#29 40.83 Selecting previously unselected package libtasn1-6:amd64.
#29 40.83 Preparing to unpack .../16-libtasn1-6_4.20.0-2+deb13u1_amd64.deb ...
#29 40.84 Unpacking libtasn1-6:amd64 (4.20.0-2+deb13u1) ...
#29 40.88 Selecting previously unselected package libgnutls30t64:amd64.
#29 40.88 Preparing to unpack .../17-libgnutls30t64_3.8.9-3+deb13u4_amd64.deb ...
#29 40.88 Unpacking libgnutls30t64:amd64 (3.8.9-3+deb13u4) ...
#29 40.96 Selecting previously unselected package librtmp1:amd64.
#29 40.96 Preparing to unpack .../18-librtmp1_2.4+20151223.gitfa8646d.1-2+b5_amd64.deb ...
#29 40.97 Unpacking librtmp1:amd64 (2.4+20151223.gitfa8646d.1-2+b5) ...
#29 41.01 Selecting previously unselected package libssh2-1t64:amd64.
#29 41.01 Preparing to unpack .../19-libssh2-1t64_1.11.1-1+deb13u1_amd64.deb ...
#29 41.01 Unpacking libssh2-1t64:amd64 (1.11.1-1+deb13u1) ...
#29 41.06 Selecting previously unselected package libcurl4t64:amd64.
#29 41.06 Preparing to unpack .../20-libcurl4t64_8.14.1-2+deb13u4_amd64.deb ...
#29 41.06 Unpacking libcurl4t64:amd64 (8.14.1-2+deb13u4) ...
#29 41.11 Selecting previously unselected package curl.
#29 41.11 Preparing to unpack .../21-curl_8.14.1-2+deb13u4_amd64.deb ...
#29 41.11 Unpacking curl (8.14.1-2+deb13u4) ...
#29 41.16 Setting up libkeyutils1:amd64 (1.6.3-6) ...
#29 41.17 Setting up libbrotli1:amd64 (1.1.0-2+b7) ...
#29 41.19 Setting up libnghttp2-14:amd64 (1.64.0-1.1+deb13u1) ...
#29 41.20 Setting up libcom-err2:amd64 (1.47.2-3+b11) ...
#29 41.21 Setting up libkrb5support0:amd64 (1.21.3-5+deb13u1) ...
#29 41.22 Setting up libsasl2-modules-db:amd64 (2.1.28+dfsg1-9) ...
#29 41.24 Setting up libp11-kit0:amd64 (0.25.5-3) ...
#29 41.25 Setting up libunistring5:amd64 (1.3-2) ...
#29 41.26 Setting up libk5crypto3:amd64 (1.21.3-5+deb13u1) ...
#29 41.27 Setting up libsasl2-2:amd64 (2.1.28+dfsg1-9) ...
#29 41.29 Setting up libnghttp3-9:amd64 (1.8.0-1) ...
#29 41.30 Setting up libtasn1-6:amd64 (4.20.0-2+deb13u1) ...
#29 41.31 Setting up libkrb5-3:amd64 (1.21.3-5+deb13u1) ...
#29 41.32 Setting up libssh2-1t64:amd64 (1.11.1-1+deb13u1) ...
#29 41.34 Setting up libldap2:amd64 (2.6.10+dfsg-1) ...
#29 41.35 Setting up libidn2-0:amd64 (2.3.8-2) ...
#29 41.36 Setting up libgssapi-krb5-2:amd64 (1.21.3-5+deb13u1) ...
#29 41.37 Setting up libgnutls30t64:amd64 (3.8.9-3+deb13u4) ...
#29 41.39 Setting up libpsl5t64:amd64 (0.21.2-1.1+b1) ...
#29 41.40 Setting up librtmp1:amd64 (2.4+20151223.gitfa8646d.1-2+b5) ...
#29 41.41 Setting up libcurl4t64:amd64 (8.14.1-2+deb13u4) ...
#29 41.43 Setting up curl (8.14.1-2+deb13u4) ...
#29 41.44 Processing triggers for libc-bin (2.41-12+deb13u3) ...
#29 DONE 41.6s

#31 [ai-yolo builder 5/5] RUN /opt/venv/bin/pip install --no-cache-dir --upgrade pip     && /opt/venv/bin/pip install --no-cache-dir -r requirements.txt
#31 35.36 Collecting anyio (from httpx==0.27.2->-r requirements.txt (line 6))
#31 ...

#27 [vision-db 1/1] FROM docker.io/library/postgres:16-alpine@sha256:cf78e76683b9ca8c5733cbbdce6c9262b45b6767934dd0a95e671f9a0fc20685
#27 sha256:f0e7204f9584400d487e3d45cb430afd4cfb2e83bb70acbd34af2753d34d1f7a 31.46MB / 111.29MB 42.7s
#27 sha256:f0e7204f9584400d487e3d45cb430afd4cfb2e83bb70acbd34af2753d34d1f7a 37.75MB / 111.29MB 46.8s
#27 ...

#31 [ai-yolo builder 5/5] RUN /opt/venv/bin/pip install --no-cache-dir --upgrade pip     && /opt/venv/bin/pip install --no-cache-dir -r requirements.txt
#31 50.38   WARNING: Retrying (Retry(total=4, connect=None, read=None, redirect=None, status=None)) after connection broken by 'ReadTimeoutError("HTTPSConnectionPool(host='files.pythonhosted.org', port=443): Read timed out. (read timeout=15)")': /packages/da/35/f2287558c17e29fafc8ef3daf819bb9834061cfa43bff8014f7df7f63bdc/anyio-4.14.2-py3-none-any.whl.metadata
#31 53.37   Downloading anyio-4.14.2-py3-none-any.whl.metadata (4.6 kB)
#31 ...

#27 [vision-db 1/1] FROM docker.io/library/postgres:16-alpine@sha256:cf78e76683b9ca8c5733cbbdce6c9262b45b6767934dd0a95e671f9a0fc20685
#27 sha256:f0e7204f9584400d487e3d45cb430afd4cfb2e83bb70acbd34af2753d34d1f7a 48.23MB / 111.29MB 54.3s
#27 ...

#25 [ai-vision builder 5/5] RUN /opt/venv/bin/pip install --no-cache-dir --upgrade pip     && /opt/venv/bin/pip install --no-cache-dir -r requirements.txt
#25 45.73 WARNING: Connection interrupted while downloading.
#25 45.73 WARNING: Attempting to resume incomplete download (0 bytes/94 kB, attempt 1)
#25 46.08 Downloading fastapi-0.115.6-py3-none-any.whl (94 kB)
#25 46.45 Downloading pydantic-2.10.4-py3-none-any.whl (431 kB)
#25 47.32 Downloading uvicorn-0.34.0-py3-none-any.whl (62 kB)
#25 47.69 Downloading httpx-0.27.2-py3-none-any.whl (76 kB)
#25 48.43 Downloading pydantic_core-2.27.2-cp311-cp311-manylinux_2_17_x86_64.manylinux2014_x86_64.whl (2.0 MB)
#25 ...

#27 [vision-db 1/1] FROM docker.io/library/postgres:16-alpine@sha256:cf78e76683b9ca8c5733cbbdce6c9262b45b6767934dd0a95e671f9a0fc20685
#27 sha256:f0e7204f9584400d487e3d45cb430afd4cfb2e83bb70acbd34af2753d34d1f7a 54.53MB / 111.29MB 58.0s
#27 sha256:f0e7204f9584400d487e3d45cb430afd4cfb2e83bb70acbd34af2753d34d1f7a 60.82MB / 111.29MB 62.4s
#27 ...

#31 [ai-yolo builder 5/5] RUN /opt/venv/bin/pip install --no-cache-dir --upgrade pip     && /opt/venv/bin/pip install --no-cache-dir -r requirements.txt
#31 57.91 Collecting certifi (from httpx==0.27.2->-r requirements.txt (line 6))
#31 58.74   Downloading certifi-2026.7.22-py3-none-any.whl.metadata (2.5 kB)
#31 ...

#27 [vision-db 1/1] FROM docker.io/library/postgres:16-alpine@sha256:cf78e76683b9ca8c5733cbbdce6c9262b45b6767934dd0a95e671f9a0fc20685
#27 sha256:f0e7204f9584400d487e3d45cb430afd4cfb2e83bb70acbd34af2753d34d1f7a 67.11MB / 111.29MB 66.6s
#27 sha256:f0e7204f9584400d487e3d45cb430afd4cfb2e83bb70acbd34af2753d34d1f7a 73.40MB / 111.29MB 70.6s
#27 ...

#31 [ai-yolo builder 5/5] RUN /opt/venv/bin/pip install --no-cache-dir --upgrade pip     && /opt/venv/bin/pip install --no-cache-dir -r requirements.txt
#31 75.42 Collecting httpcore==1.* (from httpx==0.27.2->-r requirements.txt (line 6))
#31 76.52   Downloading httpcore-1.0.9-py3-none-any.whl.metadata (21 kB)
#31 ...

#27 [vision-db 1/1] FROM docker.io/library/postgres:16-alpine@sha256:cf78e76683b9ca8c5733cbbdce6c9262b45b6767934dd0a95e671f9a0fc20685
#27 sha256:f0e7204f9584400d487e3d45cb430afd4cfb2e83bb70acbd34af2753d34d1f7a 83.89MB / 111.29MB 79.3s
#27 ...

#25 [ai-vision builder 5/5] RUN /opt/venv/bin/pip install --no-cache-dir --upgrade pip     && /opt/venv/bin/pip install --no-cache-dir -r requirements.txt
#25 72.90    ΓöüΓöüΓöüΓöüΓöüΓöüΓöüΓöüΓöüΓöüΓöüΓöüΓöüΓöüΓöüΓöüΓöüΓöüΓöüΓöüΓöüΓöüΓöüΓöüΓöüΓöüΓöüΓöüΓöüΓöüΓöüΓöüΓöüΓöüΓöüΓöüΓöüΓöüΓöüΓöü 2.0/2.0 MB 73.6 kB/s  0:00:24
#25 73.43 Downloading httpcore-1.0.9-py3-none-any.whl (78 kB)
#25 74.65 Downloading starlette-0.41.3-py3-none-any.whl (73 kB)
#25 77.04 Downloading anyio-4.14.2-py3-none-any.whl (125 kB)
#25 80.51 Downloading annotated_types-0.8.0-py3-none-any.whl (13 kB)
#25 80.80 Downloading click-8.4.2-py3-none-any.whl (119 kB)
#25 ...

#27 [vision-db 1/1] FROM docker.io/library/postgres:16-alpine@sha256:cf78e76683b9ca8c5733cbbdce6c9262b45b6767934dd0a95e671f9a0fc20685
#27 sha256:f0e7204f9584400d487e3d45cb430afd4cfb2e83bb70acbd34af2753d34d1f7a 90.18MB / 111.29MB 82.9s
#27 sha256:f0e7204f9584400d487e3d45cb430afd4cfb2e83bb70acbd34af2753d34d1f7a 96.47MB / 111.29MB 86.7s
#27 sha256:f0e7204f9584400d487e3d45cb430afd4cfb2e83bb70acbd34af2753d34d1f7a 102.76MB / 111.29MB 90.7s
#27 ...

#25 [ai-vision builder 5/5] RUN /opt/venv/bin/pip install --no-cache-dir --upgrade pip     && /opt/venv/bin/pip install --no-cache-dir -r requirements.txt
#25 83.08 Downloading h11-0.16.0-py3-none-any.whl (37 kB)
#25 83.54 Downloading httptools-0.8.0-cp311-cp311-manylinux1_x86_64.manylinux_2_28_x86_64.manylinux_2_5_x86_64.whl (464 kB)
#25 87.85 Downloading idna-3.19-py3-none-any.whl (68 kB)
#25 88.39 Downloading python_dotenv-1.2.3-py3-none-any.whl (22 kB)
#25 88.61 Downloading pyyaml-6.0.3-cp311-cp311-manylinux2014_x86_64.manylinux_2_17_x86_64.manylinux_2_28_x86_64.whl (806 kB)
#25 ...

#27 [vision-db 1/1] FROM docker.io/library/postgres:16-alpine@sha256:cf78e76683b9ca8c5733cbbdce6c9262b45b6767934dd0a95e671f9a0fc20685
#27 sha256:f0e7204f9584400d487e3d45cb430afd4cfb2e83bb70acbd34af2753d34d1f7a 109.05MB / 111.29MB 94.9s
#27 sha256:f0e7204f9584400d487e3d45cb430afd4cfb2e83bb70acbd34af2753d34d1f7a 111.29MB / 111.29MB 96.7s done
#27 DONE 97.1s

#31 [ai-yolo builder 5/5] RUN /opt/venv/bin/pip install --no-cache-dir --upgrade pip     && /opt/venv/bin/pip install --no-cache-dir -r requirements.txt
#31 97.60   WARNING: Connection interrupted while downloading.
#31 97.60   WARNING: Attempting to resume incomplete download (0 bytes/21 kB, attempt 1)
#31 98.11   Downloading httpcore-1.0.9-py3-none-any.whl.metadata (21 kB)
#31 99.28 Collecting idna (from httpx==0.27.2->-r requirements.txt (line 6))
#31 99.35   Downloading idna-3.19-py3-none-any.whl.metadata (9.2 kB)
#31 99.67 Collecting sniffio (from httpx==0.27.2->-r requirements.txt (line 6))
#31 99.75   Downloading sniffio-1.3.1-py3-none-any.whl.metadata (3.9 kB)
#31 ...

#28 [vision-db] exporting to image
#28 unpacking to docker.io/fit4110/vision-db:lab05 98.8s done
#28 DONE 98.9s

#32 [vision-db] resolving provenance for metadata file
#32 DONE 0.0s

#25 [ai-vision builder 5/5] RUN /opt/venv/bin/pip install --no-cache-dir --upgrade pip     && /opt/venv/bin/pip install --no-cache-dir -r requirements.txt
#25 94.77    ΓöüΓöüΓöüΓöüΓöüΓöüΓöüΓöüΓöüΓöüΓöüΓöüΓöüΓöüΓöüΓöüΓöüΓöüΓöüΓöüΓöüΓöüΓöüΓöüΓöüΓöüΓöüΓöüΓöüΓöüΓöüΓöüΓöüΓöüΓöüΓöüΓöüΓöüΓöüΓöü 806.6/806.6 kB 115.2 kB/s  0:00:06
#25 94.88 Downloading typing_extensions-4.16.0-py3-none-any.whl (45 kB)
#25 95.76 Downloading uvloop-0.22.1-cp311-cp311-manylinux2014_x86_64.manylinux_2_17_x86_64.manylinux_2_28_x86_64.whl (3.8 MB)
#25 ...

#31 [ai-yolo builder 5/5] RUN /opt/venv/bin/pip install --no-cache-dir --upgrade pip     && /opt/venv/bin/pip install --no-cache-dir -r requirements.txt
#31 107.3 Collecting matplotlib>=3.3.0 (from ultralytics==8.3.0->-r requirements.txt (line 7))
#31 107.4   Downloading matplotlib-3.11.1-cp311-cp311-manylinux2014_x86_64.manylinux_2_17_x86_64.whl.metadata (80 kB)
#31 109.5 Collecting opencv-python>=4.6.0 (from ultralytics==8.3.0->-r requirements.txt (line 7))
#31 109.6   Downloading opencv_python-5.0.0.93-cp37-abi3-manylinux_2_28_x86_64.whl.metadata (19 kB)
#31 110.5 Collecting pyyaml>=5.3.1 (from ultralytics==8.3.0->-r requirements.txt (line 7))
#31 110.6   Downloading pyyaml-6.0.3-cp311-cp311-manylinux2014_x86_64.manylinux_2_17_x86_64.manylinux_2_28_x86_64.whl.metadata (2.4 kB)
#31 111.1 Collecting requests>=2.23.0 (from ultralytics==8.3.0->-r requirements.txt (line 7))
#31 111.2   Downloading requests-2.34.2-py3-none-any.whl.metadata (4.8 kB)
#31 115.6 Collecting scipy>=1.4.1 (from ultralytics==8.3.0->-r requirements.txt (line 7))
#31 115.7   Downloading scipy-1.17.1-cp311-cp311-manylinux_2_27_x86_64.manylinux_2_28_x86_64.whl.metadata (62 kB)
#31 117.0 Collecting torchvision>=0.9.0 (from ultralytics==8.3.0->-r requirements.txt (line 7))
#31 117.1   Downloading torchvision-0.28.0-cp311-cp311-manylinux_2_28_x86_64.whl.metadata (5.6 kB)
#31 117.7 Collecting tqdm>=4.64.0 (from ultralytics==8.3.0->-r requirements.txt (line 7))
#31 117.8   Downloading tqdm-4.70.0-py3-none-any.whl.metadata (57 kB)
#31 119.6 Collecting psutil (from ultralytics==8.3.0->-r requirements.txt (line 7))
#31 119.7   Downloading psutil-7.2.2-cp36-abi3-manylinux2010_x86_64.manylinux_2_12_x86_64.manylinux_2_28_x86_64.whl.metadata (22 kB)
#31 120.0 Collecting py-cpuinfo (from ultralytics==8.3.0->-r requirements.txt (line 7))
#31 120.0   Downloading py_cpuinfo-9.0.0-py3-none-any.whl.metadata (794 bytes)
#31 122.4 Collecting pandas>=1.1.4 (from ultralytics==8.3.0->-r requirements.txt (line 7))
#31 122.4   Downloading pandas-3.0.5-cp311-cp311-manylinux_2_24_x86_64.manylinux_2_28_x86_64.whl.metadata (79 kB)
#31 122.8 Collecting seaborn>=0.11.0 (from ultralytics==8.3.0->-r requirements.txt (line 7))
#31 122.9   Downloading seaborn-0.13.2-py3-none-any.whl.metadata (5.4 kB)
#31 123.4 Collecting ultralytics-thop>=2.0.0 (from ultralytics==8.3.0->-r requirements.txt (line 7))
#31 123.5   Downloading ultralytics_thop-2.1.6-py3-none-any.whl.metadata (13 kB)
#31 123.9 Collecting filelock (from torch==2.3.1->-r requirements.txt (line 8))
#31 124.0   Downloading filelock-3.32.3-py3-none-any.whl.metadata (2.0 kB)
#31 124.3 Collecting sympy (from torch==2.3.1->-r requirements.txt (line 8))
#31 124.4   Downloading sympy-1.14.0-py3-none-any.whl.metadata (12 kB)
#31 124.8 Collecting networkx (from torch==2.3.1->-r requirements.txt (line 8))
#31 124.9   Downloading networkx-3.6.1-py3-none-any.whl.metadata (6.8 kB)
#31 125.4 Collecting jinja2 (from torch==2.3.1->-r requirements.txt (line 8))
#31 125.5   Downloading jinja2-3.1.6-py3-none-any.whl.metadata (2.9 kB)
#31 125.9 Collecting fsspec (from torch==2.3.1->-r requirements.txt (line 8))
#31 126.0   Downloading fsspec-2026.7.0-py3-none-any.whl.metadata (10 kB)
#31 126.3 Collecting nvidia-cuda-nvrtc-cu12==12.1.105 (from torch==2.3.1->-r requirements.txt (line 8))
#31 126.4   Downloading nvidia_cuda_nvrtc_cu12-12.1.105-py3-none-manylinux1_x86_64.whl.metadata (1.5 kB)
#31 126.6 Collecting nvidia-cuda-runtime-cu12==12.1.105 (from torch==2.3.1->-r requirements.txt (line 8))
#31 126.7   Downloading nvidia_cuda_runtime_cu12-12.1.105-py3-none-manylinux1_x86_64.whl.metadata (1.5 kB)
#31 127.0 Collecting nvidia-cuda-cupti-cu12==12.1.105 (from torch==2.3.1->-r requirements.txt (line 8))
#31 127.1   Downloading nvidia_cuda_cupti_cu12-12.1.105-py3-none-manylinux1_x86_64.whl.metadata (1.6 kB)
#31 127.5 Collecting nvidia-cudnn-cu12==8.9.2.26 (from torch==2.3.1->-r requirements.txt (line 8))
#31 127.5   Downloading nvidia_cudnn_cu12-8.9.2.26-py3-none-manylinux1_x86_64.whl.metadata (1.6 kB)
#31 127.8 Collecting nvidia-cublas-cu12==12.1.3.1 (from torch==2.3.1->-r requirements.txt (line 8))
#31 127.9   Downloading nvidia_cublas_cu12-12.1.3.1-py3-none-manylinux1_x86_64.whl.metadata (1.5 kB)
#31 128.3 Collecting nvidia-cufft-cu12==11.0.2.54 (from torch==2.3.1->-r requirements.txt (line 8))
#31 128.4   Downloading nvidia_cufft_cu12-11.0.2.54-py3-none-manylinux1_x86_64.whl.metadata (1.5 kB)
#31 128.6 Collecting nvidia-curand-cu12==10.3.2.106 (from torch==2.3.1->-r requirements.txt (line 8))
#31 128.7   Downloading nvidia_curand_cu12-10.3.2.106-py3-none-manylinux1_x86_64.whl.metadata (1.5 kB)
#31 129.0 Collecting nvidia-cusolver-cu12==11.4.5.107 (from torch==2.3.1->-r requirements.txt (line 8))
#31 129.1   Downloading nvidia_cusolver_cu12-11.4.5.107-py3-none-manylinux1_x86_64.whl.metadata (1.6 kB)
#31 129.4 Collecting nvidia-cusparse-cu12==12.1.0.106 (from torch==2.3.1->-r requirements.txt (line 8))
#31 129.5   Downloading nvidia_cusparse_cu12-12.1.0.106-py3-none-manylinux1_x86_64.whl.metadata (1.6 kB)
#31 129.8 Collecting nvidia-nccl-cu12==2.20.5 (from torch==2.3.1->-r requirements.txt (line 8))
#31 129.9   Downloading nvidia_nccl_cu12-2.20.5-py3-none-manylinux2014_x86_64.whl.metadata (1.8 kB)
#31 ...

#25 [ai-vision builder 5/5] RUN /opt/venv/bin/pip install --no-cache-dir --upgrade pip     && /opt/venv/bin/pip install --no-cache-dir -r requirements.txt
#25 129.8    ΓöüΓöüΓöüΓöüΓöüΓöüΓöüΓöüΓöüΓöüΓöüΓöüΓöüΓöüΓöüΓöüΓöüΓöüΓöüΓöüΓöüΓöüΓöüΓöüΓöüΓöüΓöüΓöüΓöüΓöüΓöüΓöüΓöüΓöüΓöüΓöüΓöüΓöüΓöüΓöü 3.8/3.8 MB 124.6 kB/s  0:00:34
#25 129.9 Downloading watchfiles-1.2.0-cp311-cp311-manylinux_2_17_x86_64.manylinux2014_x86_64.whl (456 kB)
#25 132.9 Downloading websockets-17.0.1-cp311-cp311-manylinux1_x86_64.manylinux_2_28_x86_64.manylinux_2_5_x86_64.whl (219 kB)
#25 134.5 Downloading certifi-2026.7.22-py3-none-any.whl (136 kB)
#25 135.4 Downloading sniffio-1.3.1-py3-none-any.whl (10 kB)
#25 135.5 Installing collected packages: websockets, uvloop, typing-extensions, sniffio, pyyaml, python-dotenv, idna, httptools, h11, click, certifi, annotated-types, uvicorn, pydantic-core, httpcore, anyio, watchfiles, starlette, pydantic, httpx, fastapi
#25 136.5 
#25 136.5 Successfully installed annotated-types-0.8.0 anyio-4.14.2 certifi-2026.7.22 click-8.4.2 fastapi-0.115.6 h11-0.16.0 httpcore-1.0.9 httptools-0.8.0 httpx-0.27.2 idna-3.19 pydantic-2.10.4 pydantic-core-2.27.2 python-dotenv-1.2.3 pyyaml-6.0.3 sniffio-1.3.1 starlette-0.41.3 typing-extensions-4.16.0 uvicorn-0.34.0 uvloop-0.22.1 watchfiles-1.2.0 websockets-17.0.1
#25 DONE 136.8s

#31 [ai-yolo builder 5/5] RUN /opt/venv/bin/pip install --no-cache-dir --upgrade pip     && /opt/venv/bin/pip install --no-cache-dir -r requirements.txt
#31 130.1 Collecting nvidia-nvtx-cu12==12.1.105 (from torch==2.3.1->-r requirements.txt (line 8))
#31 130.2   Downloading nvidia_nvtx_cu12-12.1.105-py3-none-manylinux1_x86_64.whl.metadata (1.7 kB)
#31 130.6 Collecting triton==2.3.1 (from torch==2.3.1->-r requirements.txt (line 8))
#31 130.7   Downloading triton-2.3.1-cp311-cp311-manylinux_2_17_x86_64.manylinux2014_x86_64.whl.metadata (1.4 kB)
#31 131.0 Collecting nvidia-nvjitlink-cu12 (from nvidia-cusolver-cu12==11.4.5.107->torch==2.3.1->-r requirements.txt (line 8))
#31 131.0   Downloading nvidia_nvjitlink_cu12-12.9.86-py3-none-manylinux2010_x86_64.manylinux_2_12_x86_64.whl.metadata (1.7 kB)
#31 131.8 Collecting httptools>=0.6.3 (from uvicorn[standard]==0.34.0->-r requirements.txt (line 4))
#31 131.8   Downloading httptools-0.8.0-cp311-cp311-manylinux1_x86_64.manylinux_2_28_x86_64.manylinux_2_5_x86_64.whl.metadata (3.5 kB)
#31 132.1 Collecting python-dotenv>=0.13 (from uvicorn[standard]==0.34.0->-r requirements.txt (line 4))
#31 132.2   Downloading python_dotenv-1.2.3-py3-none-any.whl.metadata (29 kB)
#31 133.0 Collecting uvloop!=0.15.0,!=0.15.1,>=0.14.0 (from uvicorn[standard]==0.34.0->-r requirements.txt (line 4))
#31 133.1   Downloading uvloop-0.22.1-cp311-cp311-manylinux2014_x86_64.manylinux_2_17_x86_64.manylinux_2_28_x86_64.whl.metadata (4.9 kB)
#31 134.6 Collecting watchfiles>=0.13 (from uvicorn[standard]==0.34.0->-r requirements.txt (line 4))
#31 134.7   Downloading watchfiles-1.2.0-cp311-cp311-manylinux_2_17_x86_64.manylinux2014_x86_64.whl.metadata (4.9 kB)
#31 136.6 Collecting websockets>=10.4 (from uvicorn[standard]==0.34.0->-r requirements.txt (line 4))
#31 136.7   Downloading websockets-17.0.1-cp311-cp311-manylinux1_x86_64.manylinux_2_28_x86_64.manylinux_2_5_x86_64.whl.metadata (6.3 kB)
#31 ...

#33 [ai-vision runtime 4/6] COPY --from=builder /opt/venv /opt/venv
#33 DONE 0.3s

#31 [ai-yolo builder 5/5] RUN /opt/venv/bin/pip install --no-cache-dir --upgrade pip     && /opt/venv/bin/pip install --no-cache-dir -r requirements.txt
#31 ...

#34 [ai-vision runtime 5/6] COPY src/ ./src/
#34 DONE 0.1s

#35 [ai-vision runtime 6/6] RUN mkdir -p /data && chown -R appuser:appgroup /app /data
#35 DONE 0.3s

#31 [ai-yolo builder 5/5] RUN /opt/venv/bin/pip install --no-cache-dir --upgrade pip     && /opt/venv/bin/pip install --no-cache-dir -r requirements.txt
#31 ...

#36 [ai-vision] exporting to image
#36 exporting layers
#36 exporting layers 2.0s done
#36 exporting manifest sha256:84f9d1c121b79b21caef529cc993648c78e84095e6a4d4666cfcc83765c9aac9 0.0s done
#36 exporting config sha256:c897de2d35b9d5896d970c51d4aa79481203998fd4f599c1198e213afd13a5aa 0.0s done
#36 exporting attestation manifest sha256:9ad11d2f20c349138b579a18e69e863fdec437e97efe81586b1429961792d867 0.0s done
#36 exporting manifest list sha256:72b50f93712ed9821048e3cba3f585589d19f616d720d716211e611a9db9f333 0.0s done
#36 naming to docker.io/fit4110/ai-vision:lab05 done
#36 unpacking to docker.io/fit4110/ai-vision:lab05
#36 unpacking to docker.io/fit4110/ai-vision:lab05 0.8s done
#36 DONE 2.9s

#37 [ai-vision] resolving provenance for metadata file
#37 DONE 0.0s

#31 [ai-yolo builder 5/5] RUN /opt/venv/bin/pip install --no-cache-dir --upgrade pip     && /opt/venv/bin/pip install --no-cache-dir -r requirements.txt
#31 138.7 Collecting contourpy>=1.0.1 (from matplotlib>=3.3.0->ultralytics==8.3.0->-r requirements.txt (line 7))
#31 138.8   Downloading contourpy-1.3.3-cp311-cp311-manylinux_2_27_x86_64.manylinux_2_28_x86_64.whl.metadata (5.5 kB)
#31 139.1 Collecting cycler>=0.10 (from matplotlib>=3.3.0->ultralytics==8.3.0->-r requirements.txt (line 7))
#31 139.2   Downloading cycler-0.12.1-py3-none-any.whl.metadata (3.8 kB)
#31 142.5 Collecting fonttools>=4.28.2 (from matplotlib>=3.3.0->ultralytics==8.3.0->-r requirements.txt (line 7))
#31 142.6   Downloading fonttools-4.63.0-cp311-cp311-manylinux2014_x86_64.manylinux_2_17_x86_64.whl.metadata (118 kB)
#31 143.7 Collecting kiwisolver>=1.3.1 (from matplotlib>=3.3.0->ultralytics==8.3.0->-r requirements.txt (line 7))
#31 143.8   Downloading kiwisolver-1.5.0-cp311-cp311-manylinux2014_x86_64.manylinux_2_17_x86_64.whl.metadata (5.1 kB)
#31 144.0 Collecting packaging>=20.0 (from matplotlib>=3.3.0->ultralytics==8.3.0->-r requirements.txt (line 7))
#31 144.1   Downloading packaging-26.3-py3-none-any.whl.metadata (3.5 kB)
#31 144.5 Collecting pyparsing>=3 (from matplotlib>=3.3.0->ultralytics==8.3.0->-r requirements.txt (line 7))
#31 144.5   Downloading pyparsing-3.3.2-py3-none-any.whl.metadata (5.8 kB)
#31 144.8 Collecting python-dateutil>=2.7 (from matplotlib>=3.3.0->ultralytics==8.3.0->-r requirements.txt (line 7))
#31 144.9   Downloading python_dateutil-2.9.0.post0-py2.py3-none-any.whl.metadata (8.4 kB)
#31 144.9 INFO: pip is looking at multiple versions of opencv-python to determine which version is compatible with other requirements. This could take a while.
#31 144.9 Collecting opencv-python>=4.6.0 (from ultralytics==8.3.0->-r requirements.txt (line 7))
#31 145.0   Downloading opencv_python-4.14.0.94-cp37-abi3-manylinux_2_28_x86_64.whl.metadata (19 kB)
#31 145.1   Downloading opencv_python-4.13.0.92-cp37-abi3-manylinux_2_28_x86_64.whl.metadata (19 kB)
#31 145.2   Downloading opencv_python-4.13.0.90-cp37-abi3-manylinux_2_28_x86_64.whl.metadata (19 kB)
#31 145.3   Downloading opencv_python-4.12.0.88-cp37-abi3-manylinux2014_x86_64.manylinux_2_17_x86_64.whl.metadata (19 kB)
#31 145.4   Downloading opencv_python-4.11.0.86-cp37-abi3-manylinux_2_17_x86_64.manylinux2014_x86_64.whl.metadata (20 kB)
#31 145.7 Collecting six>=1.5 (from python-dateutil>=2.7->matplotlib>=3.3.0->ultralytics==8.3.0->-r requirements.txt (line 7))
#31 145.8   Downloading six-1.17.0-py2.py3-none-any.whl.metadata (1.7 kB)
#31 147.5 Collecting charset_normalizer<4,>=2 (from requests>=2.23.0->ultralytics==8.3.0->-r requirements.txt (line 7))
#31 147.6   Downloading charset_normalizer-3.5.1-cp311-cp311-manylinux2014_x86_64.manylinux_2_17_x86_64.manylinux_2_28_x86_64.whl.metadata (45 kB)
#31 148.6 Collecting urllib3<3,>=1.26 (from requests>=2.23.0->ultralytics==8.3.0->-r requirements.txt (line 7))
#31 148.7   Downloading urllib3-2.7.0-py3-none-any.whl.metadata (6.9 kB)
#31 148.7 INFO: pip is looking at multiple versions of torchvision to determine which version is compatible with other requirements. This could take a while.
#31 148.7 Collecting torchvision>=0.9.0 (from ultralytics==8.3.0->-r requirements.txt (line 7))
#31 148.8   Downloading torchvision-0.27.1-cp311-cp311-manylinux_2_28_x86_64.whl.metadata (5.5 kB)
#31 148.9   Downloading torchvision-0.27.0-cp311-cp311-manylinux_2_28_x86_64.whl.metadata (5.5 kB)
#31 149.0   Downloading torchvision-0.26.0-cp311-cp311-manylinux_2_28_x86_64.whl.metadata (5.5 kB)
#31 149.1   Downloading torchvision-0.25.0-cp311-cp311-manylinux_2_28_x86_64.whl.metadata (5.4 kB)
#31 149.2   Downloading torchvision-0.24.1-cp311-cp311-manylinux_2_28_x86_64.whl.metadata (5.9 kB)
#31 149.3   Downloading torchvision-0.24.0-cp311-cp311-manylinux_2_28_x86_64.whl.metadata (5.9 kB)
#31 149.4   Downloading torchvision-0.23.0-cp311-cp311-manylinux_2_28_x86_64.whl.metadata (6.1 kB)
#31 149.4 INFO: pip is still looking at multiple versions of torchvision to determine which version is compatible with other requirements. This could take a while.
#31 149.5   Downloading torchvision-0.22.1-cp311-cp311-manylinux_2_28_x86_64.whl.metadata (6.1 kB)
#31 149.6   Downloading torchvision-0.22.0-cp311-cp311-manylinux_2_28_x86_64.whl.metadata (6.1 kB)
#31 149.7   Downloading torchvision-0.21.0-cp311-cp311-manylinux1_x86_64.whl.metadata (6.1 kB)
#31 149.8   Downloading torchvision-0.20.1-cp311-cp311-manylinux1_x86_64.whl.metadata (6.1 kB)
#31 149.9   Downloading torchvision-0.20.0-cp311-cp311-manylinux1_x86_64.whl.metadata (6.1 kB)
#31 149.9 INFO: This is taking longer than usual. You might need to provide the dependency resolver with stricter constraints to reduce runtime. See https://pip.pypa.io/warnings/backtracking for guidance. If you want to abort this run, press Ctrl + C.
#31 150.0   Downloading torchvision-0.19.1-cp311-cp311-manylinux1_x86_64.whl.metadata (6.0 kB)
#31 150.1   Downloading torchvision-0.19.0-cp311-cp311-manylinux1_x86_64.whl.metadata (6.0 kB)
#31 150.2   Downloading torchvision-0.18.1-cp311-cp311-manylinux1_x86_64.whl.metadata (6.6 kB)
#31 155.2 Collecting MarkupSafe>=2.0 (from jinja2->torch==2.3.1->-r requirements.txt (line 8))
#31 155.3   Downloading markupsafe-3.0.3-cp311-cp311-manylinux2014_x86_64.manylinux_2_17_x86_64.manylinux_2_28_x86_64.whl.metadata (2.7 kB)
#31 155.7 Collecting mpmath<1.4,>=1.1.0 (from sympy->torch==2.3.1->-r requirements.txt (line 8))
#31 155.7   Downloading mpmath-1.3.0-py3-none-any.whl.metadata (8.6 kB)
#31 155.9 Downloading fastapi-0.115.6-py3-none-any.whl (94 kB)
#31 156.1 Downloading pydantic-2.10.4-py3-none-any.whl (431 kB)
#31 156.9 Downloading uvicorn-0.34.0-py3-none-any.whl (62 kB)
#31 157.0 Downloading httpx-0.27.2-py3-none-any.whl (76 kB)
#31 157.3 Downloading ultralytics-8.3.0-py3-none-any.whl (881 kB)
#31 159.3    ΓöüΓöüΓöüΓöüΓöüΓöüΓöüΓöüΓöüΓöüΓöüΓöüΓöüΓöüΓöüΓöüΓöüΓöüΓöüΓöüΓöüΓöüΓöüΓöüΓöüΓöüΓöüΓöüΓöüΓöüΓöüΓöüΓöüΓöüΓöüΓöüΓöüΓöüΓöüΓöü 881.3/881.3 kB 425.2 kB/s  0:00:02
#31 159.4 Downloading numpy-1.26.4-cp311-cp311-manylinux_2_17_x86_64.manylinux2014_x86_64.whl (18.3 MB)
#31 204.9    ΓöüΓöüΓöüΓöüΓöüΓöüΓöüΓöüΓöüΓöüΓöüΓöüΓöüΓöüΓöüΓöüΓöüΓöüΓöüΓöüΓöüΓöüΓöüΓöüΓöüΓöüΓöüΓöüΓöüΓöüΓöüΓöüΓöüΓöüΓöüΓöüΓöüΓöüΓöüΓöü 18.3/18.3 MB 381.7 kB/s  0:00:45
#31 205.0 Downloading torch-2.3.1-cp311-cp311-manylinux1_x86_64.whl (779.2 MB)
