 Image fit4110/ai-yolo:lab05 Building 
#1 [internal] load local bake definitions
#1 reading from stdin 633B 0.0s done
#1 DONE 0.0s

#2 [internal] load build definition from Dockerfile.yolo
#2 transferring dockerfile: 2.31kB 0.0s done
#2 DONE 0.1s

#3 resolve image config for docker-image://docker.io/docker/dockerfile:1.7
#3 ...

#4 [auth] docker/dockerfile:pull token for registry-1.docker.io
#4 DONE 0.0s

#3 resolve image config for docker-image://docker.io/docker/dockerfile:1.7
#3 DONE 2.1s

#5 docker-image://docker.io/docker/dockerfile:1.7@sha256:a57df69d0ea827fb7266491f2813635de6f17269be881f696fbfdf2d83dda33e
#5 resolve docker.io/docker/dockerfile:1.7@sha256:a57df69d0ea827fb7266491f2813635de6f17269be881f696fbfdf2d83dda33e 0.0s done
#5 CACHED

#6 [internal] load metadata for docker.io/library/python:3.11-slim
#6 ...

#7 [auth] library/python:pull token for registry-1.docker.io
#7 DONE 0.0s

#6 [internal] load metadata for docker.io/library/python:3.11-slim
#6 DONE 1.3s

#8 [internal] load .dockerignore
#8 transferring context: 255B done
#8 DONE 0.0s

#9 [internal] load build context
#9 DONE 0.0s

#10 [builder 1/6] FROM docker.io/library/python:3.11-slim@sha256:9c900dea9e8fb7e16277c179b555cc72d29a352dbc33cff48ad5a0412fd5bfc7
#10 resolve docker.io/library/python:3.11-slim@sha256:9c900dea9e8fb7e16277c179b555cc72d29a352dbc33cff48ad5a0412fd5bfc7 0.0s done
#10 DONE 0.0s

#11 [runtime 2/8] WORKDIR /app
#11 CACHED

#12 [builder 2/6] WORKDIR /build
#12 CACHED

#9 [internal] load build context
#9 transferring context: 435B done
#9 DONE 0.0s

#13 [builder 3/6] RUN python -m venv /opt/venv
#13 DONE 5.0s

#14 [runtime 3/8] RUN apt-get update     && apt-get install -y --no-install-recommends curl     && rm -rf /var/lib/apt/lists/*     && addgroup --system appgroup     && adduser --system --ingroup appgroup --home /app appuser
#14 0.652 Hit:1 http://deb.debian.org/debian trixie InRelease
#14 0.681 Get:2 http://deb.debian.org/debian trixie-updates InRelease [47.3 kB]
#14 0.812 Get:3 http://deb.debian.org/debian-security trixie-security InRelease [43.4 kB]
#14 0.863 Get:4 http://deb.debian.org/debian trixie/main amd64 Packages [9673 kB]
#14 ...

#15 [builder 4/6] COPY requirements-yolo.txt ./requirements.txt
#15 DONE 0.1s

#16 [builder 5/6] RUN /opt/venv/bin/pip install --no-cache-dir --upgrade pip     && /opt/venv/bin/pip install --no-cache-dir -r requirements.txt
#16 1.053 Looking in indexes: https://pypi.org/simple, https://download.pytorch.org/whl/cpu
#16 1.054 Requirement already satisfied: pip in /opt/venv/lib/python3.11/site-packages (24.0)
#16 3.751 Collecting pip
#16 4.210   Downloading pip-26.2.1-py3-none-any.whl.metadata (4.6 kB)
#16 4.350 Downloading pip-26.2.1-py3-none-any.whl (1.8 MB)
#16 ...

#14 [runtime 3/8] RUN apt-get update     && apt-get install -y --no-install-recommends curl     && rm -rf /var/lib/apt/lists/*     && addgroup --system appgroup     && adduser --system --ingroup appgroup --home /app appuser
#14 13.96 Get:5 http://deb.debian.org/debian trixie-updates/main amd64 Packages [4412 B]
#14 14.01 Get:6 http://deb.debian.org/debian-security trixie-security/main amd64 Packages [247 kB]
#14 14.76 Fetched 10.0 MB in 14s (700 kB/s)
#14 14.76 Reading package lists...
#14 15.76 Reading package lists...
#14 16.82 Building dependency tree...
#14 17.08 Reading state information...
#14 17.46 The following additional packages will be installed:
#14 17.46   libbrotli1 libcom-err2 libcurl4t64 libgnutls30t64 libgssapi-krb5-2 libidn2-0
#14 17.46   libk5crypto3 libkeyutils1 libkrb5-3 libkrb5support0 libldap2 libnghttp2-14
#14 17.46   libnghttp3-9 libp11-kit0 libpsl5t64 librtmp1 libsasl2-2 libsasl2-modules-db
#14 17.47   libssh2-1t64 libtasn1-6 libunistring5
#14 17.47 Suggested packages:
#14 17.47   gnutls-bin krb5-doc krb5-user
#14 17.47 Recommended packages:
#14 17.47   bash-completion krb5-locales libldap-common publicsuffix libsasl2-modules
#14 17.67 The following NEW packages will be installed:
#14 17.67   curl libbrotli1 libcom-err2 libcurl4t64 libgnutls30t64 libgssapi-krb5-2
#14 17.67   libidn2-0 libk5crypto3 libkeyutils1 libkrb5-3 libkrb5support0 libldap2
#14 17.67   libnghttp2-14 libnghttp3-9 libp11-kit0 libpsl5t64 librtmp1 libsasl2-2
#14 17.67   libsasl2-modules-db libssh2-1t64 libtasn1-6 libunistring5
#14 17.95 0 upgraded, 22 newly installed, 0 to remove and 9 not upgraded.
#14 17.95 Need to get 4887 kB of archives.
#14 17.95 After this operation, 14.7 MB of additional disk space will be used.
#14 17.95 Get:1 http://deb.debian.org/debian trixie/main amd64 libbrotli1 amd64 1.1.0-2+b7 [307 kB]
#14 18.23 Get:2 http://deb.debian.org/debian trixie/main amd64 libkrb5support0 amd64 1.21.3-5+deb13u1 [33.1 kB]
#14 18.25 Get:3 http://deb.debian.org/debian trixie/main amd64 libcom-err2 amd64 1.47.2-3+b11 [25.0 kB]
#14 18.27 Get:4 http://deb.debian.org/debian trixie/main amd64 libk5crypto3 amd64 1.21.3-5+deb13u1 [81.2 kB]
#14 18.36 Get:5 http://deb.debian.org/debian trixie/main amd64 libkeyutils1 amd64 1.6.3-6 [9456 B]
#14 18.36 Get:6 http://deb.debian.org/debian trixie/main amd64 libkrb5-3 amd64 1.21.3-5+deb13u1 [326 kB]
#14 18.56 Get:7 http://deb.debian.org/debian trixie/main amd64 libgssapi-krb5-2 amd64 1.21.3-5+deb13u1 [138 kB]
#14 18.61 Get:8 http://deb.debian.org/debian trixie/main amd64 libunistring5 amd64 1.3-2 [477 kB]
#14 18.87 Get:9 http://deb.debian.org/debian trixie/main amd64 libidn2-0 amd64 2.3.8-2 [109 kB]
#14 18.97 Get:10 http://deb.debian.org/debian trixie/main amd64 libsasl2-modules-db amd64 2.1.28+dfsg1-9 [19.8 kB]
#14 18.97 Get:11 http://deb.debian.org/debian trixie/main amd64 libsasl2-2 amd64 2.1.28+dfsg1-9 [57.5 kB]
#14 18.98 Get:12 http://deb.debian.org/debian trixie/main amd64 libldap2 amd64 2.6.10+dfsg-1 [194 kB]
#14 19.09 Get:13 http://deb.debian.org/debian trixie/main amd64 libnghttp2-14 amd64 1.64.0-1.1+deb13u1 [76.2 kB]
#14 19.17 Get:14 http://deb.debian.org/debian trixie/main amd64 libnghttp3-9 amd64 1.8.0-1 [67.7 kB]
#14 19.18 Get:15 http://deb.debian.org/debian trixie/main amd64 libpsl5t64 amd64 0.21.2-1.1+b1 [57.2 kB]
#14 19.20 Get:16 http://deb.debian.org/debian trixie/main amd64 libp11-kit0 amd64 0.25.5-3 [425 kB]
#14 19.44 Get:17 http://deb.debian.org/debian trixie/main amd64 libtasn1-6 amd64 4.20.0-2+deb13u1 [50.1 kB]
#14 19.49 Get:18 http://deb.debian.org/debian trixie/main amd64 libgnutls30t64 amd64 3.8.9-3+deb13u4 [1469 kB]
#14 20.32 Get:19 http://deb.debian.org/debian trixie/main amd64 librtmp1 amd64 2.4+20151223.gitfa8646d.1-2+b5 [58.8 kB]
#14 20.35 Get:20 http://deb.debian.org/debian trixie/main amd64 libssh2-1t64 amd64 1.11.1-1+deb13u1 [245 kB]
#14 20.50 Get:21 http://deb.debian.org/debian trixie/main amd64 libcurl4t64 amd64 8.14.1-2+deb13u4 [392 kB]
#14 20.72 Get:22 http://deb.debian.org/debian trixie/main amd64 curl amd64 8.14.1-2+deb13u4 [270 kB]
#14 21.06 debconf: unable to initialize frontend: Dialog
#14 21.06 debconf: (TERM is not set, so the dialog frontend is not usable.)
#14 21.06 debconf: falling back to frontend: Readline
#14 21.06 debconf: unable to initialize frontend: Readline
#14 21.06 debconf: (Can't locate Term/ReadLine.pm in @INC (you may need to install the Term::ReadLine module) (@INC entries checked: /etc/perl /usr/local/lib/x86_64-linux-gnu/perl/5.40.1 /usr/local/share/perl/5.40.1 /usr/lib/x86_64-linux-gnu/perl5/5.40 /usr/share/perl5 /usr/lib/x86_64-linux-gnu/perl-base /usr/lib/x86_64-linux-gnu/perl/5.40 /usr/share/perl/5.40 /usr/local/lib/site_perl) at /usr/share/perl5/Debconf/FrontEnd/Readline.pm line 8, <STDIN> line 22.)
#14 21.06 debconf: falling back to frontend: Teletype
#14 21.06 debconf: unable to initialize frontend: Teletype
#14 21.06 debconf: (This frontend requires a controlling tty.)
#14 21.06 debconf: falling back to frontend: Noninteractive
#14 21.97 Fetched 4887 kB in 3s (1558 kB/s)
#14 22.01 Selecting previously unselected package libbrotli1:amd64.
#14 22.01 (Reading database ... 
(Reading database ... 5%
(Reading database ... 10%
(Reading database ... 15%
(Reading database ... 20%
(Reading database ... 25%
(Reading database ... 30%
(Reading database ... 35%
(Reading database ... 40%
(Reading database ... 45%
(Reading database ... 50%
(Reading database ... 55%
(Reading database ... 60%
(Reading database ... 65%
(Reading database ... 70%
(Reading database ... 75%
(Reading database ... 80%
(Reading database ... 85%
(Reading database ... 90%
(Reading database ... 95%
(Reading database ... 100%
(Reading database ... 5645 files and directories currently installed.)
#14 22.04 Preparing to unpack .../00-libbrotli1_1.1.0-2+b7_amd64.deb ...
#14 22.06 Unpacking libbrotli1:amd64 (1.1.0-2+b7) ...
#14 22.12 Selecting previously unselected package libkrb5support0:amd64.
#14 22.12 Preparing to unpack .../01-libkrb5support0_1.21.3-5+deb13u1_amd64.deb ...
#14 22.13 Unpacking libkrb5support0:amd64 (1.21.3-5+deb13u1) ...
#14 22.17 Selecting previously unselected package libcom-err2:amd64.
#14 22.17 Preparing to unpack .../02-libcom-err2_1.47.2-3+b11_amd64.deb ...
#14 22.18 Unpacking libcom-err2:amd64 (1.47.2-3+b11) ...
#14 22.22 Selecting previously unselected package libk5crypto3:amd64.
#14 22.22 Preparing to unpack .../03-libk5crypto3_1.21.3-5+deb13u1_amd64.deb ...
#14 22.22 Unpacking libk5crypto3:amd64 (1.21.3-5+deb13u1) ...
#14 22.27 Selecting previously unselected package libkeyutils1:amd64.
#14 22.27 Preparing to unpack .../04-libkeyutils1_1.6.3-6_amd64.deb ...
#14 22.27 Unpacking libkeyutils1:amd64 (1.6.3-6) ...
#14 22.31 Selecting previously unselected package libkrb5-3:amd64.
#14 22.31 Preparing to unpack .../05-libkrb5-3_1.21.3-5+deb13u1_amd64.deb ...
#14 22.32 Unpacking libkrb5-3:amd64 (1.21.3-5+deb13u1) ...
#14 ...

#16 [builder 5/6] RUN /opt/venv/bin/pip install --no-cache-dir --upgrade pip     && /opt/venv/bin/pip install --no-cache-dir -r requirements.txt
#16 17.23    ΓöüΓöüΓöüΓöüΓöüΓöüΓöüΓöüΓöüΓöüΓöüΓöüΓöüΓöüΓöüΓöüΓöüΓöüΓöüΓöüΓöüΓöüΓöüΓöüΓöüΓöüΓöüΓöüΓöüΓöüΓöüΓöüΓöüΓöüΓöüΓöüΓöüΓöüΓöüΓöü 1.8/1.8 MB 140.4 kB/s eta 0:00:00
#16 17.28 Installing collected packages: pip
#16 17.28   Attempting uninstall: pip
#16 17.29     Found existing installation: pip 24.0
#16 17.32     Uninstalling pip-24.0:
#16 17.58       Successfully uninstalled pip-24.0
#16 19.06 Successfully installed pip-26.2.1
#16 ...

#14 [runtime 3/8] RUN apt-get update     && apt-get install -y --no-install-recommends curl     && rm -rf /var/lib/apt/lists/*     && addgroup --system appgroup     && adduser --system --ingroup appgroup --home /app appuser
#14 22.39 Selecting previously unselected package libgssapi-krb5-2:amd64.
#14 22.39 Preparing to unpack .../06-libgssapi-krb5-2_1.21.3-5+deb13u1_amd64.deb ...
#14 22.39 Unpacking libgssapi-krb5-2:amd64 (1.21.3-5+deb13u1) ...
#14 22.45 Selecting previously unselected package libunistring5:amd64.
#14 22.45 Preparing to unpack .../07-libunistring5_1.3-2_amd64.deb ...
#14 22.46 Unpacking libunistring5:amd64 (1.3-2) ...
#14 22.53 Selecting previously unselected package libidn2-0:amd64.
#14 22.53 Preparing to unpack .../08-libidn2-0_2.3.8-2_amd64.deb ...
#14 22.54 Unpacking libidn2-0:amd64 (2.3.8-2) ...
#14 22.58 Selecting previously unselected package libsasl2-modules-db:amd64.
#14 22.59 Preparing to unpack .../09-libsasl2-modules-db_2.1.28+dfsg1-9_amd64.deb ...
#14 22.59 Unpacking libsasl2-modules-db:amd64 (2.1.28+dfsg1-9) ...
#14 22.64 Selecting previously unselected package libsasl2-2:amd64.
#14 22.64 Preparing to unpack .../10-libsasl2-2_2.1.28+dfsg1-9_amd64.deb ...
#14 22.65 Unpacking libsasl2-2:amd64 (2.1.28+dfsg1-9) ...
#14 22.70 Selecting previously unselected package libldap2:amd64.
#14 22.71 Preparing to unpack .../11-libldap2_2.6.10+dfsg-1_amd64.deb ...
#14 22.71 Unpacking libldap2:amd64 (2.6.10+dfsg-1) ...
#14 22.78 Selecting previously unselected package libnghttp2-14:amd64.
#14 22.78 Preparing to unpack .../12-libnghttp2-14_1.64.0-1.1+deb13u1_amd64.deb ...
#14 22.79 Unpacking libnghttp2-14:amd64 (1.64.0-1.1+deb13u1) ...
#14 22.86 Selecting previously unselected package libnghttp3-9:amd64.
#14 22.86 Preparing to unpack .../13-libnghttp3-9_1.8.0-1_amd64.deb ...
#14 22.86 Unpacking libnghttp3-9:amd64 (1.8.0-1) ...
#14 22.95 Selecting previously unselected package libpsl5t64:amd64.
#14 22.96 Preparing to unpack .../14-libpsl5t64_0.21.2-1.1+b1_amd64.deb ...
#14 22.96 Unpacking libpsl5t64:amd64 (0.21.2-1.1+b1) ...
#14 23.03 Selecting previously unselected package libp11-kit0:amd64.
#14 23.03 Preparing to unpack .../15-libp11-kit0_0.25.5-3_amd64.deb ...
#14 23.04 Unpacking libp11-kit0:amd64 (0.25.5-3) ...
#14 23.12 Selecting previously unselected package libtasn1-6:amd64.
#14 23.12 Preparing to unpack .../16-libtasn1-6_4.20.0-2+deb13u1_amd64.deb ...
#14 23.13 Unpacking libtasn1-6:amd64 (4.20.0-2+deb13u1) ...
#14 23.18 Selecting previously unselected package libgnutls30t64:amd64.
#14 23.18 Preparing to unpack .../17-libgnutls30t64_3.8.9-3+deb13u4_amd64.deb ...
#14 23.19 Unpacking libgnutls30t64:amd64 (3.8.9-3+deb13u4) ...
#14 23.33 Selecting previously unselected package librtmp1:amd64.
#14 23.33 Preparing to unpack .../18-librtmp1_2.4+20151223.gitfa8646d.1-2+b5_amd64.deb ...
#14 23.34 Unpacking librtmp1:amd64 (2.4+20151223.gitfa8646d.1-2+b5) ...
#14 23.42 Selecting previously unselected package libssh2-1t64:amd64.
#14 23.42 Preparing to unpack .../19-libssh2-1t64_1.11.1-1+deb13u1_amd64.deb ...
#14 23.43 Unpacking libssh2-1t64:amd64 (1.11.1-1+deb13u1) ...
#14 23.52 Selecting previously unselected package libcurl4t64:amd64.
#14 23.52 Preparing to unpack .../20-libcurl4t64_8.14.1-2+deb13u4_amd64.deb ...
#14 23.53 Unpacking libcurl4t64:amd64 (8.14.1-2+deb13u4) ...
#14 23.61 Selecting previously unselected package curl.
#14 23.61 Preparing to unpack .../21-curl_8.14.1-2+deb13u4_amd64.deb ...
#14 23.61 Unpacking curl (8.14.1-2+deb13u4) ...
#14 23.69 Setting up libkeyutils1:amd64 (1.6.3-6) ...
#14 23.71 Setting up libbrotli1:amd64 (1.1.0-2+b7) ...
#14 23.73 Setting up libnghttp2-14:amd64 (1.64.0-1.1+deb13u1) ...
#14 23.75 Setting up libcom-err2:amd64 (1.47.2-3+b11) ...
#14 23.77 Setting up libkrb5support0:amd64 (1.21.3-5+deb13u1) ...
#14 23.80 Setting up libsasl2-modules-db:amd64 (2.1.28+dfsg1-9) ...
#14 23.82 Setting up libp11-kit0:amd64 (0.25.5-3) ...
#14 23.84 Setting up libunistring5:amd64 (1.3-2) ...
#14 23.87 Setting up libk5crypto3:amd64 (1.21.3-5+deb13u1) ...
#14 23.90 Setting up libsasl2-2:amd64 (2.1.28+dfsg1-9) ...
#14 23.93 Setting up libnghttp3-9:amd64 (1.8.0-1) ...
#14 23.96 Setting up libtasn1-6:amd64 (4.20.0-2+deb13u1) ...
#14 23.99 Setting up libkrb5-3:amd64 (1.21.3-5+deb13u1) ...
#14 24.01 Setting up libssh2-1t64:amd64 (1.11.1-1+deb13u1) ...
#14 24.03 Setting up libldap2:amd64 (2.6.10+dfsg-1) ...
#14 24.06 Setting up libidn2-0:amd64 (2.3.8-2) ...
#14 24.08 Setting up libgssapi-krb5-2:amd64 (1.21.3-5+deb13u1) ...
#14 24.10 Setting up libgnutls30t64:amd64 (3.8.9-3+deb13u4) ...
#14 24.14 Setting up libpsl5t64:amd64 (0.21.2-1.1+b1) ...
#14 24.16 Setting up librtmp1:amd64 (2.4+20151223.gitfa8646d.1-2+b5) ...
#14 24.18 Setting up libcurl4t64:amd64 (8.14.1-2+deb13u4) ...
#14 24.20 Setting up curl (8.14.1-2+deb13u4) ...
#14 24.22 Processing triggers for libc-bin (2.41-12+deb13u3) ...
#14 DONE 24.6s

#16 [builder 5/6] RUN /opt/venv/bin/pip install --no-cache-dir --upgrade pip     && /opt/venv/bin/pip install --no-cache-dir -r requirements.txt
#16 21.69 Looking in indexes: https://pypi.org/simple, https://download.pytorch.org/whl/cpu, https://download.pytorch.org/whl/cpu
#16 23.32 Collecting fastapi==0.115.6 (from -r requirements.txt (line 5))
#16 23.70   Downloading fastapi-0.115.6-py3-none-any.whl.metadata (27 kB)
#16 24.64 Collecting uvicorn==0.34.0 (from uvicorn[standard]==0.34.0->-r requirements.txt (line 6))
#16 24.78   Downloading uvicorn-0.34.0-py3-none-any.whl.metadata (6.5 kB)
#16 27.16 Collecting pydantic==2.10.4 (from -r requirements.txt (line 7))
#16 27.23   Downloading pydantic-2.10.4-py3-none-any.whl.metadata (29 kB)
#16 28.30 Collecting httpx==0.27.2 (from -r requirements.txt (line 8))
#16 28.40   Downloading httpx-0.27.2-py3-none-any.whl.metadata (7.1 kB)
#16 31.25 Collecting ultralytics==8.3.0 (from -r requirements.txt (line 9))
#16 31.39   Downloading ultralytics-8.3.0-py3-none-any.whl.metadata (34 kB)
#16 32.40 Collecting torch==2.3.1+cpu (from -r requirements.txt (line 11))
#16 32.64   Downloading torch-2.3.1%2Bcpu-cp311-cp311-linux_x86_64.whl (190.4 MB)
#16 144.9      ΓöüΓöüΓöüΓöüΓöüΓöüΓöüΓöüΓöüΓöüΓöüΓöüΓöüΓöüΓöüΓöüΓöüΓöüΓöüΓöüΓöüΓöüΓöüΓöüΓöüΓöüΓöüΓöüΓöüΓöüΓöüΓöüΓöüΓöüΓöüΓöüΓöüΓöüΓöüΓöü 190.4/190.4 MB 1.8 MB/s  0:01:52
#16 146.3 Collecting torchvision==0.18.1+cpu (from -r requirements.txt (line 12))
#16 146.4   Downloading torchvision-0.18.1%2Bcpu-cp311-cp311-linux_x86_64.whl (1.6 MB)
#16 147.3      ΓöüΓöüΓöüΓöüΓöüΓöüΓöüΓöüΓöüΓöüΓöüΓöüΓöüΓöüΓöüΓöüΓöüΓöüΓöüΓöüΓöüΓöüΓöüΓöüΓöüΓöüΓöüΓöüΓöüΓöüΓöüΓöüΓöüΓöüΓöüΓöüΓöüΓöüΓöüΓöü 1.6/1.6 MB 1.7 MB/s  0:00:00
#16 151.0 Collecting numpy==1.26.4 (from -r requirements.txt (line 13))
#16 151.0   Downloading numpy-1.26.4-cp311-cp311-manylinux_2_17_x86_64.manylinux2014_x86_64.whl.metadata (61 kB)
#16 155.8 Collecting pillow==10.4.0 (from -r requirements.txt (line 14))
#16 155.9   Downloading pillow-10.4.0-cp311-cp311-manylinux_2_28_x86_64.whl.metadata (9.2 kB)
#16 157.0 Collecting starlette<0.42.0,>=0.40.0 (from fastapi==0.115.6->-r requirements.txt (line 5))
#16 157.1   Downloading starlette-0.41.3-py3-none-any.whl.metadata (6.0 kB)
#16 157.4 Collecting typing-extensions>=4.8.0 (from fastapi==0.115.6->-r requirements.txt (line 5))
#16 157.4   Downloading typing_extensions-4.16.0-py3-none-any.whl.metadata (3.3 kB)
#16 158.2 Collecting annotated-types>=0.6.0 (from pydantic==2.10.4->-r requirements.txt (line 7))
#16 158.3   Downloading annotated_types-0.8.0-py3-none-any.whl.metadata (15 kB)
#16 169.8 Collecting pydantic-core==2.27.2 (from pydantic==2.10.4->-r requirements.txt (line 7))
#16 169.8   Downloading pydantic_core-2.27.2-cp311-cp311-manylinux_2_17_x86_64.manylinux2014_x86_64.whl.metadata (6.6 kB)
#16 170.7 Collecting click>=7.0 (from uvicorn==0.34.0->uvicorn[standard]==0.34.0->-r requirements.txt (line 6))
#16 170.8   Downloading click-8.4.2-py3-none-any.whl.metadata (2.6 kB)
#16 171.6 Collecting h11>=0.8 (from uvicorn==0.34.0->uvicorn[standard]==0.34.0->-r requirements.txt (line 6))
#16 172.0   Downloading h11-0.16.0-py3-none-any.whl.metadata (8.3 kB)
#16 172.9 Collecting anyio (from httpx==0.27.2->-r requirements.txt (line 8))
#16 173.0   Downloading anyio-4.14.2-py3-none-any.whl.metadata (4.6 kB)
#16 173.2 Collecting certifi (from httpx==0.27.2->-r requirements.txt (line 8))
#16 173.3   Downloading certifi-2026.7.22-py3-none-any.whl.metadata (2.5 kB)
#16 174.2 Collecting httpcore==1.* (from httpx==0.27.2->-r requirements.txt (line 8))
#16 174.3   Downloading httpcore-1.0.9-py3-none-any.whl.metadata (21 kB)
#16 174.5 Collecting idna (from httpx==0.27.2->-r requirements.txt (line 8))
#16 174.6   Downloading idna-3.19-py3-none-any.whl.metadata (9.2 kB)
#16 175.5 Collecting sniffio (from httpx==0.27.2->-r requirements.txt (line 8))
#16 175.5   Downloading sniffio-1.3.1-py3-none-any.whl.metadata (3.9 kB)
#16 181.9 Collecting matplotlib>=3.3.0 (from ultralytics==8.3.0->-r requirements.txt (line 9))
#16 181.9   Downloading matplotlib-3.11.1-cp311-cp311-manylinux2014_x86_64.manylinux_2_17_x86_64.whl.metadata (80 kB)
#16 185.1 Collecting opencv-python>=4.6.0 (from ultralytics==8.3.0->-r requirements.txt (line 9))
#16 185.2   Downloading opencv_python-5.0.0.93-cp37-abi3-manylinux_2_28_x86_64.whl.metadata (19 kB)
#16 186.4 Collecting pyyaml>=5.3.1 (from ultralytics==8.3.0->-r requirements.txt (line 9))
#16 186.5   Downloading pyyaml-6.0.3-cp311-cp311-manylinux2014_x86_64.manylinux_2_17_x86_64.manylinux_2_28_x86_64.whl.metadata (2.4 kB)
#16 186.8 Collecting requests>=2.23.0 (from ultralytics==8.3.0->-r requirements.txt (line 9))
#16 186.9   Downloading requests-2.34.2-py3-none-any.whl.metadata (4.8 kB)
#16 190.5 Collecting scipy>=1.4.1 (from ultralytics==8.3.0->-r requirements.txt (line 9))
#16 190.6   Downloading scipy-1.17.1-cp311-cp311-manylinux_2_27_x86_64.manylinux_2_28_x86_64.whl.metadata (62 kB)
#16 191.1 Collecting tqdm>=4.64.0 (from ultralytics==8.3.0->-r requirements.txt (line 9))
#16 191.1   Downloading tqdm-4.70.0-py3-none-any.whl.metadata (57 kB)
#16 193.7 Collecting psutil (from ultralytics==8.3.0->-r requirements.txt (line 9))
#16 193.8   Downloading psutil-7.2.2-cp36-abi3-manylinux2010_x86_64.manylinux_2_12_x86_64.manylinux_2_28_x86_64.whl.metadata (22 kB)
#16 194.6 Collecting py-cpuinfo (from ultralytics==8.3.0->-r requirements.txt (line 9))
#16 194.7   Downloading py_cpuinfo-9.0.0-py3-none-any.whl.metadata (794 bytes)
#16 197.1 Collecting pandas>=1.1.4 (from ultralytics==8.3.0->-r requirements.txt (line 9))
#16 197.2   Downloading pandas-3.0.5-cp311-cp311-manylinux_2_24_x86_64.manylinux_2_28_x86_64.whl.metadata (79 kB)
#16 198.1 Collecting seaborn>=0.11.0 (from ultralytics==8.3.0->-r requirements.txt (line 9))
#16 198.2   Downloading seaborn-0.13.2-py3-none-any.whl.metadata (5.4 kB)
#16 199.0 Collecting ultralytics-thop>=2.0.0 (from ultralytics==8.3.0->-r requirements.txt (line 9))
#16 199.1   Downloading ultralytics_thop-2.1.6-py3-none-any.whl.metadata (13 kB)
#16 199.4 Collecting filelock (from torch==2.3.1+cpu->-r requirements.txt (line 11))
#16 199.5   Downloading filelock-3.32.3-py3-none-any.whl.metadata (2.0 kB)
#16 199.7 Collecting sympy (from torch==2.3.1+cpu->-r requirements.txt (line 11))
#16 199.7   Downloading sympy-1.14.0-py3-none-any.whl.metadata (12 kB)
#16 200.1 Collecting networkx (from torch==2.3.1+cpu->-r requirements.txt (line 11))
#16 200.1   Downloading networkx-3.6.1-py3-none-any.whl.metadata (6.8 kB)
#16 200.3 Collecting jinja2 (from torch==2.3.1+cpu->-r requirements.txt (line 11))
#16 200.5   Downloading jinja2-3.1.6-py3-none-any.whl.metadata (2.9 kB)
#16 200.8 Collecting fsspec (from torch==2.3.1+cpu->-r requirements.txt (line 11))
#16 201.2   Downloading fsspec-2026.7.0-py3-none-any.whl.metadata (10 kB)
#16 202.3 Collecting httptools>=0.6.3 (from uvicorn[standard]==0.34.0->-r requirements.txt (line 6))
#16 202.4   Downloading httptools-0.8.0-cp311-cp311-manylinux1_x86_64.manylinux_2_28_x86_64.manylinux_2_5_x86_64.whl.metadata (3.5 kB)
#16 203.3 Collecting python-dotenv>=0.13 (from uvicorn[standard]==0.34.0->-r requirements.txt (line 6))
#16 203.4   Downloading python_dotenv-1.2.3-py3-none-any.whl.metadata (29 kB)
#16 204.7 Collecting uvloop!=0.15.0,!=0.15.1,>=0.14.0 (from uvicorn[standard]==0.34.0->-r requirements.txt (line 6))
#16 204.7   Downloading uvloop-0.22.1-cp311-cp311-manylinux2014_x86_64.manylinux_2_17_x86_64.manylinux_2_28_x86_64.whl.metadata (4.9 kB)
#16 206.5 Collecting watchfiles>=0.13 (from uvicorn[standard]==0.34.0->-r requirements.txt (line 6))
#16 206.6   Downloading watchfiles-1.2.0-cp311-cp311-manylinux_2_17_x86_64.manylinux2014_x86_64.whl.metadata (4.9 kB)
#16 208.7 Collecting websockets>=10.4 (from uvicorn[standard]==0.34.0->-r requirements.txt (line 6))
#16 208.8   Downloading websockets-17.0.1-cp311-cp311-manylinux1_x86_64.manylinux_2_28_x86_64.manylinux_2_5_x86_64.whl.metadata (6.3 kB)
#16 210.4 Collecting contourpy>=1.0.1 (from matplotlib>=3.3.0->ultralytics==8.3.0->-r requirements.txt (line 9))
#16 210.5   Downloading contourpy-1.3.3-cp311-cp311-manylinux_2_27_x86_64.manylinux_2_28_x86_64.whl.metadata (5.5 kB)
#16 211.3 Collecting cycler>=0.10 (from matplotlib>=3.3.0->ultralytics==8.3.0->-r requirements.txt (line 9))
#16 211.4   Downloading cycler-0.12.1-py3-none-any.whl.metadata (3.8 kB)
#16 214.0 Collecting fonttools>=4.28.2 (from matplotlib>=3.3.0->ultralytics==8.3.0->-r requirements.txt (line 9))
#16 214.1   Downloading fonttools-4.63.0-cp311-cp311-manylinux2014_x86_64.manylinux_2_17_x86_64.whl.metadata (118 kB)
#16 215.6 Collecting kiwisolver>=1.3.1 (from matplotlib>=3.3.0->ultralytics==8.3.0->-r requirements.txt (line 9))
#16 215.7   Downloading kiwisolver-1.5.0-cp311-cp311-manylinux2014_x86_64.manylinux_2_17_x86_64.whl.metadata (5.1 kB)
#16 216.0 Collecting packaging>=20.0 (from matplotlib>=3.3.0->ultralytics==8.3.0->-r requirements.txt (line 9))
#16 216.0   Downloading packaging-26.3-py3-none-any.whl.metadata (3.5 kB)
#16 217.0 Collecting pyparsing>=3 (from matplotlib>=3.3.0->ultralytics==8.3.0->-r requirements.txt (line 9))
#16 217.1   Downloading pyparsing-3.3.2-py3-none-any.whl.metadata (5.8 kB)
#16 217.9 Collecting python-dateutil>=2.7 (from matplotlib>=3.3.0->ultralytics==8.3.0->-r requirements.txt (line 9))
#16 218.0   Downloading python_dateutil-2.9.0.post0-py2.py3-none-any.whl.metadata (8.4 kB)
#16 218.0 INFO: pip is looking at multiple versions of opencv-python to determine which version is compatible with other requirements. This could take a while.
#16 218.0 Collecting opencv-python>=4.6.0 (from ultralytics==8.3.0->-r requirements.txt (line 9))
#16 218.0   Downloading opencv_python-4.14.0.94-cp37-abi3-manylinux_2_28_x86_64.whl.metadata (19 kB)
#16 218.1   Downloading opencv_python-4.13.0.92-cp37-abi3-manylinux_2_28_x86_64.whl.metadata (19 kB)
#16 218.2   Downloading opencv_python-4.13.0.90-cp37-abi3-manylinux_2_28_x86_64.whl.metadata (19 kB)
#16 218.3   Downloading opencv_python-4.12.0.88-cp37-abi3-manylinux2014_x86_64.manylinux_2_17_x86_64.whl.metadata (19 kB)
#16 218.4   Downloading opencv_python-4.11.0.86-cp37-abi3-manylinux_2_17_x86_64.manylinux2014_x86_64.whl.metadata (20 kB)
#16 219.3 Collecting six>=1.5 (from python-dateutil>=2.7->matplotlib>=3.3.0->ultralytics==8.3.0->-r requirements.txt (line 9))
#16 219.3   Downloading six-1.17.0-py2.py3-none-any.whl.metadata (1.7 kB)
#16 220.4 Collecting charset_normalizer<4,>=2 (from requests>=2.23.0->ultralytics==8.3.0->-r requirements.txt (line 9))
#16 220.5   Downloading charset_normalizer-3.5.1-cp311-cp311-manylinux2014_x86_64.manylinux_2_17_x86_64.manylinux_2_28_x86_64.whl.metadata (45 kB)
#16 220.7 Collecting urllib3<3,>=1.26 (from requests>=2.23.0->ultralytics==8.3.0->-r requirements.txt (line 9))
#16 220.8   Downloading urllib3-2.7.0-py3-none-any.whl.metadata (6.9 kB)
#16 221.4 Collecting MarkupSafe>=2.0 (from jinja2->torch==2.3.1+cpu->-r requirements.txt (line 11))
#16 221.4   Downloading markupsafe-3.0.3-cp311-cp311-manylinux2014_x86_64.manylinux_2_17_x86_64.manylinux_2_28_x86_64.whl.metadata (2.7 kB)
#16 221.6 Collecting mpmath<1.4,>=1.1.0 (from sympy->torch==2.3.1+cpu->-r requirements.txt (line 11))
#16 221.7   Downloading mpmath-1.3.0-py3-none-any.whl.metadata (8.6 kB)
#16 221.8 Downloading fastapi-0.115.6-py3-none-any.whl (94 kB)
#16 221.9 Downloading pydantic-2.10.4-py3-none-any.whl (431 kB)
#16 222.2 Downloading uvicorn-0.34.0-py3-none-any.whl (62 kB)
#16 222.3 Downloading httpx-0.27.2-py3-none-any.whl (76 kB)
#16 222.4 Downloading ultralytics-8.3.0-py3-none-any.whl (881 kB)
#16 222.9    ΓöüΓöüΓöüΓöüΓöüΓöüΓöüΓöüΓöüΓöüΓöüΓöüΓöüΓöüΓöüΓöüΓöüΓöüΓöüΓöüΓöüΓöüΓöüΓöüΓöüΓöüΓöüΓöüΓöüΓöüΓöüΓöüΓöüΓöüΓöüΓöüΓöüΓöüΓöüΓöü 881.3/881.3 kB 1.9 MB/s  0:00:00
#16 223.0 Downloading numpy-1.26.4-cp311-cp311-manylinux_2_17_x86_64.manylinux2014_x86_64.whl (18.3 MB)
#16 233.1    ΓöüΓöüΓöüΓöüΓöüΓöüΓöüΓöüΓöüΓöüΓöüΓöüΓöüΓöüΓöüΓöüΓöüΓöüΓöüΓöüΓöüΓöüΓöüΓöüΓöüΓöüΓöüΓöüΓöüΓöüΓöüΓöüΓöüΓöüΓöüΓöüΓöüΓöüΓöüΓöü 18.3/18.3 MB 1.8 MB/s  0:00:10
#16 233.2 Downloading pillow-10.4.0-cp311-cp311-manylinux_2_28_x86_64.whl (4.5 MB)
#16 235.7    ΓöüΓöüΓöüΓöüΓöüΓöüΓöüΓöüΓöüΓöüΓöüΓöüΓöüΓöüΓöüΓöüΓöüΓöüΓöüΓöüΓöüΓöüΓöüΓöüΓöüΓöüΓöüΓöüΓöüΓöüΓöüΓöüΓöüΓöüΓöüΓöüΓöüΓöüΓöüΓöü 4.5/4.5 MB 1.8 MB/s  0:00:02
#16 235.7 Downloading pydantic_core-2.27.2-cp311-cp311-manylinux_2_17_x86_64.manylinux2014_x86_64.whl (2.0 MB)
#16 236.8    ΓöüΓöüΓöüΓöüΓöüΓöüΓöüΓöüΓöüΓöüΓöüΓöüΓöüΓöüΓöüΓöüΓöüΓöüΓöüΓöüΓöüΓöüΓöüΓöüΓöüΓöüΓöüΓöüΓöüΓöüΓöüΓöüΓöüΓöüΓöüΓöüΓöüΓöüΓöüΓöü 2.0/2.0 MB 1.8 MB/s  0:00:01
#16 236.9 Downloading httpcore-1.0.9-py3-none-any.whl (78 kB)
#16 237.0 Downloading starlette-0.41.3-py3-none-any.whl (73 kB)
#16 237.1 Downloading anyio-4.14.2-py3-none-any.whl (125 kB)
#16 237.3 Downloading annotated_types-0.8.0-py3-none-any.whl (13 kB)
#16 237.3 Downloading click-8.4.2-py3-none-any.whl (119 kB)
#16 237.5 Downloading h11-0.16.0-py3-none-any.whl (37 kB)
#16 237.5 Downloading httptools-0.8.0-cp311-cp311-manylinux1_x86_64.manylinux_2_28_x86_64.manylinux_2_5_x86_64.whl (464 kB)
#16 237.9 Downloading idna-3.19-py3-none-any.whl (68 kB)
#16 238.0 Downloading matplotlib-3.11.1-cp311-cp311-manylinux2014_x86_64.manylinux_2_17_x86_64.whl (10.0 MB)
#16 243.6    ΓöüΓöüΓöüΓöüΓöüΓöüΓöüΓöüΓöüΓöüΓöüΓöüΓöüΓöüΓöüΓöüΓöüΓöüΓöüΓöüΓöüΓöüΓöüΓöüΓöüΓöüΓöüΓöüΓöüΓöüΓöüΓöüΓöüΓöüΓöüΓöüΓöüΓöüΓöüΓöü 10.0/10.0 MB 1.8 MB/s  0:00:05
#16 243.6 Downloading contourpy-1.3.3-cp311-cp311-manylinux_2_27_x86_64.manylinux_2_28_x86_64.whl (355 kB)
#16 243.9 Downloading cycler-0.12.1-py3-none-any.whl (8.3 kB)
#16 244.0 Downloading fonttools-4.63.0-cp311-cp311-manylinux2014_x86_64.manylinux_2_17_x86_64.whl (5.1 MB)
#16 246.8    ΓöüΓöüΓöüΓöüΓöüΓöüΓöüΓöüΓöüΓöüΓöüΓöüΓöüΓöüΓöüΓöüΓöüΓöüΓöüΓöüΓöüΓöüΓöüΓöüΓöüΓöüΓöüΓöüΓöüΓöüΓöüΓöüΓöüΓöüΓöüΓöüΓöüΓöüΓöüΓöü 5.1/5.1 MB 1.8 MB/s  0:00:02
#16 246.9 Downloading kiwisolver-1.5.0-cp311-cp311-manylinux2014_x86_64.manylinux_2_17_x86_64.whl (1.4 MB)
#16 247.7    ΓöüΓöüΓöüΓöüΓöüΓöüΓöüΓöüΓöüΓöüΓöüΓöüΓöüΓöüΓöüΓöüΓöüΓöüΓöüΓöüΓöüΓöüΓöüΓöüΓöüΓöüΓöüΓöüΓöüΓöüΓöüΓöüΓöüΓöüΓöüΓöüΓöüΓöüΓöüΓöü 1.4/1.4 MB 1.8 MB/s  0:00:00
#16 247.8 Downloading opencv_python-4.11.0.86-cp37-abi3-manylinux_2_17_x86_64.manylinux2014_x86_64.whl (63.0 MB)
#16 282.8    ΓöüΓöüΓöüΓöüΓöüΓöüΓöüΓöüΓöüΓöüΓöüΓöüΓöüΓöüΓöüΓöüΓöüΓöüΓöüΓöüΓöüΓöüΓöüΓöüΓöüΓöüΓöüΓöüΓöüΓöüΓöüΓöüΓöüΓöüΓöüΓöüΓöüΓöüΓöüΓöü 63.0/63.0 MB 1.8 MB/s  0:00:35
#16 282.9 Downloading packaging-26.3-py3-none-any.whl (129 kB)
#16 283.0 Downloading pandas-3.0.5-cp311-cp311-manylinux_2_24_x86_64.manylinux_2_28_x86_64.whl (11.3 MB)
#16 289.4    ΓöüΓöüΓöüΓöüΓöüΓöüΓöüΓöüΓöüΓöüΓöüΓöüΓöüΓöüΓöüΓöüΓöüΓöüΓöüΓöüΓöüΓöüΓöüΓöüΓöüΓöüΓöüΓöüΓöüΓöüΓöüΓöüΓöüΓöüΓöüΓöüΓöüΓöüΓöüΓöü 11.3/11.3 MB 1.8 MB/s  0:00:06
#16 289.4 Downloading pyparsing-3.3.2-py3-none-any.whl (122 kB)
#16 289.6 Downloading python_dateutil-2.9.0.post0-py2.py3-none-any.whl (229 kB)
#16 289.8 Downloading python_dotenv-1.2.3-py3-none-any.whl (22 kB)
#16 289.9 Downloading pyyaml-6.0.3-cp311-cp311-manylinux2014_x86_64.manylinux_2_17_x86_64.manylinux_2_28_x86_64.whl (806 kB)
#16 290.3    ΓöüΓöüΓöüΓöüΓöüΓöüΓöüΓöüΓöüΓöüΓöüΓöüΓöüΓöüΓöüΓöüΓöüΓöüΓöüΓöüΓöüΓöüΓöüΓöüΓöüΓöüΓöüΓöüΓöüΓöüΓöüΓöüΓöüΓöüΓöüΓöüΓöüΓöüΓöüΓöü 806.6/806.6 kB 1.7 MB/s  0:00:00
#16 290.4 Downloading requests-2.34.2-py3-none-any.whl (73 kB)
#16 290.5 Downloading charset_normalizer-3.5.1-cp311-cp311-manylinux2014_x86_64.manylinux_2_17_x86_64.manylinux_2_28_x86_64.whl (262 kB)
#16 290.7 Downloading urllib3-2.7.0-py3-none-any.whl (131 kB)
#16 290.8 Downloading certifi-2026.7.22-py3-none-any.whl (136 kB)
#16 291.0 Downloading scipy-1.17.1-cp311-cp311-manylinux_2_27_x86_64.manylinux_2_28_x86_64.whl (35.3 MB)
#16 310.6    ΓöüΓöüΓöüΓöüΓöüΓöüΓöüΓöüΓöüΓöüΓöüΓöüΓöüΓöüΓöüΓöüΓöüΓöüΓöüΓöüΓöüΓöüΓöüΓöüΓöüΓöüΓöüΓöüΓöüΓöüΓöüΓöüΓöüΓöüΓöüΓöüΓöüΓöüΓöüΓöü 35.3/35.3 MB 1.8 MB/s  0:00:19
#16 310.8 Downloading seaborn-0.13.2-py3-none-any.whl (294 kB)
#16 310.9 Downloading six-1.17.0-py2.py3-none-any.whl (11 kB)
#16 311.3 Downloading tqdm-4.70.0-py3-none-any.whl (80 kB)
#16 311.4 Downloading typing_extensions-4.16.0-py3-none-any.whl (45 kB)
#16 311.5 Downloading ultralytics_thop-2.1.6-py3-none-any.whl (30 kB)
#16 312.0 Downloading uvloop-0.22.1-cp311-cp311-manylinux2014_x86_64.manylinux_2_17_x86_64.manylinux_2_28_x86_64.whl (3.8 MB)
#16 314.0    ΓöüΓöüΓöüΓöüΓöüΓöüΓöüΓöüΓöüΓöüΓöüΓöüΓöüΓöüΓöüΓöüΓöüΓöüΓöüΓöüΓöüΓöüΓöüΓöüΓöüΓöüΓöüΓöüΓöüΓöüΓöüΓöüΓöüΓöüΓöüΓöüΓöüΓöüΓöüΓöü 3.8/3.8 MB 1.8 MB/s  0:00:02
#16 314.1 Downloading watchfiles-1.2.0-cp311-cp311-manylinux_2_17_x86_64.manylinux2014_x86_64.whl (456 kB)
#16 314.4 Downloading websockets-17.0.1-cp311-cp311-manylinux1_x86_64.manylinux_2_28_x86_64.manylinux_2_5_x86_64.whl (219 kB)
#16 314.6 Downloading filelock-3.32.3-py3-none-any.whl (98 kB)
#16 314.7 Downloading fsspec-2026.7.0-py3-none-any.whl (206 kB)
#16 314.8 Downloading jinja2-3.1.6-py3-none-any.whl (134 kB)
#16 314.9 Downloading markupsafe-3.0.3-cp311-cp311-manylinux2014_x86_64.manylinux_2_17_x86_64.manylinux_2_28_x86_64.whl (22 kB)
#16 315.0 Downloading networkx-3.6.1-py3-none-any.whl (2.1 MB)
#16 316.1    ΓöüΓöüΓöüΓöüΓöüΓöüΓöüΓöüΓöüΓöüΓöüΓöüΓöüΓöüΓöüΓöüΓöüΓöüΓöüΓöüΓöüΓöüΓöüΓöüΓöüΓöüΓöüΓöüΓöüΓöüΓöüΓöüΓöüΓöüΓöüΓöüΓöüΓöüΓöüΓöü 2.1/2.1 MB 1.8 MB/s  0:00:01
#16 316.5 Downloading psutil-7.2.2-cp36-abi3-manylinux2010_x86_64.manylinux_2_12_x86_64.manylinux_2_28_x86_64.whl (155 kB)
#16 316.7 Downloading py_cpuinfo-9.0.0-py3-none-any.whl (22 kB)
#16 316.8 Downloading sniffio-1.3.1-py3-none-any.whl (10 kB)
#16 316.9 Downloading sympy-1.14.0-py3-none-any.whl (6.3 MB)
#16 320.4    ΓöüΓöüΓöüΓöüΓöüΓöüΓöüΓöüΓöüΓöüΓöüΓöüΓöüΓöüΓöüΓöüΓöüΓöüΓöüΓöüΓöüΓöüΓöüΓöüΓöüΓöüΓöüΓöüΓöüΓöüΓöüΓöüΓöüΓöüΓöüΓöüΓöüΓöüΓöüΓöü 6.3/6.3 MB 1.8 MB/s  0:00:03
#16 320.8 Downloading mpmath-1.3.0-py3-none-any.whl (536 kB)
#16 321.2    ΓöüΓöüΓöüΓöüΓöüΓöüΓöüΓöüΓöüΓöüΓöüΓöüΓöüΓöüΓöüΓöüΓöüΓöüΓöüΓöüΓöüΓöüΓöüΓöüΓöüΓöüΓöüΓöüΓöüΓöüΓöüΓöüΓöüΓöüΓöüΓöüΓöüΓöüΓöüΓöü 536.2/536.2 kB 1.5 MB/s  0:00:00
#16 321.6 Installing collected packages: py-cpuinfo, mpmath, websockets, uvloop, urllib3, typing-extensions, tqdm, sympy, sniffio, six, pyyaml, python-dotenv, pyparsing, psutil, pillow, packaging, numpy, networkx, MarkupSafe, kiwisolver, idna, httptools, h11, fsspec, fonttools, filelock, cycler, click, charset_normalizer, certifi, annotated-types, uvicorn, scipy, requests, python-dateutil, pydantic-core, opencv-python, jinja2, httpcore, contourpy, anyio, watchfiles, torch, starlette, pydantic, pandas, matplotlib, httpx, ultralytics-thop, torchvision, seaborn, fastapi, ultralytics
#16 350.3 
#16 350.3 Successfully installed MarkupSafe-3.0.3 annotated-types-0.8.0 anyio-4.14.2 certifi-2026.7.22 charset_normalizer-3.5.1 click-8.4.2 contourpy-1.3.3 cycler-0.12.1 fastapi-0.115.6 filelock-3.32.3 fonttools-4.63.0 fsspec-2026.7.0 h11-0.16.0 httpcore-1.0.9 httptools-0.8.0 httpx-0.27.2 idna-3.19 jinja2-3.1.6 kiwisolver-1.5.0 matplotlib-3.11.1 mpmath-1.3.0 networkx-3.6.1 numpy-1.26.4 opencv-python-4.11.0.86 packaging-26.3 pandas-3.0.5 pillow-10.4.0 psutil-7.2.2 py-cpuinfo-9.0.0 pydantic-2.10.4 pydantic-core-2.27.2 pyparsing-3.3.2 python-dateutil-2.9.0.post0 python-dotenv-1.2.3 pyyaml-6.0.3 requests-2.34.2 scipy-1.17.1 seaborn-0.13.2 six-1.17.0 sniffio-1.3.1 starlette-0.41.3 sympy-1.14.0 torch-2.3.1+cpu torchvision-0.18.1+cpu tqdm-4.70.0 typing-extensions-4.16.0 ultralytics-8.3.0 ultralytics-thop-2.1.6 urllib3-2.7.0 uvicorn-0.34.0 uvloop-0.22.1 watchfiles-1.2.0 websockets-17.0.1
#16 DONE 350.9s

#17 [builder 6/6] RUN /opt/venv/bin/python -c "from ultralytics import YOLO; YOLO('yolov8n.pt')"     && ls -la yolov8n.pt
#17 0.682 Traceback (most recent call last):
#17 0.682   File "<string>", line 1, in <module>
#17 0.682   File "/opt/venv/lib/python3.11/site-packages/ultralytics/__init__.py", line 10, in <module>
#17 0.682     from ultralytics.data.explorer.explorer import Explorer
#17 0.682   File "/opt/venv/lib/python3.11/site-packages/ultralytics/data/__init__.py", line 3, in <module>
#17 0.682     from .base import BaseDataset
#17 0.682   File "/opt/venv/lib/python3.11/site-packages/ultralytics/data/base.py", line 12, in <module>
#17 0.682     import cv2
#17 0.682   File "/opt/venv/lib/python3.11/site-packages/cv2/__init__.py", line 181, in <module>
#17 0.682     bootstrap()
#17 0.682   File "/opt/venv/lib/python3.11/site-packages/cv2/__init__.py", line 153, in bootstrap
#17 0.682     native_module = importlib.import_module("cv2")
#17 0.682                     ^^^^^^^^^^^^^^^^^^^^^^^^^^^^^^
#17 0.682   File "/usr/local/lib/python3.11/importlib/__init__.py", line 126, in import_module
#17 0.682     return _bootstrap._gcd_import(name[level:], package, level)
#17 0.682            ^^^^^^^^^^^^^^^^^^^^^^^^^^^^^^^^^^^^^^^^^^^^^^^^^^^^
#17 0.682 ImportError: libGL.so.1: cannot open shared object file: No such file or directory
#17 ERROR: process "/bin/sh -c /opt/venv/bin/python -c \"from ultralytics import YOLO; YOLO('yolov8n.pt')\"     && ls -la yolov8n.pt" did not complete successfully: exit code: 1
------
 > [builder 6/6] RUN /opt/venv/bin/python -c "from ultralytics import YOLO; YOLO('yolov8n.pt')"     && ls -la yolov8n.pt:
0.682     import cv2
0.682   File "/opt/venv/lib/python3.11/site-packages/cv2/__init__.py", line 181, in <module>
0.682     bootstrap()
0.682   File "/opt/venv/lib/python3.11/site-packages/cv2/__init__.py", line 153, in bootstrap
0.682     native_module = importlib.import_module("cv2")
0.682                     ^^^^^^^^^^^^^^^^^^^^^^^^^^^^^^
0.682   File "/usr/local/lib/python3.11/importlib/__init__.py", line 126, in import_module
0.682     return _bootstrap._gcd_import(name[level:], package, level)
0.682            ^^^^^^^^^^^^^^^^^^^^^^^^^^^^^^^^^^^^^^^^^^^^^^^^^^^^
0.682 ImportError: libGL.so.1: cannot open shared object file: No such file or directory
------
failed to solve: process "/bin/sh -c /opt/venv/bin/python -c \"from ultralytics import YOLO; YOLO('yolov8n.pt')\"     && ls -la yolov8n.pt" did not complete successfully: exit code: 1



View build details: docker-desktop://dashboard/build/default/default/dacveus3tv4gtfyy46hr7wv9s

