 Image fit4110/ai-yolo:lab05 Building 
#1 [internal] load local bake definitions
#1 reading from stdin 609B done
#1 DONE 0.0s

#2 [internal] load build definition from Dockerfile.yolo
#2 transferring dockerfile: 2.47kB 0.0s done
#2 DONE 0.0s

#3 [auth] docker/dockerfile:pull token for registry-1.docker.io
#3 DONE 0.0s

#4 resolve image config for docker-image://docker.io/docker/dockerfile:1.7
#4 DONE 3.3s

#5 docker-image://docker.io/docker/dockerfile:1.7@sha256:a57df69d0ea827fb7266491f2813635de6f17269be881f696fbfdf2d83dda33e
#5 resolve docker.io/docker/dockerfile:1.7@sha256:a57df69d0ea827fb7266491f2813635de6f17269be881f696fbfdf2d83dda33e 0.0s done
#5 CACHED

#6 [internal] load metadata for docker.io/library/python:3.11-slim
#6 ...

#7 [auth] library/python:pull token for registry-1.docker.io
#7 DONE 0.0s

#6 [internal] load metadata for docker.io/library/python:3.11-slim
#6 DONE 1.7s

#8 [builder 1/7] FROM docker.io/library/python:3.11-slim@sha256:9c900dea9e8fb7e16277c179b555cc72d29a352dbc33cff48ad5a0412fd5bfc7
#8 resolve docker.io/library/python:3.11-slim@sha256:9c900dea9e8fb7e16277c179b555cc72d29a352dbc33cff48ad5a0412fd5bfc7 0.0s done
#8 DONE 0.0s

#9 [builder 2/7] WORKDIR /build
#9 CACHED

#10 [runtime 2/8] WORKDIR /app
#10 CACHED

#11 [builder 3/7] RUN apt-get update     && apt-get install -y --no-install-recommends libgl1 libglib2.0-0     && rm -rf /var/lib/apt/lists/*
#11 0.462 Hit:1 http://deb.debian.org/debian trixie InRelease
#11 0.491 Get:2 http://deb.debian.org/debian trixie-updates InRelease [47.3 kB]
#11 0.581 Get:3 http://deb.debian.org/debian-security trixie-security InRelease [43.4 kB]
#11 0.701 Get:4 http://deb.debian.org/debian trixie/main amd64 Packages [9673 kB]
#11 32.79 Get:5 http://deb.debian.org/debian trixie-updates/main amd64 Packages [4412 B]
#11 32.84 Get:6 http://deb.debian.org/debian-security trixie-security/main amd64 Packages [247 kB]
#11 34.04 Fetched 10.0 MB in 34s (296 kB/s)
#11 34.04 Reading package lists...
#11 34.54 Reading package lists...
#11 35.05 Building dependency tree...
#11 35.17 Reading state information...
#11 35.34 The following additional packages will be installed:
#11 35.34   libatomic1 libdrm-amdgpu1 libdrm-common libdrm-intel1 libdrm2 libedit2
#11 35.34   libelf1t64 libexpat1 libgbm1 libgl1-mesa-dri libglvnd0 libglx-mesa0 libglx0
#11 35.34   libllvm19 libpciaccess0 libsensors-config libsensors5 libvulkan1
#11 35.34   libwayland-server0 libx11-6 libx11-data libx11-xcb1 libxau6 libxcb-dri3-0
#11 35.34   libxcb-glx0 libxcb-present0 libxcb-randr0 libxcb-shm0 libxcb-sync1
#11 35.34   libxcb-xfixes0 libxcb1 libxdmcp6 libxext6 libxml2 libxshmfence1 libxxf86vm1
#11 35.34   libz3-4 mesa-libgallium
#11 35.35 Suggested packages:
#11 35.35   low-memory-monitor pciutils lm-sensors
#11 35.35 Recommended packages:
#11 35.35   libglib2.0-data shared-mime-info xdg-user-dirs mesa-vulkan-drivers
#11 35.35   | vulkan-icd
#11 35.51 The following NEW packages will be installed:
#11 35.51   libatomic1 libdrm-amdgpu1 libdrm-common libdrm-intel1 libdrm2 libedit2
#11 35.51   libelf1t64 libexpat1 libgbm1 libgl1 libgl1-mesa-dri libglib2.0-0t64
#11 35.51   libglvnd0 libglx-mesa0 libglx0 libllvm19 libpciaccess0 libsensors-config
#11 35.51   libsensors5 libvulkan1 libwayland-server0 libx11-6 libx11-data libx11-xcb1
#11 35.51   libxau6 libxcb-dri3-0 libxcb-glx0 libxcb-present0 libxcb-randr0 libxcb-shm0
#11 35.51   libxcb-sync1 libxcb-xfixes0 libxcb1 libxdmcp6 libxext6 libxml2 libxshmfence1
#11 35.51   libxxf86vm1 libz3-4 mesa-libgallium
#11 35.67 0 upgraded, 40 newly installed, 0 to remove and 9 not upgraded.
#11 35.67 Need to get 50.1 MB of archives.
#11 35.67 After this operation, 218 MB of additional disk space will be used.
#11 35.67 Get:1 http://deb.debian.org/debian-security trixie-security/main amd64 libexpat1 amd64 2.8.3-1~deb13u1 [123 kB]
#11 35.90 Get:2 http://deb.debian.org/debian trixie/main amd64 libatomic1 amd64 14.2.0-19 [9308 B]
#11 35.90 Get:3 http://deb.debian.org/debian trixie/main amd64 libdrm-common all 2.4.124-2 [8288 B]
#11 35.91 Get:4 http://deb.debian.org/debian trixie/main amd64 libdrm2 amd64 2.4.124-2 [39.0 kB]
#11 35.98 Get:5 http://deb.debian.org/debian trixie/main amd64 libdrm-amdgpu1 amd64 2.4.124-2 [22.6 kB]
#11 35.98 Get:6 http://deb.debian.org/debian trixie/main amd64 libpciaccess0 amd64 0.17-3+b3 [51.9 kB]
#11 35.99 Get:7 http://deb.debian.org/debian trixie/main amd64 libdrm-intel1 amd64 2.4.124-2 [64.1 kB]
#11 36.05 Get:8 http://deb.debian.org/debian trixie/main amd64 libedit2 amd64 3.1-20250104-1 [93.8 kB]
#11 36.10 Get:9 http://deb.debian.org/debian trixie/main amd64 libelf1t64 amd64 0.192-4 [189 kB]
#11 36.23 Get:10 http://deb.debian.org/debian trixie/main amd64 libwayland-server0 amd64 1.23.1-3 [34.4 kB]
#11 36.25 Get:11 http://deb.debian.org/debian trixie/main amd64 libxml2 amd64 2.12.7+dfsg+really2.9.14-2.1+deb13u3 [700 kB]
#11 36.70 Get:12 http://deb.debian.org/debian trixie/main amd64 libz3-4 amd64 4.13.3-1 [8560 kB]
#11 42.31 Get:13 http://deb.debian.org/debian trixie/main amd64 libllvm19 amd64 1:19.1.7-3+b1 [26.0 MB]
#11 58.07 Get:14 http://deb.debian.org/debian trixie/main amd64 libsensors-config all 1:3.6.2-2 [16.2 kB]
#11 58.08 Get:15 http://deb.debian.org/debian trixie/main amd64 libsensors5 amd64 1:3.6.2-2 [37.5 kB]
#11 58.10 Get:16 http://deb.debian.org/debian trixie/main amd64 libxau6 amd64 1:1.0.11-1 [20.4 kB]
#11 58.11 Get:17 http://deb.debian.org/debian trixie/main amd64 libxdmcp6 amd64 1:1.1.5-1 [27.8 kB]
#11 58.12 Get:18 http://deb.debian.org/debian trixie/main amd64 libxcb1 amd64 1.17.0-2+b1 [144 kB]
#11 58.21 Get:19 http://deb.debian.org/debian trixie/main amd64 libx11-data all 2:1.8.12-1 [343 kB]
#11 58.40 Get:20 http://deb.debian.org/debian trixie/main amd64 libx11-6 amd64 2:1.8.12-1 [815 kB]
#11 58.85 Get:21 http://deb.debian.org/debian trixie/main amd64 libx11-xcb1 amd64 2:1.8.12-1 [247 kB]
#11 59.01 Get:22 http://deb.debian.org/debian trixie/main amd64 libxcb-dri3-0 amd64 1.17.0-2+b1 [107 kB]
#11 59.05 Get:23 http://deb.debian.org/debian trixie/main amd64 libxcb-present0 amd64 1.17.0-2+b1 [106 kB]
#11 59.11 Get:24 http://deb.debian.org/debian trixie/main amd64 libxcb-randr0 amd64 1.17.0-2+b1 [117 kB]
#11 59.22 Get:25 http://deb.debian.org/debian trixie/main amd64 libxcb-sync1 amd64 1.17.0-2+b1 [109 kB]
#11 59.24 Get:26 http://deb.debian.org/debian trixie/main amd64 libxcb-xfixes0 amd64 1.17.0-2+b1 [109 kB]
#11 59.30 Get:27 http://deb.debian.org/debian trixie/main amd64 libxshmfence1 amd64 1.3.3-1 [10.9 kB]
#11 59.30 Get:28 http://deb.debian.org/debian trixie/main amd64 mesa-libgallium amd64 25.0.7-2+deb13u1 [9630 kB]
#11 66.83 Get:29 http://deb.debian.org/debian trixie/main amd64 libgbm1 amd64 25.0.7-2+deb13u1 [44.6 kB]
#11 66.83 Get:30 http://deb.debian.org/debian trixie/main amd64 libglvnd0 amd64 1.7.0-1+b2 [52.0 kB]
#11 66.84 Get:31 http://deb.debian.org/debian trixie/main amd64 libxcb-glx0 amd64 1.17.0-2+b1 [122 kB]
#11 66.90 Get:32 http://deb.debian.org/debian trixie/main amd64 libxcb-shm0 amd64 1.17.0-2+b1 [105 kB]
#11 67.00 Get:33 http://deb.debian.org/debian trixie/main amd64 libxext6 amd64 2:1.3.4-1+b3 [50.4 kB]
#11 67.00 Get:34 http://deb.debian.org/debian trixie/main amd64 libxxf86vm1 amd64 1:1.1.4-1+b4 [19.3 kB]
#11 67.00 Get:35 http://deb.debian.org/debian trixie/main amd64 libvulkan1 amd64 1.4.309.0-1 [130 kB]
#11 67.07 Get:36 http://deb.debian.org/debian trixie/main amd64 libgl1-mesa-dri amd64 25.0.7-2+deb13u1 [46.2 kB]
#11 67.20 Get:37 http://deb.debian.org/debian trixie/main amd64 libglx-mesa0 amd64 25.0.7-2+deb13u1 [143 kB]
#11 67.24 Get:38 http://deb.debian.org/debian trixie/main amd64 libglx0 amd64 1.7.0-1+b2 [34.9 kB]
#11 67.26 Get:39 http://deb.debian.org/debian trixie/main amd64 libgl1 amd64 1.7.0-1+b2 [89.5 kB]
#11 67.31 Get:40 http://deb.debian.org/debian trixie/main amd64 libglib2.0-0t64 amd64 2.84.4-3~deb13u3 [1519 kB]
#11 68.28 debconf: unable to initialize frontend: Dialog
#11 68.28 debconf: (TERM is not set, so the dialog frontend is not usable.)
#11 68.28 debconf: falling back to frontend: Readline
#11 68.28 debconf: unable to initialize frontend: Readline
#11 68.28 debconf: (Can't locate Term/ReadLine.pm in @INC (you may need to install the Term::ReadLine module) (@INC entries checked: /etc/perl /usr/local/lib/x86_64-linux-gnu/perl/5.40.1 /usr/local/share/perl/5.40.1 /usr/lib/x86_64-linux-gnu/perl5/5.40 /usr/share/perl5 /usr/lib/x86_64-linux-gnu/perl-base /usr/lib/x86_64-linux-gnu/perl/5.40 /usr/share/perl/5.40 /usr/local/lib/site_perl) at /usr/share/perl5/Debconf/FrontEnd/Readline.pm line 8, <STDIN> line 40.)
#11 68.28 debconf: falling back to frontend: Teletype
#11 68.28 debconf: unable to initialize frontend: Teletype
#11 68.28 debconf: (This frontend requires a controlling tty.)
#11 68.28 debconf: falling back to frontend: Noninteractive
#11 69.21 Fetched 50.1 MB in 33s (1535 kB/s)
#11 69.24 Selecting previously unselected package libexpat1:amd64.
#11 69.24 (Reading database ... 
(Reading database ... 5%
(Reading database ... 10%
(Reading database ... 15%
(Reading database ... 20%
(Reading database ... 25%
(Reading database ... 30%
(Reading database ... 35%
(Reading database ... 40%
(Reading database ... 45%
(Reading database ... 50%
(Reading database ... 55%
(Reading database ... 60%
(Reading database ... 65%
(Reading database ... 70%
(Reading database ... 75%
(Reading database ... 80%
(Reading database ... 85%
(Reading database ... 90%
(Reading database ... 95%
(Reading database ... 100%
(Reading database ... 5645 files and directories currently installed.)
#11 69.25 Preparing to unpack .../00-libexpat1_2.8.3-1~deb13u1_amd64.deb ...
#11 69.26 Unpacking libexpat1:amd64 (2.8.3-1~deb13u1) ...
#11 69.30 Selecting previously unselected package libatomic1:amd64.
#11 69.30 Preparing to unpack .../01-libatomic1_14.2.0-19_amd64.deb ...
#11 69.31 Unpacking libatomic1:amd64 (14.2.0-19) ...
#11 69.34 Selecting previously unselected package libdrm-common.
#11 69.34 Preparing to unpack .../02-libdrm-common_2.4.124-2_all.deb ...
#11 69.34 Unpacking libdrm-common (2.4.124-2) ...
#11 69.38 Selecting previously unselected package libdrm2:amd64.
#11 69.38 Preparing to unpack .../03-libdrm2_2.4.124-2_amd64.deb ...
#11 69.39 Unpacking libdrm2:amd64 (2.4.124-2) ...
#11 69.43 Selecting previously unselected package libdrm-amdgpu1:amd64.
#11 69.43 Preparing to unpack .../04-libdrm-amdgpu1_2.4.124-2_amd64.deb ...
#11 69.43 Unpacking libdrm-amdgpu1:amd64 (2.4.124-2) ...
#11 69.47 Selecting previously unselected package libpciaccess0:amd64.
#11 69.47 Preparing to unpack .../05-libpciaccess0_0.17-3+b3_amd64.deb ...
#11 69.47 Unpacking libpciaccess0:amd64 (0.17-3+b3) ...
#11 69.51 Selecting previously unselected package libdrm-intel1:amd64.
#11 69.51 Preparing to unpack .../06-libdrm-intel1_2.4.124-2_amd64.deb ...
#11 69.52 Unpacking libdrm-intel1:amd64 (2.4.124-2) ...
#11 69.55 Selecting previously unselected package libedit2:amd64.
#11 69.56 Preparing to unpack .../07-libedit2_3.1-20250104-1_amd64.deb ...
#11 69.56 Unpacking libedit2:amd64 (3.1-20250104-1) ...
#11 69.60 Selecting previously unselected package libelf1t64:amd64.
#11 69.60 Preparing to unpack .../08-libelf1t64_0.192-4_amd64.deb ...
#11 69.61 Unpacking libelf1t64:amd64 (0.192-4) ...
#11 69.65 Selecting previously unselected package libwayland-server0:amd64.
#11 69.65 Preparing to unpack .../09-libwayland-server0_1.23.1-3_amd64.deb ...
#11 69.66 Unpacking libwayland-server0:amd64 (1.23.1-3) ...
#11 69.70 Selecting previously unselected package libxml2:amd64.
#11 69.70 Preparing to unpack .../10-libxml2_2.12.7+dfsg+really2.9.14-2.1+deb13u3_amd64.deb ...
#11 69.70 Unpacking libxml2:amd64 (2.12.7+dfsg+really2.9.14-2.1+deb13u3) ...
#11 69.76 Selecting previously unselected package libz3-4:amd64.
#11 69.76 Preparing to unpack .../11-libz3-4_4.13.3-1_amd64.deb ...
#11 69.77 Unpacking libz3-4:amd64 (4.13.3-1) ...
#11 70.13 Selecting previously unselected package libllvm19:amd64.
#11 70.13 Preparing to unpack .../12-libllvm19_1%3a19.1.7-3+b1_amd64.deb ...
#11 70.14 Unpacking libllvm19:amd64 (1:19.1.7-3+b1) ...
#11 70.85 Selecting previously unselected package libsensors-config.
#11 70.85 Preparing to unpack .../13-libsensors-config_1%3a3.6.2-2_all.deb ...
#11 70.85 Unpacking libsensors-config (1:3.6.2-2) ...
#11 70.89 Selecting previously unselected package libsensors5:amd64.
#11 70.89 Preparing to unpack .../14-libsensors5_1%3a3.6.2-2_amd64.deb ...
#11 70.90 Unpacking libsensors5:amd64 (1:3.6.2-2) ...
#11 70.93 Selecting previously unselected package libxau6:amd64.
#11 70.93 Preparing to unpack .../15-libxau6_1%3a1.0.11-1_amd64.deb ...
#11 70.93 Unpacking libxau6:amd64 (1:1.0.11-1) ...
#11 70.96 Selecting previously unselected package libxdmcp6:amd64.
#11 70.96 Preparing to unpack .../16-libxdmcp6_1%3a1.1.5-1_amd64.deb ...
#11 70.97 Unpacking libxdmcp6:amd64 (1:1.1.5-1) ...
#11 71.00 Selecting previously unselected package libxcb1:amd64.
#11 71.00 Preparing to unpack .../17-libxcb1_1.17.0-2+b1_amd64.deb ...
#11 71.01 Unpacking libxcb1:amd64 (1.17.0-2+b1) ...
#11 71.04 Selecting previously unselected package libx11-data.
#11 71.04 Preparing to unpack .../18-libx11-data_2%3a1.8.12-1_all.deb ...
#11 71.05 Unpacking libx11-data (2:1.8.12-1) ...
#11 71.11 Selecting previously unselected package libx11-6:amd64.
#11 71.12 Preparing to unpack .../19-libx11-6_2%3a1.8.12-1_amd64.deb ...
#11 71.12 Unpacking libx11-6:amd64 (2:1.8.12-1) ...
#11 71.18 Selecting previously unselected package libx11-xcb1:amd64.
#11 71.19 Preparing to unpack .../20-libx11-xcb1_2%3a1.8.12-1_amd64.deb ...
#11 71.19 Unpacking libx11-xcb1:amd64 (2:1.8.12-1) ...
#11 71.23 Selecting previously unselected package libxcb-dri3-0:amd64.
#11 71.23 Preparing to unpack .../21-libxcb-dri3-0_1.17.0-2+b1_amd64.deb ...
#11 71.24 Unpacking libxcb-dri3-0:amd64 (1.17.0-2+b1) ...
#11 71.27 Selecting previously unselected package libxcb-present0:amd64.
#11 71.27 Preparing to unpack .../22-libxcb-present0_1.17.0-2+b1_amd64.deb ...
#11 71.28 Unpacking libxcb-present0:amd64 (1.17.0-2+b1) ...
#11 71.32 Selecting previously unselected package libxcb-randr0:amd64.
#11 71.32 Preparing to unpack .../23-libxcb-randr0_1.17.0-2+b1_amd64.deb ...
#11 71.32 Unpacking libxcb-randr0:amd64 (1.17.0-2+b1) ...
#11 71.36 Selecting previously unselected package libxcb-sync1:amd64.
#11 71.36 Preparing to unpack .../24-libxcb-sync1_1.17.0-2+b1_amd64.deb ...
#11 71.36 Unpacking libxcb-sync1:amd64 (1.17.0-2+b1) ...
#11 71.42 Selecting previously unselected package libxcb-xfixes0:amd64.
#11 71.42 Preparing to unpack .../25-libxcb-xfixes0_1.17.0-2+b1_amd64.deb ...
#11 71.43 Unpacking libxcb-xfixes0:amd64 (1.17.0-2+b1) ...
#11 71.46 Selecting previously unselected package libxshmfence1:amd64.
#11 71.46 Preparing to unpack .../26-libxshmfence1_1.3.3-1_amd64.deb ...
#11 71.47 Unpacking libxshmfence1:amd64 (1.3.3-1) ...
#11 71.50 Selecting previously unselected package mesa-libgallium:amd64.
#11 71.50 Preparing to unpack .../27-mesa-libgallium_25.0.7-2+deb13u1_amd64.deb ...
#11 71.51 Unpacking mesa-libgallium:amd64 (25.0.7-2+deb13u1) ...
#11 71.91 Selecting previously unselected package libgbm1:amd64.
#11 71.91 Preparing to unpack .../28-libgbm1_25.0.7-2+deb13u1_amd64.deb ...
#11 71.91 Unpacking libgbm1:amd64 (25.0.7-2+deb13u1) ...
#11 71.95 Selecting previously unselected package libglvnd0:amd64.
#11 71.95 Preparing to unpack .../29-libglvnd0_1.7.0-1+b2_amd64.deb ...
#11 71.95 Unpacking libglvnd0:amd64 (1.7.0-1+b2) ...
#11 71.99 Selecting previously unselected package libxcb-glx0:amd64.
#11 71.99 Preparing to unpack .../30-libxcb-glx0_1.17.0-2+b1_amd64.deb ...
#11 72.00 Unpacking libxcb-glx0:amd64 (1.17.0-2+b1) ...
#11 72.03 Selecting previously unselected package libxcb-shm0:amd64.
#11 72.03 Preparing to unpack .../31-libxcb-shm0_1.17.0-2+b1_amd64.deb ...
#11 72.04 Unpacking libxcb-shm0:amd64 (1.17.0-2+b1) ...
#11 72.08 Selecting previously unselected package libxext6:amd64.
#11 72.08 Preparing to unpack .../32-libxext6_2%3a1.3.4-1+b3_amd64.deb ...
#11 72.08 Unpacking libxext6:amd64 (2:1.3.4-1+b3) ...
#11 72.12 Selecting previously unselected package libxxf86vm1:amd64.
#11 72.12 Preparing to unpack .../33-libxxf86vm1_1%3a1.1.4-1+b4_amd64.deb ...
#11 72.12 Unpacking libxxf86vm1:amd64 (1:1.1.4-1+b4) ...
#11 72.16 Selecting previously unselected package libvulkan1:amd64.
#11 72.16 Preparing to unpack .../34-libvulkan1_1.4.309.0-1_amd64.deb ...
#11 72.17 Unpacking libvulkan1:amd64 (1.4.309.0-1) ...
#11 72.21 Selecting previously unselected package libgl1-mesa-dri:amd64.
#11 72.21 Preparing to unpack .../35-libgl1-mesa-dri_25.0.7-2+deb13u1_amd64.deb ...
#11 72.22 Unpacking libgl1-mesa-dri:amd64 (25.0.7-2+deb13u1) ...
#11 72.26 Selecting previously unselected package libglx-mesa0:amd64.
#11 72.26 Preparing to unpack .../36-libglx-mesa0_25.0.7-2+deb13u1_amd64.deb ...
#11 72.27 Unpacking libglx-mesa0:amd64 (25.0.7-2+deb13u1) ...
#11 72.31 Selecting previously unselected package libglx0:amd64.
#11 72.31 Preparing to unpack .../37-libglx0_1.7.0-1+b2_amd64.deb ...
#11 72.32 Unpacking libglx0:amd64 (1.7.0-1+b2) ...
#11 72.36 Selecting previously unselected package libgl1:amd64.
#11 72.36 Preparing to unpack .../38-libgl1_1.7.0-1+b2_amd64.deb ...
#11 72.36 Unpacking libgl1:amd64 (1.7.0-1+b2) ...
#11 72.42 Selecting previously unselected package libglib2.0-0t64:amd64.
#11 72.42 Preparing to unpack .../39-libglib2.0-0t64_2.84.4-3~deb13u3_amd64.deb ...
#11 72.43 Unpacking libglib2.0-0t64:amd64 (2.84.4-3~deb13u3) ...
#11 72.54 Setting up libexpat1:amd64 (2.8.3-1~deb13u1) ...
#11 72.55 Setting up libwayland-server0:amd64 (1.23.1-3) ...
#11 72.56 Setting up libpciaccess0:amd64 (0.17-3+b3) ...
#11 72.57 Setting up libxau6:amd64 (1:1.0.11-1) ...
#11 72.59 Setting up libxdmcp6:amd64 (1:1.1.5-1) ...
#11 72.60 Setting up libxcb1:amd64 (1.17.0-2+b1) ...
#11 72.61 Setting up libxcb-xfixes0:amd64 (1.17.0-2+b1) ...
#11 72.63 Setting up libglvnd0:amd64 (1.7.0-1+b2) ...
#11 72.64 Setting up libxcb-glx0:amd64 (1.17.0-2+b1) ...
#11 72.65 Setting up libedit2:amd64 (3.1-20250104-1) ...
#11 72.66 Setting up libsensors-config (1:3.6.2-2) ...
#11 72.69 Setting up libxcb-shm0:amd64 (1.17.0-2+b1) ...
#11 72.70 Setting up libelf1t64:amd64 (0.192-4) ...
#11 72.71 Setting up libxcb-present0:amd64 (1.17.0-2+b1) ...
#11 72.72 Setting up libz3-4:amd64 (4.13.3-1) ...
#11 72.74 Setting up libx11-data (2:1.8.12-1) ...
#11 72.75 Setting up libxcb-sync1:amd64 (1.17.0-2+b1) ...
#11 72.77 Setting up libatomic1:amd64 (14.2.0-19) ...
#11 72.78 Setting up libsensors5:amd64 (1:3.6.2-2) ...
#11 72.80 Setting up libvulkan1:amd64 (1.4.309.0-1) ...
#11 72.81 Setting up libxshmfence1:amd64 (1.3.3-1) ...
#11 72.82 Setting up libxcb-randr0:amd64 (1.17.0-2+b1) ...
#11 72.84 Setting up libx11-6:amd64 (2:1.8.12-1) ...
#11 72.85 Setting up libdrm-common (2.4.124-2) ...
#11 72.87 Setting up libxml2:amd64 (2.12.7+dfsg+really2.9.14-2.1+deb13u3) ...
#11 72.88 Setting up libxcb-dri3-0:amd64 (1.17.0-2+b1) ...
#11 72.90 Setting up libllvm19:amd64 (1:19.1.7-3+b1) ...
#11 72.92 Setting up libx11-xcb1:amd64 (2:1.8.12-1) ...
#11 72.93 Setting up libxext6:amd64 (2:1.3.4-1+b3) ...
#11 72.95 Setting up libxxf86vm1:amd64 (1:1.1.4-1+b4) ...
#11 72.97 Setting up libglib2.0-0t64:amd64 (2.84.4-3~deb13u3) ...
#11 72.98 No schema files found: doing nothing.
#11 72.99 Setting up libdrm2:amd64 (2.4.124-2) ...
#11 73.01 Setting up libdrm-amdgpu1:amd64 (2.4.124-2) ...
#11 73.03 Setting up libdrm-intel1:amd64 (2.4.124-2) ...
#11 73.05 Setting up mesa-libgallium:amd64 (25.0.7-2+deb13u1) ...
#11 73.07 Setting up libgbm1:amd64 (25.0.7-2+deb13u1) ...
#11 73.08 Setting up libgl1-mesa-dri:amd64 (25.0.7-2+deb13u1) ...
#11 73.11 Setting up libglx-mesa0:amd64 (25.0.7-2+deb13u1) ...
#11 73.13 Setting up libglx0:amd64 (1.7.0-1+b2) ...
#11 73.14 Setting up libgl1:amd64 (1.7.0-1+b2) ...
#11 73.16 Processing triggers for libc-bin (2.41-12+deb13u3) ...
#11 DONE 73.4s

#12 [builder 4/7] RUN python -m venv /opt/venv
#12 DONE 8.2s

#13 [internal] load .dockerignore
#13 transferring context: 255B done
#13 DONE 0.0s

#14 [runtime 3/8] RUN apt-get update     && apt-get install -y --no-install-recommends curl libgl1 libglib2.0-0     && rm -rf /var/lib/apt/lists/*     && addgroup --system appgroup     && adduser --system --ingroup appgroup --home /app appuser
#14 0.344 Hit:1 http://deb.debian.org/debian trixie InRelease
#14 0.433 Get:2 http://deb.debian.org/debian trixie-updates InRelease [47.3 kB]
#14 0.550 Get:3 http://deb.debian.org/debian-security trixie-security InRelease [43.4 kB]
#14 0.695 Get:4 http://deb.debian.org/debian trixie/main amd64 Packages [9673 kB]
#14 6.591 Get:5 http://deb.debian.org/debian trixie-updates/main amd64 Packages [4412 B]
#14 6.655 Get:6 http://deb.debian.org/debian-security trixie-security/main amd64 Packages [247 kB]
#14 7.261 Fetched 10.0 MB in 7s (1419 kB/s)
#14 7.261 Reading package lists...
#14 7.807 Reading package lists...
#14 8.318 Building dependency tree...
#14 8.441 Reading state information...
#14 8.633 The following additional packages will be installed:
#14 8.633   libatomic1 libbrotli1 libcom-err2 libcurl4t64 libdrm-amdgpu1 libdrm-common
#14 8.633   libdrm-intel1 libdrm2 libedit2 libelf1t64 libexpat1 libgbm1 libgl1-mesa-dri
#14 8.633   libglvnd0 libglx-mesa0 libglx0 libgnutls30t64 libgssapi-krb5-2 libidn2-0
#14 8.633   libk5crypto3 libkeyutils1 libkrb5-3 libkrb5support0 libldap2 libllvm19
#14 8.633   libnghttp2-14 libnghttp3-9 libp11-kit0 libpciaccess0 libpsl5t64 librtmp1
#14 8.633   libsasl2-2 libsasl2-modules-db libsensors-config libsensors5 libssh2-1t64
#14 8.633   libtasn1-6 libunistring5 libvulkan1 libwayland-server0 libx11-6 libx11-data
#14 8.633   libx11-xcb1 libxau6 libxcb-dri3-0 libxcb-glx0 libxcb-present0 libxcb-randr0
#14 8.633   libxcb-shm0 libxcb-sync1 libxcb-xfixes0 libxcb1 libxdmcp6 libxext6 libxml2
#14 8.634   libxshmfence1 libxxf86vm1 libz3-4 mesa-libgallium
#14 8.636 Suggested packages:
#14 8.636   low-memory-monitor gnutls-bin krb5-doc krb5-user pciutils lm-sensors
#14 8.636 Recommended packages:
#14 8.636   bash-completion libglib2.0-data shared-mime-info xdg-user-dirs krb5-locales
#14 8.636   libldap-common publicsuffix libsasl2-modules mesa-vulkan-drivers
#14 8.636   | vulkan-icd
#14 8.921 The following NEW packages will be installed:
#14 8.921   curl libatomic1 libbrotli1 libcom-err2 libcurl4t64 libdrm-amdgpu1
#14 8.921   libdrm-common libdrm-intel1 libdrm2 libedit2 libelf1t64 libexpat1 libgbm1
#14 8.921   libgl1 libgl1-mesa-dri libglib2.0-0t64 libglvnd0 libglx-mesa0 libglx0
#14 8.921   libgnutls30t64 libgssapi-krb5-2 libidn2-0 libk5crypto3 libkeyutils1
#14 8.921   libkrb5-3 libkrb5support0 libldap2 libllvm19 libnghttp2-14 libnghttp3-9
#14 8.921   libp11-kit0 libpciaccess0 libpsl5t64 librtmp1 libsasl2-2 libsasl2-modules-db
#14 8.921   libsensors-config libsensors5 libssh2-1t64 libtasn1-6 libunistring5
#14 8.921   libvulkan1 libwayland-server0 libx11-6 libx11-data libx11-xcb1 libxau6
#14 8.921   libxcb-dri3-0 libxcb-glx0 libxcb-present0 libxcb-randr0 libxcb-shm0
#14 8.921   libxcb-sync1 libxcb-xfixes0 libxcb1 libxdmcp6 libxext6 libxml2 libxshmfence1
#14 8.922   libxxf86vm1 libz3-4 mesa-libgallium
#14 9.070 0 upgraded, 62 newly installed, 0 to remove and 9 not upgraded.
#14 9.070 Need to get 55.0 MB of archives.
#14 9.070 After this operation, 233 MB of additional disk space will be used.
#14 9.070 Get:1 http://deb.debian.org/debian-security trixie-security/main amd64 libexpat1 amd64 2.8.3-1~deb13u1 [123 kB]
#14 9.396 Get:2 http://deb.debian.org/debian trixie/main amd64 libbrotli1 amd64 1.1.0-2+b7 [307 kB]
#14 10.50 Get:3 http://deb.debian.org/debian trixie/main amd64 libkrb5support0 amd64 1.21.3-5+deb13u1 [33.1 kB]
#14 10.74 Get:4 http://deb.debian.org/debian trixie/main amd64 libcom-err2 amd64 1.47.2-3+b11 [25.0 kB]
#14 10.97 Get:5 http://deb.debian.org/debian trixie/main amd64 libk5crypto3 amd64 1.21.3-5+deb13u1 [81.2 kB]
#14 11.45 Get:6 http://deb.debian.org/debian trixie/main amd64 libkeyutils1 amd64 1.6.3-6 [9456 B]
#14 11.53 Get:7 http://deb.debian.org/debian trixie/main amd64 libkrb5-3 amd64 1.21.3-5+deb13u1 [326 kB]
#14 12.92 Get:8 http://deb.debian.org/debian trixie/main amd64 libgssapi-krb5-2 amd64 1.21.3-5+deb13u1 [138 kB]
#14 13.52 Get:9 http://deb.debian.org/debian trixie/main amd64 libunistring5 amd64 1.3-2 [477 kB]
#14 16.50 Get:10 http://deb.debian.org/debian trixie/main amd64 libidn2-0 amd64 2.3.8-2 [109 kB]
#14 17.28 Get:11 http://deb.debian.org/debian trixie/main amd64 libsasl2-modules-db amd64 2.1.28+dfsg1-9 [19.8 kB]
#14 17.40 Get:12 http://deb.debian.org/debian trixie/main amd64 libsasl2-2 amd64 2.1.28+dfsg1-9 [57.5 kB]
#14 17.67 Get:13 http://deb.debian.org/debian trixie/main amd64 libldap2 amd64 2.6.10+dfsg-1 [194 kB]
#14 18.74 Get:14 http://deb.debian.org/debian trixie/main amd64 libnghttp2-14 amd64 1.64.0-1.1+deb13u1 [76.2 kB]
#14 19.44 Get:15 http://deb.debian.org/debian trixie/main amd64 libnghttp3-9 amd64 1.8.0-1 [67.7 kB]
#14 20.68 Get:16 http://deb.debian.org/debian trixie/main amd64 libpsl5t64 amd64 0.21.2-1.1+b1 [57.2 kB]
#14 21.35 Get:17 http://deb.debian.org/debian trixie/main amd64 libp11-kit0 amd64 0.25.5-3 [425 kB]
#14 25.60 Get:18 http://deb.debian.org/debian trixie/main amd64 libtasn1-6 amd64 4.20.0-2+deb13u1 [50.1 kB]
#14 25.84 Get:19 http://deb.debian.org/debian trixie/main amd64 libgnutls30t64 amd64 3.8.9-3+deb13u4 [1469 kB]
#14 31.85 Get:20 http://deb.debian.org/debian trixie/main amd64 librtmp1 amd64 2.4+20151223.gitfa8646d.1-2+b5 [58.8 kB]
#14 32.10 Get:21 http://deb.debian.org/debian trixie/main amd64 libssh2-1t64 amd64 1.11.1-1+deb13u1 [245 kB]
#14 33.01 Get:22 http://deb.debian.org/debian trixie/main amd64 libcurl4t64 amd64 8.14.1-2+deb13u4 [392 kB]
#14 38.57 Get:23 http://deb.debian.org/debian trixie/main amd64 curl amd64 8.14.1-2+deb13u4 [270 kB]
#14 53.85 Get:24 http://deb.debian.org/debian trixie/main amd64 libatomic1 amd64 14.2.0-19 [9308 B]
#14 53.99 Get:25 http://deb.debian.org/debian trixie/main amd64 libdrm-common all 2.4.124-2 [8288 B]
#14 54.08 Get:26 http://deb.debian.org/debian trixie/main amd64 libdrm2 amd64 2.4.124-2 [39.0 kB]
#14 54.37 Get:27 http://deb.debian.org/debian trixie/main amd64 libdrm-amdgpu1 amd64 2.4.124-2 [22.6 kB]
#14 54.57 Get:28 http://deb.debian.org/debian trixie/main amd64 libpciaccess0 amd64 0.17-3+b3 [51.9 kB]
#14 54.91 Get:29 http://deb.debian.org/debian trixie/main amd64 libdrm-intel1 amd64 2.4.124-2 [64.1 kB]
#14 55.38 Get:30 http://deb.debian.org/debian trixie/main amd64 libedit2 amd64 3.1-20250104-1 [93.8 kB]
#14 56.43 Get:31 http://deb.debian.org/debian trixie/main amd64 libelf1t64 amd64 0.192-4 [189 kB]
#14 57.86 Get:32 http://deb.debian.org/debian trixie/main amd64 libwayland-server0 amd64 1.23.1-3 [34.4 kB]
#14 58.58 Get:33 http://deb.debian.org/debian trixie/main amd64 libxml2 amd64 2.12.7+dfsg+really2.9.14-2.1+deb13u3 [700 kB]
#14 64.33 Get:34 http://deb.debian.org/debian trixie/main amd64 libz3-4 amd64 4.13.3-1 [8560 kB]
#14 179.4 Get:35 http://deb.debian.org/debian trixie/main amd64 libllvm19 amd64 1:19.1.7-3+b1 [26.0 MB]
#14 ...

#15 [builder 5/7] COPY requirements-yolo.txt ./requirements.txt
#15 DONE 0.1s

#16 [internal] load build context
#16 transferring context: 435B done
#16 DONE 0.0s

#17 [builder 6/7] RUN /opt/venv/bin/pip install --no-cache-dir --upgrade pip     && /opt/venv/bin/pip install --no-cache-dir -r requirements.txt
#17 1.083 Looking in indexes: https://pypi.org/simple, https://download.pytorch.org/whl/cpu
#17 1.084 Requirement already satisfied: pip in /opt/venv/lib/python3.11/site-packages (24.0)
#17 2.491 Collecting pip
#17 2.822   Downloading pip-26.2.1-py3-none-any.whl.metadata (4.6 kB)
#17 2.961 Downloading pip-26.2.1-py3-none-any.whl (1.8 MB)
#17 4.059    ΓöüΓöüΓöüΓöüΓöüΓöüΓöüΓöüΓöüΓöüΓöüΓöüΓöüΓöüΓöüΓöüΓöüΓöüΓöüΓöüΓöüΓöüΓöüΓöüΓöüΓöüΓöüΓöüΓöüΓöüΓöüΓöüΓöüΓöüΓöüΓöüΓöüΓöüΓöüΓöü 1.8/1.8 MB 1.6 MB/s eta 0:00:00
#17 4.093 Installing collected packages: pip
#17 4.093   Attempting uninstall: pip
#17 4.095     Found existing installation: pip 24.0
#17 4.124     Uninstalling pip-24.0:
#17 4.283       Successfully uninstalled pip-24.0
#17 4.892 Successfully installed pip-26.2.1
#17 7.917 Looking in indexes: https://pypi.org/simple, https://download.pytorch.org/whl/cpu, https://download.pytorch.org/whl/cpu
#17 9.052 Collecting fastapi==0.115.6 (from -r requirements.txt (line 5))
#17 9.379   Downloading fastapi-0.115.6-py3-none-any.whl.metadata (27 kB)
#17 10.34 Collecting uvicorn==0.34.0 (from uvicorn[standard]==0.34.0->-r requirements.txt (line 6))
#17 10.41   Downloading uvicorn-0.34.0-py3-none-any.whl.metadata (6.5 kB)
#17 11.44 Collecting pydantic==2.10.4 (from -r requirements.txt (line 7))
#17 11.50   Downloading pydantic-2.10.4-py3-none-any.whl.metadata (29 kB)
#17 12.41 Collecting httpx==0.27.2 (from -r requirements.txt (line 8))
#17 12.48   Downloading httpx-0.27.2-py3-none-any.whl.metadata (7.1 kB)
#17 13.44 Collecting ultralytics==8.3.0 (from -r requirements.txt (line 9))
#17 13.51   Downloading ultralytics-8.3.0-py3-none-any.whl.metadata (34 kB)
#17 14.07 Collecting torch==2.3.1+cpu (from -r requirements.txt (line 11))
#17 14.45   Downloading torch-2.3.1%2Bcpu-cp311-cp311-linux_x86_64.whl (190.4 MB)
#17 128.7      ΓöüΓöüΓöüΓöüΓöüΓöüΓöüΓöüΓöüΓöüΓöüΓöüΓöüΓöüΓöüΓöüΓöüΓöüΓöüΓöüΓöüΓöüΓöüΓöüΓöüΓöüΓöüΓöüΓöüΓöüΓöüΓöüΓöüΓöüΓöüΓöüΓöüΓöüΓöüΓöü 190.4/190.4 MB 1.7 MB/s  0:01:54
#17 129.4 Collecting torchvision==0.18.1+cpu (from -r requirements.txt (line 12))
#17 129.4   Downloading torchvision-0.18.1%2Bcpu-cp311-cp311-linux_x86_64.whl (1.6 MB)
#17 130.4      ΓöüΓöüΓöüΓöüΓöüΓöüΓöüΓöüΓöüΓöüΓöüΓöüΓöüΓöüΓöüΓöüΓöüΓöüΓöüΓöüΓöüΓöüΓöüΓöüΓöüΓöüΓöüΓöüΓöüΓöüΓöüΓöüΓöüΓöüΓöüΓöüΓöüΓöüΓöüΓöü 1.6/1.6 MB 1.7 MB/s  0:00:00
#17 132.4 Collecting numpy==1.26.4 (from -r requirements.txt (line 13))
#17 132.5   Downloading numpy-1.26.4-cp311-cp311-manylinux_2_17_x86_64.manylinux2014_x86_64.whl.metadata (61 kB)
#17 134.3 Collecting pillow==10.4.0 (from -r requirements.txt (line 14))
#17 134.4   Downloading pillow-10.4.0-cp311-cp311-manylinux_2_28_x86_64.whl.metadata (9.2 kB)
#17 135.2 Collecting starlette<0.42.0,>=0.40.0 (from fastapi==0.115.6->-r requirements.txt (line 5))
#17 135.3   Downloading starlette-0.41.3-py3-none-any.whl.metadata (6.0 kB)
#17 135.4 Collecting typing-extensions>=4.8.0 (from fastapi==0.115.6->-r requirements.txt (line 5))
#17 135.5   Downloading typing_extensions-4.16.0-py3-none-any.whl.metadata (3.3 kB)
#17 136.2 Collecting annotated-types>=0.6.0 (from pydantic==2.10.4->-r requirements.txt (line 7))
#17 136.3   Downloading annotated_types-0.8.0-py3-none-any.whl.metadata (15 kB)
#17 138.4 Collecting pydantic-core==2.27.2 (from pydantic==2.10.4->-r requirements.txt (line 7))
#17 138.5   Downloading pydantic_core-2.27.2-cp311-cp311-manylinux_2_17_x86_64.manylinux2014_x86_64.whl.metadata (6.6 kB)
#17 139.3 Collecting click>=7.0 (from uvicorn==0.34.0->uvicorn[standard]==0.34.0->-r requirements.txt (line 6))
#17 139.4   Downloading click-8.4.2-py3-none-any.whl.metadata (2.6 kB)
#17 140.1 Collecting h11>=0.8 (from uvicorn==0.34.0->uvicorn[standard]==0.34.0->-r requirements.txt (line 6))
#17 140.2   Downloading h11-0.16.0-py3-none-any.whl.metadata (8.3 kB)
#17 141.0 Collecting anyio (from httpx==0.27.2->-r requirements.txt (line 8))
#17 141.1   Downloading anyio-4.14.2-py3-none-any.whl.metadata (4.6 kB)
#17 141.3 Collecting certifi (from httpx==0.27.2->-r requirements.txt (line 8))
#17 141.4   Downloading certifi-2026.7.22-py3-none-any.whl.metadata (2.5 kB)
#17 142.2 Collecting httpcore==1.* (from httpx==0.27.2->-r requirements.txt (line 8))
#17 142.3   Downloading httpcore-1.0.9-py3-none-any.whl.metadata (21 kB)
#17 142.3 Collecting idna (from httpx==0.27.2->-r requirements.txt (line 8))
#17 142.4   Downloading idna-3.19-py3-none-any.whl.metadata (9.2 kB)
#17 143.2 Collecting sniffio (from httpx==0.27.2->-r requirements.txt (line 8))
#17 143.3   Downloading sniffio-1.3.1-py3-none-any.whl.metadata (3.9 kB)
#17 144.3 Collecting matplotlib>=3.3.0 (from ultralytics==8.3.0->-r requirements.txt (line 9))
#17 144.4   Downloading matplotlib-3.11.1-cp311-cp311-manylinux2014_x86_64.manylinux_2_17_x86_64.whl.metadata (80 kB)
#17 145.3 Collecting opencv-python>=4.6.0 (from ultralytics==8.3.0->-r requirements.txt (line 9))
#17 145.4   Downloading opencv_python-5.0.0.93-cp37-abi3-manylinux_2_28_x86_64.whl.metadata (19 kB)
#17 146.2 Collecting pyyaml>=5.3.1 (from ultralytics==8.3.0->-r requirements.txt (line 9))
#17 146.3   Downloading pyyaml-6.0.3-cp311-cp311-manylinux2014_x86_64.manylinux_2_17_x86_64.manylinux_2_28_x86_64.whl.metadata (2.4 kB)
#17 146.4 Collecting requests>=2.23.0 (from ultralytics==8.3.0->-r requirements.txt (line 9))
#17 146.5   Downloading requests-2.34.2-py3-none-any.whl.metadata (4.8 kB)
#17 147.1 Collecting scipy>=1.4.1 (from ultralytics==8.3.0->-r requirements.txt (line 9))
#17 147.1   Downloading scipy-1.17.1-cp311-cp311-manylinux_2_27_x86_64.manylinux_2_28_x86_64.whl.metadata (62 kB)
#17 147.3 Collecting tqdm>=4.64.0 (from ultralytics==8.3.0->-r requirements.txt (line 9))
#17 147.3   Downloading tqdm-4.70.0-py3-none-any.whl.metadata (57 kB)
#17 148.3 Collecting psutil (from ultralytics==8.3.0->-r requirements.txt (line 9))
#17 148.3   Downloading psutil-7.2.2-cp36-abi3-manylinux2010_x86_64.manylinux_2_12_x86_64.manylinux_2_28_x86_64.whl.metadata (22 kB)
#17 149.1 Collecting py-cpuinfo (from ultralytics==8.3.0->-r requirements.txt (line 9))
#17 149.2   Downloading py_cpuinfo-9.0.0-py3-none-any.whl.metadata (794 bytes)
#17 150.1 Collecting pandas>=1.1.4 (from ultralytics==8.3.0->-r requirements.txt (line 9))
#17 150.2   Downloading pandas-3.0.5-cp311-cp311-manylinux_2_24_x86_64.manylinux_2_28_x86_64.whl.metadata (79 kB)
#17 151.0 Collecting seaborn>=0.11.0 (from ultralytics==8.3.0->-r requirements.txt (line 9))
#17 151.1   Downloading seaborn-0.13.2-py3-none-any.whl.metadata (5.4 kB)
#17 151.9 Collecting ultralytics-thop>=2.0.0 (from ultralytics==8.3.0->-r requirements.txt (line 9))
#17 152.1   Downloading ultralytics_thop-2.1.6-py3-none-any.whl.metadata (13 kB)
#17 152.3 Collecting filelock (from torch==2.3.1+cpu->-r requirements.txt (line 11))
#17 152.3   Downloading filelock-3.32.3-py3-none-any.whl.metadata (2.0 kB)
#17 152.5 Collecting sympy (from torch==2.3.1+cpu->-r requirements.txt (line 11))
#17 152.6   Downloading sympy-1.14.0-py3-none-any.whl.metadata (12 kB)
#17 152.7 Collecting networkx (from torch==2.3.1+cpu->-r requirements.txt (line 11))
#17 152.8   Downloading networkx-3.6.1-py3-none-any.whl.metadata (6.8 kB)
#17 152.9 Collecting jinja2 (from torch==2.3.1+cpu->-r requirements.txt (line 11))
#17 152.9   Downloading jinja2-3.1.6-py3-none-any.whl.metadata (2.9 kB)
#17 153.1 Collecting fsspec (from torch==2.3.1+cpu->-r requirements.txt (line 11))
#17 153.1   Downloading fsspec-2026.7.0-py3-none-any.whl.metadata (10 kB)
#17 154.0 Collecting httptools>=0.6.3 (from uvicorn[standard]==0.34.0->-r requirements.txt (line 6))
#17 154.1   Downloading httptools-0.8.0-cp311-cp311-manylinux1_x86_64.manylinux_2_28_x86_64.manylinux_2_5_x86_64.whl.metadata (3.5 kB)
#17 155.0 Collecting python-dotenv>=0.13 (from uvicorn[standard]==0.34.0->-r requirements.txt (line 6))
#17 155.0   Downloading python_dotenv-1.2.3-py3-none-any.whl.metadata (29 kB)
#17 156.0 Collecting uvloop!=0.15.0,!=0.15.1,>=0.14.0 (from uvicorn[standard]==0.34.0->-r requirements.txt (line 6))
#17 156.0   Downloading uvloop-0.22.1-cp311-cp311-manylinux2014_x86_64.manylinux_2_17_x86_64.manylinux_2_28_x86_64.whl.metadata (4.9 kB)
#17 157.0 Collecting watchfiles>=0.13 (from uvicorn[standard]==0.34.0->-r requirements.txt (line 6))
#17 157.0   Downloading watchfiles-1.2.0-cp311-cp311-manylinux_2_17_x86_64.manylinux2014_x86_64.whl.metadata (4.9 kB)
#17 158.1 Collecting websockets>=10.4 (from uvicorn[standard]==0.34.0->-r requirements.txt (line 6))
#17 158.1   Downloading websockets-17.0.1-cp311-cp311-manylinux1_x86_64.manylinux_2_28_x86_64.manylinux_2_5_x86_64.whl.metadata (6.3 kB)
#17 159.0 Collecting contourpy>=1.0.1 (from matplotlib>=3.3.0->ultralytics==8.3.0->-r requirements.txt (line 9))
#17 159.1   Downloading contourpy-1.3.3-cp311-cp311-manylinux_2_27_x86_64.manylinux_2_28_x86_64.whl.metadata (5.5 kB)
#17 159.9 Collecting cycler>=0.10 (from matplotlib>=3.3.0->ultralytics==8.3.0->-r requirements.txt (line 9))
#17 160.0   Downloading cycler-0.12.1-py3-none-any.whl.metadata (3.8 kB)
#17 161.1 Collecting fonttools>=4.28.2 (from matplotlib>=3.3.0->ultralytics==8.3.0->-r requirements.txt (line 9))
#17 161.1   Downloading fonttools-4.63.0-cp311-cp311-manylinux2014_x86_64.manylinux_2_17_x86_64.whl.metadata (118 kB)
#17 162.1 Collecting kiwisolver>=1.3.1 (from matplotlib>=3.3.0->ultralytics==8.3.0->-r requirements.txt (line 9))
#17 162.1   Downloading kiwisolver-1.5.0-cp311-cp311-manylinux2014_x86_64.manylinux_2_17_x86_64.whl.metadata (5.1 kB)
#17 162.3 Collecting packaging>=20.0 (from matplotlib>=3.3.0->ultralytics==8.3.0->-r requirements.txt (line 9))
#17 162.4   Downloading packaging-26.3-py3-none-any.whl.metadata (3.5 kB)
#17 163.2 Collecting pyparsing>=3 (from matplotlib>=3.3.0->ultralytics==8.3.0->-r requirements.txt (line 9))
#17 163.3   Downloading pyparsing-3.3.2-py3-none-any.whl.metadata (5.8 kB)
#17 164.1 Collecting python-dateutil>=2.7 (from matplotlib>=3.3.0->ultralytics==8.3.0->-r requirements.txt (line 9))
#17 164.2   Downloading python_dateutil-2.9.0.post0-py2.py3-none-any.whl.metadata (8.4 kB)
#17 164.2 INFO: pip is looking at multiple versions of opencv-python to determine which version is compatible with other requirements. This could take a while.
#17 164.2 Collecting opencv-python>=4.6.0 (from ultralytics==8.3.0->-r requirements.txt (line 9))
#17 164.3   Downloading opencv_python-4.14.0.94-cp37-abi3-manylinux_2_28_x86_64.whl.metadata (19 kB)
#17 164.4   Downloading opencv_python-4.13.0.92-cp37-abi3-manylinux_2_28_x86_64.whl.metadata (19 kB)
#17 164.4   Downloading opencv_python-4.13.0.90-cp37-abi3-manylinux_2_28_x86_64.whl.metadata (19 kB)
#17 164.5   Downloading opencv_python-4.12.0.88-cp37-abi3-manylinux2014_x86_64.manylinux_2_17_x86_64.whl.metadata (19 kB)
#17 164.6   Downloading opencv_python-4.11.0.86-cp37-abi3-manylinux_2_17_x86_64.manylinux2014_x86_64.whl.metadata (20 kB)
#17 165.4 Collecting six>=1.5 (from python-dateutil>=2.7->matplotlib>=3.3.0->ultralytics==8.3.0->-r requirements.txt (line 9))
#17 165.5   Downloading six-1.17.0-py2.py3-none-any.whl.metadata (1.7 kB)
#17 165.8 Collecting charset_normalizer<4,>=2 (from requests>=2.23.0->ultralytics==8.3.0->-r requirements.txt (line 9))
#17 165.9   Downloading charset_normalizer-3.5.1-cp311-cp311-manylinux2014_x86_64.manylinux_2_17_x86_64.manylinux_2_28_x86_64.whl.metadata (45 kB)
#17 166.0 Collecting urllib3<3,>=1.26 (from requests>=2.23.0->ultralytics==8.3.0->-r requirements.txt (line 9))
#17 166.1   Downloading urllib3-2.7.0-py3-none-any.whl.metadata (6.9 kB)
#17 166.3 Collecting MarkupSafe>=2.0 (from jinja2->torch==2.3.1+cpu->-r requirements.txt (line 11))
#17 166.4   Downloading markupsafe-3.0.3-cp311-cp311-manylinux2014_x86_64.manylinux_2_17_x86_64.manylinux_2_28_x86_64.whl.metadata (2.7 kB)
#17 166.5 Collecting mpmath<1.4,>=1.1.0 (from sympy->torch==2.3.1+cpu->-r requirements.txt (line 11))
#17 166.6   Downloading mpmath-1.3.0-py3-none-any.whl.metadata (8.6 kB)
#17 166.7 Downloading fastapi-0.115.6-py3-none-any.whl (94 kB)
#17 166.8 Downloading pydantic-2.10.4-py3-none-any.whl (431 kB)
#17 167.1 Downloading uvicorn-0.34.0-py3-none-any.whl (62 kB)
#17 167.2 Downloading httpx-0.27.2-py3-none-any.whl (76 kB)
#17 167.3 Downloading ultralytics-8.3.0-py3-none-any.whl (881 kB)
#17 167.8    ΓöüΓöüΓöüΓöüΓöüΓöüΓöüΓöüΓöüΓöüΓöüΓöüΓöüΓöüΓöüΓöüΓöüΓöüΓöüΓöüΓöüΓöüΓöüΓöüΓöüΓöüΓöüΓöüΓöüΓöüΓöüΓöüΓöüΓöüΓöüΓöüΓöüΓöüΓöüΓöü 881.3/881.3 kB 1.5 MB/s  0:00:00
#17 167.9 Downloading numpy-1.26.4-cp311-cp311-manylinux_2_17_x86_64.manylinux2014_x86_64.whl (18.3 MB)
#17 178.2    ΓöüΓöüΓöüΓöüΓöüΓöüΓöüΓöüΓöüΓöüΓöüΓöüΓöüΓöüΓöüΓöüΓöüΓöüΓöüΓöüΓöüΓöüΓöüΓöüΓöüΓöüΓöüΓöüΓöüΓöüΓöüΓöüΓöüΓöüΓöüΓöüΓöüΓöüΓöüΓöü 18.3/18.3 MB 1.8 MB/s  0:00:10
#17 178.3 Downloading pillow-10.4.0-cp311-cp311-manylinux_2_28_x86_64.whl (4.5 MB)
#17 180.9    ΓöüΓöüΓöüΓöüΓöüΓöüΓöüΓöüΓöüΓöüΓöüΓöüΓöüΓöüΓöüΓöüΓöüΓöüΓöüΓöüΓöüΓöüΓöüΓöüΓöüΓöüΓöüΓöüΓöüΓöüΓöüΓöüΓöüΓöüΓöüΓöüΓöüΓöüΓöüΓöü 4.5/4.5 MB 1.8 MB/s  0:00:02
#17 180.9 Downloading pydantic_core-2.27.2-cp311-cp311-manylinux_2_17_x86_64.manylinux2014_x86_64.whl (2.0 MB)
#17 182.0    ΓöüΓöüΓöüΓöüΓöüΓöüΓöüΓöüΓöüΓöüΓöüΓöüΓöüΓöüΓöüΓöüΓöüΓöüΓöüΓöüΓöüΓöüΓöüΓöüΓöüΓöüΓöüΓöüΓöüΓöüΓöüΓöüΓöüΓöüΓöüΓöüΓöüΓöüΓöüΓöü 2.0/2.0 MB 1.8 MB/s  0:00:01
#17 182.1 Downloading httpcore-1.0.9-py3-none-any.whl (78 kB)
#17 182.2 Downloading starlette-0.41.3-py3-none-any.whl (73 kB)
#17 182.3 Downloading anyio-4.14.2-py3-none-any.whl (125 kB)
#17 182.4 Downloading annotated_types-0.8.0-py3-none-any.whl (13 kB)
#17 182.5 Downloading click-8.4.2-py3-none-any.whl (119 kB)
#17 182.6 Downloading h11-0.16.0-py3-none-any.whl (37 kB)
#17 182.7 Downloading httptools-0.8.0-cp311-cp311-manylinux1_x86_64.manylinux_2_28_x86_64.manylinux_2_5_x86_64.whl (464 kB)
#17 183.1 Downloading idna-3.19-py3-none-any.whl (68 kB)
#17 183.2 Downloading matplotlib-3.11.1-cp311-cp311-manylinux2014_x86_64.manylinux_2_17_x86_64.whl (10.0 MB)
#17 188.9    ΓöüΓöüΓöüΓöüΓöüΓöüΓöüΓöüΓöüΓöüΓöüΓöüΓöüΓöüΓöüΓöüΓöüΓöüΓöüΓöüΓöüΓöüΓöüΓöüΓöüΓöüΓöüΓöüΓöüΓöüΓöüΓöüΓöüΓöüΓöüΓöüΓöüΓöüΓöüΓöü 10.0/10.0 MB 1.8 MB/s  0:00:05
#17 189.0 Downloading contourpy-1.3.3-cp311-cp311-manylinux_2_27_x86_64.manylinux_2_28_x86_64.whl (355 kB)
#17 189.3 Downloading cycler-0.12.1-py3-none-any.whl (8.3 kB)
#17 189.3 Downloading fonttools-4.63.0-cp311-cp311-manylinux2014_x86_64.manylinux_2_17_x86_64.whl (5.1 MB)
#17 192.2    ΓöüΓöüΓöüΓöüΓöüΓöüΓöüΓöüΓöüΓöüΓöüΓöüΓöüΓöüΓöüΓöüΓöüΓöüΓöüΓöüΓöüΓöüΓöüΓöüΓöüΓöüΓöüΓöüΓöüΓöüΓöüΓöüΓöüΓöüΓöüΓöüΓöüΓöüΓöüΓöü 5.1/5.1 MB 1.8 MB/s  0:00:02
#17 192.3 Downloading kiwisolver-1.5.0-cp311-cp311-manylinux2014_x86_64.manylinux_2_17_x86_64.whl (1.4 MB)
#17 193.1    ΓöüΓöüΓöüΓöüΓöüΓöüΓöüΓöüΓöüΓöüΓöüΓöüΓöüΓöüΓöüΓöüΓöüΓöüΓöüΓöüΓöüΓöüΓöüΓöüΓöüΓöüΓöüΓöüΓöüΓöüΓöüΓöüΓöüΓöüΓöüΓöüΓöüΓöüΓöüΓöü 1.4/1.4 MB 1.7 MB/s  0:00:00
#17 193.2 Downloading opencv_python-4.11.0.86-cp37-abi3-manylinux_2_17_x86_64.manylinux2014_x86_64.whl (63.0 MB)
#17 229.8    ΓöüΓöüΓöüΓöüΓöüΓöüΓöüΓöüΓöüΓöüΓöüΓöüΓöüΓöüΓöüΓöüΓöüΓöüΓöüΓöüΓöüΓöüΓöüΓöüΓöüΓöüΓöüΓöüΓöüΓöüΓöüΓöüΓöüΓöüΓöüΓöüΓöüΓöüΓöüΓöü 63.0/63.0 MB 1.7 MB/s  0:00:36
#17 229.9 Downloading packaging-26.3-py3-none-any.whl (129 kB)
#17 230.0 Downloading pandas-3.0.5-cp311-cp311-manylinux_2_24_x86_64.manylinux_2_28_x86_64.whl (11.3 MB)
#17 236.6    ΓöüΓöüΓöüΓöüΓöüΓöüΓöüΓöüΓöüΓöüΓöüΓöüΓöüΓöüΓöüΓöüΓöüΓöüΓöüΓöüΓöüΓöüΓöüΓöüΓöüΓöüΓöüΓöüΓöüΓöüΓöüΓöüΓöüΓöüΓöüΓöüΓöüΓöüΓöüΓöü 11.3/11.3 MB 1.7 MB/s  0:00:06
#17 236.6 Downloading pyparsing-3.3.2-py3-none-any.whl (122 kB)
#17 236.8 Downloading python_dateutil-2.9.0.post0-py2.py3-none-any.whl (229 kB)
#17 237.0 Downloading python_dotenv-1.2.3-py3-none-any.whl (22 kB)
#17 237.1 Downloading pyyaml-6.0.3-cp311-cp311-manylinux2014_x86_64.manylinux_2_17_x86_64.manylinux_2_28_x86_64.whl (806 kB)
#17 237.6    ΓöüΓöüΓöüΓöüΓöüΓöüΓöüΓöüΓöüΓöüΓöüΓöüΓöüΓöüΓöüΓöüΓöüΓöüΓöüΓöüΓöüΓöüΓöüΓöüΓöüΓöüΓöüΓöüΓöüΓöüΓöüΓöüΓöüΓöüΓöüΓöüΓöüΓöüΓöüΓöü 806.6/806.6 kB 1.7 MB/s  0:00:00
#17 237.6 Downloading requests-2.34.2-py3-none-any.whl (73 kB)
#17 237.7 Downloading charset_normalizer-3.5.1-cp311-cp311-manylinux2014_x86_64.manylinux_2_17_x86_64.manylinux_2_28_x86_64.whl (262 kB)
#17 237.9 Downloading urllib3-2.7.0-py3-none-any.whl (131 kB)
#17 238.1 Downloading certifi-2026.7.22-py3-none-any.whl (136 kB)
#17 238.2 Downloading scipy-1.17.1-cp311-cp311-manylinux_2_27_x86_64.manylinux_2_28_x86_64.whl (35.3 MB)
#17 258.6    ΓöüΓöüΓöüΓöüΓöüΓöüΓöüΓöüΓöüΓöüΓöüΓöüΓöüΓöüΓöüΓöüΓöüΓöüΓöüΓöüΓöüΓöüΓöüΓöüΓöüΓöüΓöüΓöüΓöüΓöüΓöüΓöüΓöüΓöüΓöüΓöüΓöüΓöüΓöüΓöü 35.3/35.3 MB 1.7 MB/s  0:00:20
#17 258.7 Downloading seaborn-0.13.2-py3-none-any.whl (294 kB)
#17 258.9 Downloading six-1.17.0-py2.py3-none-any.whl (11 kB)
#17 259.0 Downloading tqdm-4.70.0-py3-none-any.whl (80 kB)
#17 259.1 Downloading typing_extensions-4.16.0-py3-none-any.whl (45 kB)
#17 259.2 Downloading ultralytics_thop-2.1.6-py3-none-any.whl (30 kB)
#17 259.3 Downloading uvloop-0.22.1-cp311-cp311-manylinux2014_x86_64.manylinux_2_17_x86_64.manylinux_2_28_x86_64.whl (3.8 MB)
#17 261.4    ΓöüΓöüΓöüΓöüΓöüΓöüΓöüΓöüΓöüΓöüΓöüΓöüΓöüΓöüΓöüΓöüΓöüΓöüΓöüΓöüΓöüΓöüΓöüΓöüΓöüΓöüΓöüΓöüΓöüΓöüΓöüΓöüΓöüΓöüΓöüΓöüΓöüΓöüΓöüΓöü 3.8/3.8 MB 1.8 MB/s  0:00:02
#17 261.5 Downloading watchfiles-1.2.0-cp311-cp311-manylinux_2_17_x86_64.manylinux2014_x86_64.whl (456 kB)
#17 261.8 Downloading websockets-17.0.1-cp311-cp311-manylinux1_x86_64.manylinux_2_28_x86_64.manylinux_2_5_x86_64.whl (219 kB)
#17 262.0 Downloading filelock-3.32.3-py3-none-any.whl (98 kB)
#17 262.1 Downloading fsspec-2026.7.0-py3-none-any.whl (206 kB)
#17 262.3 Downloading jinja2-3.1.6-py3-none-any.whl (134 kB)
#17 262.4 Downloading markupsafe-3.0.3-cp311-cp311-manylinux2014_x86_64.manylinux_2_17_x86_64.manylinux_2_28_x86_64.whl (22 kB)
#17 262.5 Downloading networkx-3.6.1-py3-none-any.whl (2.1 MB)
#17 263.6    ΓöüΓöüΓöüΓöüΓöüΓöüΓöüΓöüΓöüΓöüΓöüΓöüΓöüΓöüΓöüΓöüΓöüΓöüΓöüΓöüΓöüΓöüΓöüΓöüΓöüΓöüΓöüΓöüΓöüΓöüΓöüΓöüΓöüΓöüΓöüΓöüΓöüΓöüΓöüΓöü 2.1/2.1 MB 1.8 MB/s  0:00:01
#17 263.7 Downloading psutil-7.2.2-cp36-abi3-manylinux2010_x86_64.manylinux_2_12_x86_64.manylinux_2_28_x86_64.whl (155 kB)
#17 263.8 Downloading py_cpuinfo-9.0.0-py3-none-any.whl (22 kB)
#17 263.9 Downloading sniffio-1.3.1-py3-none-any.whl (10 kB)
#17 264.0 Downloading sympy-1.14.0-py3-none-any.whl (6.3 MB)
#17 267.6    ΓöüΓöüΓöüΓöüΓöüΓöüΓöüΓöüΓöüΓöüΓöüΓöüΓöüΓöüΓöüΓöüΓöüΓöüΓöüΓöüΓöüΓöüΓöüΓöüΓöüΓöüΓöüΓöüΓöüΓöüΓöüΓöüΓöüΓöüΓöüΓöüΓöüΓöüΓöüΓöü 6.3/6.3 MB 1.8 MB/s  0:00:03
#17 267.6 Downloading mpmath-1.3.0-py3-none-any.whl (536 kB)
#17 267.9    ΓöüΓöüΓöüΓöüΓöüΓöüΓöüΓöüΓöüΓöüΓöüΓöüΓöüΓöüΓöüΓöüΓöüΓöüΓöüΓöüΓöüΓöüΓöüΓöüΓöüΓöüΓöüΓöüΓöüΓöüΓöüΓöüΓöüΓöüΓöüΓöüΓöüΓöüΓöüΓöü 536.2/536.2 kB 1.8 MB/s  0:00:00
#17 268.5 Installing collected packages: py-cpuinfo, mpmath, websockets, uvloop, urllib3, typing-extensions, tqdm, sympy, sniffio, six, pyyaml, python-dotenv, pyparsing, psutil, pillow, packaging, numpy, networkx, MarkupSafe, kiwisolver, idna, httptools, h11, fsspec, fonttools, filelock, cycler, click, charset_normalizer, certifi, annotated-types, uvicorn, scipy, requests, python-dateutil, pydantic-core, opencv-python, jinja2, httpcore, contourpy, anyio, watchfiles, torch, starlette, pydantic, pandas, matplotlib, httpx, ultralytics-thop, torchvision, seaborn, fastapi, ultralytics
#17 301.4 
#17 301.4 Successfully installed MarkupSafe-3.0.3 annotated-types-0.8.0 anyio-4.14.2 certifi-2026.7.22 charset_normalizer-3.5.1 click-8.4.2 contourpy-1.3.3 cycler-0.12.1 fastapi-0.115.6 filelock-3.32.3 fonttools-4.63.0 fsspec-2026.7.0 h11-0.16.0 httpcore-1.0.9 httptools-0.8.0 httpx-0.27.2 idna-3.19 jinja2-3.1.6 kiwisolver-1.5.0 matplotlib-3.11.1 mpmath-1.3.0 networkx-3.6.1 numpy-1.26.4 opencv-python-4.11.0.86 packaging-26.3 pandas-3.0.5 pillow-10.4.0 psutil-7.2.2 py-cpuinfo-9.0.0 pydantic-2.10.4 pydantic-core-2.27.2 pyparsing-3.3.2 python-dateutil-2.9.0.post0 python-dotenv-1.2.3 pyyaml-6.0.3 requests-2.34.2 scipy-1.17.1 seaborn-0.13.2 six-1.17.0 sniffio-1.3.1 starlette-0.41.3 sympy-1.14.0 torch-2.3.1+cpu torchvision-0.18.1+cpu tqdm-4.70.0 typing-extensions-4.16.0 ultralytics-8.3.0 ultralytics-thop-2.1.6 urllib3-2.7.0 uvicorn-0.34.0 uvloop-0.22.1 watchfiles-1.2.0 websockets-17.0.1
#17 DONE 302.0s

#14 [runtime 3/8] RUN apt-get update     && apt-get install -y --no-install-recommends curl libgl1 libglib2.0-0     && rm -rf /var/lib/apt/lists/*     && addgroup --system appgroup     && adduser --system --ingroup appgroup --home /app appuser
#14 ...

#18 [builder 7/7] RUN /opt/venv/bin/python -c "from ultralytics import YOLO; YOLO('yolov8n.pt')"     && ls -la yolov8n.pt
#18 3.052 Creating new Ultralytics Settings v0.0.6 file Γ£à 
#18 3.052 View Ultralytics Settings with 'yolo settings' or at '/root/.config/Ultralytics/settings.json'
#18 3.052 Update Settings with 'yolo settings key=value', i.e. 'yolo settings runs_dir=path/to/dir'. For help see https://docs.ultralytics.com/quickstart/#ultralytics-settings.
#18 3.499 Downloading https://github.com/ultralytics/assets/releases/download/v8.3.0/yolov8n.pt to 'yolov8n.pt'...
#18 4.877 
  0%|          | 0.00/6.25M [00:00<?, ?B/s]
  2%|ΓûÅ         | 128k/6.25M [00:00<00:06, 925kB/s]
  6%|Γûî         | 384k/6.25M [00:00<00:04, 1.37MB/s]
 10%|Γûê         | 640k/6.25M [00:00<00:04, 1.41MB/s]
 14%|ΓûêΓûì        | 896k/6.25M [00:00<00:03, 1.59MB/s]
 18%|ΓûêΓûè        | 1.12M/6.25M [00:00<00:03, 1.64MB/s]
 22%|ΓûêΓûêΓûÅ       | 1.38M/6.25M [00:00<00:03, 1.65MB/s]
 26%|ΓûêΓûêΓûî       | 1.62M/6.25M [00:01<00:02, 1.64MB/s]
 30%|ΓûêΓûêΓûê       | 1.88M/6.25M [00:01<00:02, 1.68MB/s]
 34%|ΓûêΓûêΓûêΓûì      | 2.12M/6.25M [00:01<00:02, 1.68MB/s]
 38%|ΓûêΓûêΓûêΓûè      | 2.38M/6.25M [00:01<00:02, 1.68MB/s]
 42%|ΓûêΓûêΓûêΓûêΓûÅ     | 2.62M/6.25M [00:01<00:02, 1.64MB/s]
 46%|ΓûêΓûêΓûêΓûêΓûî     | 2.88M/6.25M [00:01<00:02, 1.70MB/s]
 50%|ΓûêΓûêΓûêΓûêΓûê     | 3.12M/6.25M [00:02<00:01, 1.71MB/s]
 54%|ΓûêΓûêΓûêΓûêΓûêΓûì    | 3.38M/6.25M [00:02<00:01, 1.71MB/s]
 58%|ΓûêΓûêΓûêΓûêΓûêΓûè    | 3.62M/6.25M [00:02<00:01, 1.65MB/s]
 62%|ΓûêΓûêΓûêΓûêΓûêΓûêΓûÅ   | 3.88M/6.25M [00:02<00:01, 1.71MB/s]
 66%|ΓûêΓûêΓûêΓûêΓûêΓûêΓûî   | 4.12M/6.25M [00:02<00:01, 1.71MB/s]
 70%|ΓûêΓûêΓûêΓûêΓûêΓûêΓûê   | 4.38M/6.25M [00:02<00:01, 1.72MB/s]
 74%|ΓûêΓûêΓûêΓûêΓûêΓûêΓûêΓûì  | 4.62M/6.25M [00:02<00:01, 1.60MB/s]
 78%|ΓûêΓûêΓûêΓûêΓûêΓûêΓûêΓûè  | 4.88M/6.25M [00:03<00:00, 1.75MB/s]
 82%|ΓûêΓûêΓûêΓûêΓûêΓûêΓûêΓûêΓûÅ | 5.12M/6.25M [00:03<00:00, 1.73MB/s]
 86%|ΓûêΓûêΓûêΓûêΓûêΓûêΓûêΓûêΓûî | 5.38M/6.25M [00:03<00:00, 1.73MB/s]
 90%|ΓûêΓûêΓûêΓûêΓûêΓûêΓûêΓûêΓûê | 5.62M/6.25M [00:03<00:00, 1.71MB/s]
 94%|ΓûêΓûêΓûêΓûêΓûêΓûêΓûêΓûêΓûêΓûì| 5.88M/6.25M [00:03<00:00, 1.72MB/s]
 98%|ΓûêΓûêΓûêΓûêΓûêΓûêΓûêΓûêΓûêΓûè| 6.12M/6.25M [00:03<00:00, 1.72MB/s]
100%|ΓûêΓûêΓûêΓûêΓûêΓûêΓûêΓûêΓûêΓûê| 6.25M/6.25M [00:03<00:00, 1.67MB/s]
#18 9.239 -rw-r--r-- 1 root root 6549796 Aug 22 04:08 yolov8n.pt
#18 DONE 9.3s

#14 [runtime 3/8] RUN apt-get update     && apt-get install -y --no-install-recommends curl libgl1 libglib2.0-0     && rm -rf /var/lib/apt/lists/*     && addgroup --system appgroup     && adduser --system --ingroup appgroup --home /app appuser
#14 393.7 Get:36 http://deb.debian.org/debian trixie/main amd64 libsensors-config all 1:3.6.2-2 [16.2 kB]
#14 393.8 Get:37 http://deb.debian.org/debian trixie/main amd64 libsensors5 amd64 1:3.6.2-2 [37.5 kB]
#14 394.1 Get:38 http://deb.debian.org/debian trixie/main amd64 libxau6 amd64 1:1.0.11-1 [20.4 kB]
#14 394.2 Get:39 http://deb.debian.org/debian trixie/main amd64 libxdmcp6 amd64 1:1.1.5-1 [27.8 kB]
#14 394.4 Get:40 http://deb.debian.org/debian trixie/main amd64 libxcb1 amd64 1.17.0-2+b1 [144 kB]
#14 395.6 Get:41 http://deb.debian.org/debian trixie/main amd64 libx11-data all 2:1.8.12-1 [343 kB]
#14 398.9 Get:42 http://deb.debian.org/debian trixie/main amd64 libx11-6 amd64 2:1.8.12-1 [815 kB]
#14 404.6 Get:43 http://deb.debian.org/debian trixie/main amd64 libx11-xcb1 amd64 2:1.8.12-1 [247 kB]
#14 408.7 Get:44 http://deb.debian.org/debian trixie/main amd64 libxcb-dri3-0 amd64 1.17.0-2+b1 [107 kB]
#14 409.6 Get:45 http://deb.debian.org/debian trixie/main amd64 libxcb-present0 amd64 1.17.0-2+b1 [106 kB]
#14 410.2 Get:46 http://deb.debian.org/debian trixie/main amd64 libxcb-randr0 amd64 1.17.0-2+b1 [117 kB]
#14 411.2 Get:47 http://deb.debian.org/debian trixie/main amd64 libxcb-sync1 amd64 1.17.0-2+b1 [109 kB]
#14 412.0 Get:48 http://deb.debian.org/debian trixie/main amd64 libxcb-xfixes0 amd64 1.17.0-2+b1 [109 kB]
#14 412.6 Get:49 http://deb.debian.org/debian trixie/main amd64 libxshmfence1 amd64 1.3.3-1 [10.9 kB]
#14 412.8 Get:50 http://deb.debian.org/debian trixie/main amd64 mesa-libgallium amd64 25.0.7-2+deb13u1 [9630 kB]
#14 454.3 Get:51 http://deb.debian.org/debian trixie/main amd64 libgbm1 amd64 25.0.7-2+deb13u1 [44.6 kB]
#14 454.8 Get:52 http://deb.debian.org/debian trixie/main amd64 libglvnd0 amd64 1.7.0-1+b2 [52.0 kB]
#14 455.2 Get:53 http://deb.debian.org/debian trixie/main amd64 libxcb-glx0 amd64 1.17.0-2+b1 [122 kB]
#14 456.7 Get:54 http://deb.debian.org/debian trixie/main amd64 libxcb-shm0 amd64 1.17.0-2+b1 [105 kB]
#14 457.6 Get:55 http://deb.debian.org/debian trixie/main amd64 libxext6 amd64 2:1.3.4-1+b3 [50.4 kB]
#14 457.9 Get:56 http://deb.debian.org/debian trixie/main amd64 libxxf86vm1 amd64 1:1.1.4-1+b4 [19.3 kB]
#14 458.2 Get:57 http://deb.debian.org/debian trixie/main amd64 libvulkan1 amd64 1.4.309.0-1 [130 kB]
#14 459.3 Get:58 http://deb.debian.org/debian trixie/main amd64 libgl1-mesa-dri amd64 25.0.7-2+deb13u1 [46.2 kB]
#14 459.6 Get:59 http://deb.debian.org/debian trixie/main amd64 libglx-mesa0 amd64 25.0.7-2+deb13u1 [143 kB]
#14 460.8 Get:60 http://deb.debian.org/debian trixie/main amd64 libglx0 amd64 1.7.0-1+b2 [34.9 kB]
#14 461.1 Get:61 http://deb.debian.org/debian trixie/main amd64 libgl1 amd64 1.7.0-1+b2 [89.5 kB]
#14 461.9 Get:62 http://deb.debian.org/debian trixie/main amd64 libglib2.0-0t64 amd64 2.84.4-3~deb13u3 [1519 kB]
#14 474.4 debconf: unable to initialize frontend: Dialog
#14 474.4 debconf: (TERM is not set, so the dialog frontend is not usable.)
#14 474.4 debconf: falling back to frontend: Readline
#14 474.4 debconf: unable to initialize frontend: Readline
#14 474.4 debconf: (Can't locate Term/ReadLine.pm in @INC (you may need to install the Term::ReadLine module) (@INC entries checked: /etc/perl /usr/local/lib/x86_64-linux-gnu/perl/5.40.1 /usr/local/share/perl/5.40.1 /usr/lib/x86_64-linux-gnu/perl5/5.40 /usr/share/perl5 /usr/lib/x86_64-linux-gnu/perl-base /usr/lib/x86_64-linux-gnu/perl/5.40 /usr/share/perl/5.40 /usr/local/lib/site_perl) at /usr/share/perl5/Debconf/FrontEnd/Readline.pm line 8, <STDIN> line 62.)
#14 474.4 debconf: falling back to frontend: Teletype
#14 474.4 debconf: unable to initialize frontend: Teletype
#14 474.4 debconf: (This frontend requires a controlling tty.)
#14 474.4 debconf: falling back to frontend: Noninteractive
#14 476.3 Fetched 55.0 MB in 7min 45s (118 kB/s)
#14 476.4 Selecting previously unselected package libexpat1:amd64.
#14 476.4 (Reading database ... 
(Reading database ... 5%
(Reading database ... 10%
(Reading database ... 15%
(Reading database ... 20%
(Reading database ... 25%
(Reading database ... 30%
(Reading database ... 35%
(Reading database ... 40%
(Reading database ... 45%
(Reading database ... 50%
(Reading database ... 55%
(Reading database ... 60%
(Reading database ... 65%
(Reading database ... 70%
(Reading database ... 75%
(Reading database ... 80%
(Reading database ... 85%
(Reading database ... 90%
(Reading database ... 95%
(Reading database ... 100%
(Reading database ... 5645 files and directories currently installed.)
#14 476.4 Preparing to unpack .../00-libexpat1_2.8.3-1~deb13u1_amd64.deb ...
#14 476.4 Unpacking libexpat1:amd64 (2.8.3-1~deb13u1) ...
#14 476.4 Selecting previously unselected package libbrotli1:amd64.
#14 476.4 Preparing to unpack .../01-libbrotli1_1.1.0-2+b7_amd64.deb ...
#14 476.4 Unpacking libbrotli1:amd64 (1.1.0-2+b7) ...
#14 476.5 Selecting previously unselected package libkrb5support0:amd64.
#14 476.5 Preparing to unpack .../02-libkrb5support0_1.21.3-5+deb13u1_amd64.deb ...
#14 476.5 Unpacking libkrb5support0:amd64 (1.21.3-5+deb13u1) ...
#14 476.5 Selecting previously unselected package libcom-err2:amd64.
#14 476.5 Preparing to unpack .../03-libcom-err2_1.47.2-3+b11_amd64.deb ...
#14 476.5 Unpacking libcom-err2:amd64 (1.47.2-3+b11) ...
#14 476.6 Selecting previously unselected package libk5crypto3:amd64.
#14 476.6 Preparing to unpack .../04-libk5crypto3_1.21.3-5+deb13u1_amd64.deb ...
#14 476.6 Unpacking libk5crypto3:amd64 (1.21.3-5+deb13u1) ...
#14 476.6 Selecting previously unselected package libkeyutils1:amd64.
#14 476.6 Preparing to unpack .../05-libkeyutils1_1.6.3-6_amd64.deb ...
#14 476.6 Unpacking libkeyutils1:amd64 (1.6.3-6) ...
#14 476.7 Selecting previously unselected package libkrb5-3:amd64.
#14 476.7 Preparing to unpack .../06-libkrb5-3_1.21.3-5+deb13u1_amd64.deb ...
#14 476.7 Unpacking libkrb5-3:amd64 (1.21.3-5+deb13u1) ...
#14 476.7 Selecting previously unselected package libgssapi-krb5-2:amd64.
#14 476.7 Preparing to unpack .../07-libgssapi-krb5-2_1.21.3-5+deb13u1_amd64.deb ...
#14 476.7 Unpacking libgssapi-krb5-2:amd64 (1.21.3-5+deb13u1) ...
#14 476.8 Selecting previously unselected package libunistring5:amd64.
#14 476.8 Preparing to unpack .../08-libunistring5_1.3-2_amd64.deb ...
#14 476.8 Unpacking libunistring5:amd64 (1.3-2) ...
#14 476.9 Selecting previously unselected package libidn2-0:amd64.
#14 476.9 Preparing to unpack .../09-libidn2-0_2.3.8-2_amd64.deb ...
#14 476.9 Unpacking libidn2-0:amd64 (2.3.8-2) ...
#14 476.9 Selecting previously unselected package libsasl2-modules-db:amd64.
#14 476.9 Preparing to unpack .../10-libsasl2-modules-db_2.1.28+dfsg1-9_amd64.deb ...
#14 476.9 Unpacking libsasl2-modules-db:amd64 (2.1.28+dfsg1-9) ...
#14 476.9 Selecting previously unselected package libsasl2-2:amd64.
#14 476.9 Preparing to unpack .../11-libsasl2-2_2.1.28+dfsg1-9_amd64.deb ...
#14 476.9 Unpacking libsasl2-2:amd64 (2.1.28+dfsg1-9) ...
#14 477.0 Selecting previously unselected package libldap2:amd64.
#14 477.0 Preparing to unpack .../12-libldap2_2.6.10+dfsg-1_amd64.deb ...
#14 477.0 Unpacking libldap2:amd64 (2.6.10+dfsg-1) ...
#14 477.0 Selecting previously unselected package libnghttp2-14:amd64.
#14 477.0 Preparing to unpack .../13-libnghttp2-14_1.64.0-1.1+deb13u1_amd64.deb ...
#14 477.0 Unpacking libnghttp2-14:amd64 (1.64.0-1.1+deb13u1) ...
#14 477.1 Selecting previously unselected package libnghttp3-9:amd64.
#14 477.1 Preparing to unpack .../14-libnghttp3-9_1.8.0-1_amd64.deb ...
#14 477.1 Unpacking libnghttp3-9:amd64 (1.8.0-1) ...
#14 477.1 Selecting previously unselected package libpsl5t64:amd64.
#14 477.1 Preparing to unpack .../15-libpsl5t64_0.21.2-1.1+b1_amd64.deb ...
#14 477.1 Unpacking libpsl5t64:amd64 (0.21.2-1.1+b1) ...
#14 477.2 Selecting previously unselected package libp11-kit0:amd64.
#14 477.2 Preparing to unpack .../16-libp11-kit0_0.25.5-3_amd64.deb ...
#14 477.2 Unpacking libp11-kit0:amd64 (0.25.5-3) ...
#14 477.2 Selecting previously unselected package libtasn1-6:amd64.
#14 477.2 Preparing to unpack .../17-libtasn1-6_4.20.0-2+deb13u1_amd64.deb ...
#14 477.2 Unpacking libtasn1-6:amd64 (4.20.0-2+deb13u1) ...
#14 477.3 Selecting previously unselected package libgnutls30t64:amd64.
#14 477.3 Preparing to unpack .../18-libgnutls30t64_3.8.9-3+deb13u4_amd64.deb ...
#14 477.3 Unpacking libgnutls30t64:amd64 (3.8.9-3+deb13u4) ...
#14 477.4 Selecting previously unselected package librtmp1:amd64.
#14 477.4 Preparing to unpack .../19-librtmp1_2.4+20151223.gitfa8646d.1-2+b5_amd64.deb ...
#14 477.4 Unpacking librtmp1:amd64 (2.4+20151223.gitfa8646d.1-2+b5) ...
#14 477.4 Selecting previously unselected package libssh2-1t64:amd64.
#14 477.5 Preparing to unpack .../20-libssh2-1t64_1.11.1-1+deb13u1_amd64.deb ...
#14 477.5 Unpacking libssh2-1t64:amd64 (1.11.1-1+deb13u1) ...
#14 477.5 Selecting previously unselected package libcurl4t64:amd64.
#14 477.5 Preparing to unpack .../21-libcurl4t64_8.14.1-2+deb13u4_amd64.deb ...
#14 477.5 Unpacking libcurl4t64:amd64 (8.14.1-2+deb13u4) ...
#14 477.6 Selecting previously unselected package curl.
#14 477.6 Preparing to unpack .../22-curl_8.14.1-2+deb13u4_amd64.deb ...
#14 477.6 Unpacking curl (8.14.1-2+deb13u4) ...
#14 477.6 Selecting previously unselected package libatomic1:amd64.
#14 477.6 Preparing to unpack .../23-libatomic1_14.2.0-19_amd64.deb ...
#14 477.6 Unpacking libatomic1:amd64 (14.2.0-19) ...
#14 477.7 Selecting previously unselected package libdrm-common.
#14 477.7 Preparing to unpack .../24-libdrm-common_2.4.124-2_all.deb ...
#14 477.7 Unpacking libdrm-common (2.4.124-2) ...
#14 477.7 Selecting previously unselected package libdrm2:amd64.
#14 477.7 Preparing to unpack .../25-libdrm2_2.4.124-2_amd64.deb ...
#14 477.7 Unpacking libdrm2:amd64 (2.4.124-2) ...
#14 477.8 Selecting previously unselected package libdrm-amdgpu1:amd64.
#14 477.8 Preparing to unpack .../26-libdrm-amdgpu1_2.4.124-2_amd64.deb ...
#14 477.8 Unpacking libdrm-amdgpu1:amd64 (2.4.124-2) ...
#14 477.8 Selecting previously unselected package libpciaccess0:amd64.
#14 477.8 Preparing to unpack .../27-libpciaccess0_0.17-3+b3_amd64.deb ...
#14 477.8 Unpacking libpciaccess0:amd64 (0.17-3+b3) ...
#14 477.8 Selecting previously unselected package libdrm-intel1:amd64.
#14 477.8 Preparing to unpack .../28-libdrm-intel1_2.4.124-2_amd64.deb ...
#14 477.8 Unpacking libdrm-intel1:amd64 (2.4.124-2) ...
#14 477.9 Selecting previously unselected package libedit2:amd64.
#14 477.9 Preparing to unpack .../29-libedit2_3.1-20250104-1_amd64.deb ...
#14 477.9 Unpacking libedit2:amd64 (3.1-20250104-1) ...
#14 477.9 Selecting previously unselected package libelf1t64:amd64.
#14 477.9 Preparing to unpack .../30-libelf1t64_0.192-4_amd64.deb ...
#14 477.9 Unpacking libelf1t64:amd64 (0.192-4) ...
#14 478.0 Selecting previously unselected package libwayland-server0:amd64.
#14 478.0 Preparing to unpack .../31-libwayland-server0_1.23.1-3_amd64.deb ...
#14 478.0 Unpacking libwayland-server0:amd64 (1.23.1-3) ...
#14 478.1 Selecting previously unselected package libxml2:amd64.
#14 478.1 Preparing to unpack .../32-libxml2_2.12.7+dfsg+really2.9.14-2.1+deb13u3_amd64.deb ...
#14 478.1 Unpacking libxml2:amd64 (2.12.7+dfsg+really2.9.14-2.1+deb13u3) ...
#14 478.2 Selecting previously unselected package libz3-4:amd64.
#14 478.2 Preparing to unpack .../33-libz3-4_4.13.3-1_amd64.deb ...
#14 478.2 Unpacking libz3-4:amd64 (4.13.3-1) ...
#14 478.6 Selecting previously unselected package libllvm19:amd64.
#14 478.6 Preparing to unpack .../34-libllvm19_1%3a19.1.7-3+b1_amd64.deb ...
#14 478.6 Unpacking libllvm19:amd64 (1:19.1.7-3+b1) ...
#14 479.6 Selecting previously unselected package libsensors-config.
#14 479.6 Preparing to unpack .../35-libsensors-config_1%3a3.6.2-2_all.deb ...
#14 479.6 Unpacking libsensors-config (1:3.6.2-2) ...
#14 479.6 Selecting previously unselected package libsensors5:amd64.
#14 479.6 Preparing to unpack .../36-libsensors5_1%3a3.6.2-2_amd64.deb ...
#14 479.6 Unpacking libsensors5:amd64 (1:3.6.2-2) ...
#14 479.7 Selecting previously unselected package libxau6:amd64.
#14 479.7 Preparing to unpack .../37-libxau6_1%3a1.0.11-1_amd64.deb ...
#14 479.7 Unpacking libxau6:amd64 (1:1.0.11-1) ...
#14 479.7 Selecting previously unselected package libxdmcp6:amd64.
#14 479.7 Preparing to unpack .../38-libxdmcp6_1%3a1.1.5-1_amd64.deb ...
#14 479.7 Unpacking libxdmcp6:amd64 (1:1.1.5-1) ...
#14 479.8 Selecting previously unselected package libxcb1:amd64.
#14 479.8 Preparing to unpack .../39-libxcb1_1.17.0-2+b1_amd64.deb ...
#14 479.8 Unpacking libxcb1:amd64 (1.17.0-2+b1) ...
#14 479.8 Selecting previously unselected package libx11-data.
#14 479.8 Preparing to unpack .../40-libx11-data_2%3a1.8.12-1_all.deb ...
#14 479.8 Unpacking libx11-data (2:1.8.12-1) ...
#14 479.9 Selecting previously unselected package libx11-6:amd64.
#14 479.9 Preparing to unpack .../41-libx11-6_2%3a1.8.12-1_amd64.deb ...
#14 479.9 Unpacking libx11-6:amd64 (2:1.8.12-1) ...
#14 480.0 Selecting previously unselected package libx11-xcb1:amd64.
#14 480.0 Preparing to unpack .../42-libx11-xcb1_2%3a1.8.12-1_amd64.deb ...
#14 480.0 Unpacking libx11-xcb1:amd64 (2:1.8.12-1) ...
#14 480.0 Selecting previously unselected package libxcb-dri3-0:amd64.
#14 480.1 Preparing to unpack .../43-libxcb-dri3-0_1.17.0-2+b1_amd64.deb ...
#14 480.1 Unpacking libxcb-dri3-0:amd64 (1.17.0-2+b1) ...
#14 480.1 Selecting previously unselected package libxcb-present0:amd64.
#14 480.1 Preparing to unpack .../44-libxcb-present0_1.17.0-2+b1_amd64.deb ...
#14 480.1 Unpacking libxcb-present0:amd64 (1.17.0-2+b1) ...
#14 480.1 Selecting previously unselected package libxcb-randr0:amd64.
#14 480.1 Preparing to unpack .../45-libxcb-randr0_1.17.0-2+b1_amd64.deb ...
#14 480.1 Unpacking libxcb-randr0:amd64 (1.17.0-2+b1) ...
#14 480.2 Selecting previously unselected package libxcb-sync1:amd64.
#14 480.2 Preparing to unpack .../46-libxcb-sync1_1.17.0-2+b1_amd64.deb ...
#14 480.2 Unpacking libxcb-sync1:amd64 (1.17.0-2+b1) ...
#14 480.2 Selecting previously unselected package libxcb-xfixes0:amd64.
#14 480.2 Preparing to unpack .../47-libxcb-xfixes0_1.17.0-2+b1_amd64.deb ...
#14 480.2 Unpacking libxcb-xfixes0:amd64 (1.17.0-2+b1) ...
#14 480.3 Selecting previously unselected package libxshmfence1:amd64.
#14 480.3 Preparing to unpack .../48-libxshmfence1_1.3.3-1_amd64.deb ...
#14 480.3 Unpacking libxshmfence1:amd64 (1.3.3-1) ...
#14 480.4 Selecting previously unselected package mesa-libgallium:amd64.
#14 480.4 Preparing to unpack .../49-mesa-libgallium_25.0.7-2+deb13u1_amd64.deb ...
#14 480.4 Unpacking mesa-libgallium:amd64 (25.0.7-2+deb13u1) ...
#14 480.8 Selecting previously unselected package libgbm1:amd64.
#14 480.8 Preparing to unpack .../50-libgbm1_25.0.7-2+deb13u1_amd64.deb ...
#14 480.8 Unpacking libgbm1:amd64 (25.0.7-2+deb13u1) ...
#14 480.9 Selecting previously unselected package libglvnd0:amd64.
#14 480.9 Preparing to unpack .../51-libglvnd0_1.7.0-1+b2_amd64.deb ...
#14 480.9 Unpacking libglvnd0:amd64 (1.7.0-1+b2) ...
#14 480.9 Selecting previously unselected package libxcb-glx0:amd64.
#14 480.9 Preparing to unpack .../52-libxcb-glx0_1.17.0-2+b1_amd64.deb ...
#14 480.9 Unpacking libxcb-glx0:amd64 (1.17.0-2+b1) ...
#14 481.0 Selecting previously unselected package libxcb-shm0:amd64.
#14 481.0 Preparing to unpack .../53-libxcb-shm0_1.17.0-2+b1_amd64.deb ...
#14 481.0 Unpacking libxcb-shm0:amd64 (1.17.0-2+b1) ...
#14 481.0 Selecting previously unselected package libxext6:amd64.
#14 481.0 Preparing to unpack .../54-libxext6_2%3a1.3.4-1+b3_amd64.deb ...
#14 481.0 Unpacking libxext6:amd64 (2:1.3.4-1+b3) ...
#14 481.1 Selecting previously unselected package libxxf86vm1:amd64.
#14 481.1 Preparing to unpack .../55-libxxf86vm1_1%3a1.1.4-1+b4_amd64.deb ...
#14 481.1 Unpacking libxxf86vm1:amd64 (1:1.1.4-1+b4) ...
#14 481.1 Selecting previously unselected package libvulkan1:amd64.
#14 481.1 Preparing to unpack .../56-libvulkan1_1.4.309.0-1_amd64.deb ...
#14 481.1 Unpacking libvulkan1:amd64 (1.4.309.0-1) ...
#14 481.2 Selecting previously unselected package libgl1-mesa-dri:amd64.
#14 481.2 Preparing to unpack .../57-libgl1-mesa-dri_25.0.7-2+deb13u1_amd64.deb ...
#14 481.2 Unpacking libgl1-mesa-dri:amd64 (25.0.7-2+deb13u1) ...
#14 481.2 Selecting previously unselected package libglx-mesa0:amd64.
#14 481.2 Preparing to unpack .../58-libglx-mesa0_25.0.7-2+deb13u1_amd64.deb ...
#14 481.2 Unpacking libglx-mesa0:amd64 (25.0.7-2+deb13u1) ...
#14 481.3 Selecting previously unselected package libglx0:amd64.
#14 481.3 Preparing to unpack .../59-libglx0_1.7.0-1+b2_amd64.deb ...
#14 481.3 Unpacking libglx0:amd64 (1.7.0-1+b2) ...
#14 481.3 Selecting previously unselected package libgl1:amd64.
#14 481.3 Preparing to unpack .../60-libgl1_1.7.0-1+b2_amd64.deb ...
#14 481.3 Unpacking libgl1:amd64 (1.7.0-1+b2) ...
#14 481.4 Selecting previously unselected package libglib2.0-0t64:amd64.
#14 481.4 Preparing to unpack .../61-libglib2.0-0t64_2.84.4-3~deb13u3_amd64.deb ...
#14 481.4 Unpacking libglib2.0-0t64:amd64 (2.84.4-3~deb13u3) ...
#14 481.5 Setting up libexpat1:amd64 (2.8.3-1~deb13u1) ...
#14 481.5 Setting up libwayland-server0:amd64 (1.23.1-3) ...
#14 481.6 Setting up libpciaccess0:amd64 (0.17-3+b3) ...
#14 481.6 Setting up libxau6:amd64 (1:1.0.11-1) ...
#14 481.6 Setting up libxdmcp6:amd64 (1:1.1.5-1) ...
#14 481.6 Setting up libkeyutils1:amd64 (1.6.3-6) ...
#14 481.6 Setting up libxcb1:amd64 (1.17.0-2+b1) ...
#14 481.6 Setting up libxcb-xfixes0:amd64 (1.17.0-2+b1) ...
#14 481.6 Setting up libglvnd0:amd64 (1.7.0-1+b2) ...
#14 481.6 Setting up libxcb-glx0:amd64 (1.17.0-2+b1) ...
#14 481.7 Setting up libbrotli1:amd64 (1.1.0-2+b7) ...
#14 481.7 Setting up libedit2:amd64 (3.1-20250104-1) ...
#14 481.7 Setting up libsensors-config (1:3.6.2-2) ...
#14 481.7 Setting up libnghttp2-14:amd64 (1.64.0-1.1+deb13u1) ...
#14 481.7 Setting up libxcb-shm0:amd64 (1.17.0-2+b1) ...
#14 481.7 Setting up libcom-err2:amd64 (1.47.2-3+b11) ...
#14 481.8 Setting up libelf1t64:amd64 (0.192-4) ...
#14 481.8 Setting up libkrb5support0:amd64 (1.21.3-5+deb13u1) ...
#14 481.8 Setting up libsasl2-modules-db:amd64 (2.1.28+dfsg1-9) ...
#14 481.8 Setting up libxcb-present0:amd64 (1.17.0-2+b1) ...
#14 481.8 Setting up libz3-4:amd64 (4.13.3-1) ...
#14 481.8 Setting up libx11-data (2:1.8.12-1) ...
#14 481.9 Setting up libxcb-sync1:amd64 (1.17.0-2+b1) ...
#14 481.9 Setting up libp11-kit0:amd64 (0.25.5-3) ...
#14 481.9 Setting up libunistring5:amd64 (1.3-2) ...
#14 481.9 Setting up libatomic1:amd64 (14.2.0-19) ...
#14 481.9 Setting up libsensors5:amd64 (1:3.6.2-2) ...
#14 481.9 Setting up libk5crypto3:amd64 (1.21.3-5+deb13u1) ...
#14 481.9 Setting up libsasl2-2:amd64 (2.1.28+dfsg1-9) ...
#14 482.0 Setting up libvulkan1:amd64 (1.4.309.0-1) ...
#14 482.0 Setting up libnghttp3-9:amd64 (1.8.0-1) ...
#14 482.0 Setting up libxshmfence1:amd64 (1.3.3-1) ...
#14 482.0 Setting up libxcb-randr0:amd64 (1.17.0-2+b1) ...
#14 482.0 Setting up libtasn1-6:amd64 (4.20.0-2+deb13u1) ...
#14 482.0 Setting up libx11-6:amd64 (2:1.8.12-1) ...
#14 482.0 Setting up libkrb5-3:amd64 (1.21.3-5+deb13u1) ...
#14 482.0 Setting up libssh2-1t64:amd64 (1.11.1-1+deb13u1) ...
#14 482.1 Setting up libdrm-common (2.4.124-2) ...
#14 482.1 Setting up libxml2:amd64 (2.12.7+dfsg+really2.9.14-2.1+deb13u3) ...
#14 482.1 Setting up libldap2:amd64 (2.6.10+dfsg-1) ...
#14 482.1 Setting up libxcb-dri3-0:amd64 (1.17.0-2+b1) ...
#14 482.1 Setting up libllvm19:amd64 (1:19.1.7-3+b1) ...
#14 482.1 Setting up libx11-xcb1:amd64 (2:1.8.12-1) ...
#14 482.1 Setting up libxext6:amd64 (2:1.3.4-1+b3) ...
#14 482.1 Setting up libidn2-0:amd64 (2.3.8-2) ...
#14 482.2 Setting up libxxf86vm1:amd64 (1:1.1.4-1+b4) ...
#14 482.2 Setting up libglib2.0-0t64:amd64 (2.84.4-3~deb13u3) ...
#14 482.2 No schema files found: doing nothing.
#14 482.2 Setting up libgssapi-krb5-2:amd64 (1.21.3-5+deb13u1) ...
#14 482.2 Setting up libdrm2:amd64 (2.4.124-2) ...
#14 482.2 Setting up libdrm-amdgpu1:amd64 (2.4.124-2) ...
#14 482.3 Setting up libgnutls30t64:amd64 (3.8.9-3+deb13u4) ...
#14 482.3 Setting up libdrm-intel1:amd64 (2.4.124-2) ...
#14 482.3 Setting up libpsl5t64:amd64 (0.21.2-1.1+b1) ...
#14 482.3 Setting up librtmp1:amd64 (2.4+20151223.gitfa8646d.1-2+b5) ...
#14 482.3 Setting up mesa-libgallium:amd64 (25.0.7-2+deb13u1) ...
#14 482.3 Setting up libcurl4t64:amd64 (8.14.1-2+deb13u4) ...
#14 482.4 Setting up libgbm1:amd64 (25.0.7-2+deb13u1) ...
#14 482.4 Setting up libgl1-mesa-dri:amd64 (25.0.7-2+deb13u1) ...
#14 482.4 Setting up curl (8.14.1-2+deb13u4) ...
#14 482.4 Setting up libglx-mesa0:amd64 (25.0.7-2+deb13u1) ...
#14 482.4 Setting up libglx0:amd64 (1.7.0-1+b2) ...
#14 482.5 Setting up libgl1:amd64 (1.7.0-1+b2) ...
#14 482.5 Processing triggers for libc-bin (2.41-12+deb13u3) ...
#14 DONE 483.2s

#19 [runtime 4/8] COPY --from=builder /opt/venv /opt/venv
#19 DONE 8.0s

#20 [runtime 5/8] COPY --from=builder /build/yolov8n.pt /app/yolov8n.pt
#20 DONE 0.2s

#21 [runtime 6/8] COPY src/ai_yolo_service ./src/ai_yolo_service
#21 DONE 0.0s

#22 [runtime 7/8] COPY src/__init__.py ./src/__init__.py
#22 DONE 0.0s

#23 [runtime 8/8] RUN chown -R appuser:appgroup /app
#23 DONE 0.3s

#24 exporting to image
#24 exporting layers
#24 exporting layers 50.5s done
#24 exporting manifest sha256:96e58ea5995cc98fcbe8a42d72117fd18a363f2ff2e15a8d960d654f4fe2b02e 0.0s done
#24 exporting config sha256:d9fc8d504860e427b18bc738137017264f78e07ec3a3c39022781e8e99f67703 0.0s done
#24 exporting attestation manifest sha256:e07e74e6f6ed7ffc6904a2d0fbe2b0783163ac34da8304df25266a9745acdfc0 0.0s done
#24 exporting manifest list sha256:1d3888c28b9ffdb634bcbdd9a1ba335f6f2d4b6eed98ebda76f86e3dbfc94710
#24 exporting manifest list sha256:1d3888c28b9ffdb634bcbdd9a1ba335f6f2d4b6eed98ebda76f86e3dbfc94710 0.0s done
#24 naming to docker.io/fit4110/ai-yolo:lab05 0.0s done
#24 unpacking to docker.io/fit4110/ai-yolo:lab05
#24 unpacking to docker.io/fit4110/ai-yolo:lab05 23.9s done
#24 DONE 74.6s

#25 resolving provenance for metadata file
#25 DONE 0.2s
 Image fit4110/ai-yolo:lab05 Built 
