 Image fit4110/ai-vision:lab05 Building 
#1 [internal] load local bake definitions
#1 reading from stdin 1.62kB done
#1 DONE 0.0s

#2 [internal] load build definition from Dockerfile
#2 transferring dockerfile: 1.53kB 0.0s done
#2 DONE 0.0s

#3 resolve image config for docker-image://docker.io/docker/dockerfile:1.7
#3 ...

#4 [auth] docker/dockerfile:pull token for registry-1.docker.io
#4 DONE 0.0s

#3 resolve image config for docker-image://docker.io/docker/dockerfile:1.7
#3 DONE 2.3s

#5 docker-image://docker.io/docker/dockerfile:1.7@sha256:a57df69d0ea827fb7266491f2813635de6f17269be881f696fbfdf2d83dda33e
#5 resolve docker.io/docker/dockerfile:1.7@sha256:a57df69d0ea827fb7266491f2813635de6f17269be881f696fbfdf2d83dda33e 0.1s done
#5 CACHED

#6 [internal] load metadata for docker.io/library/python:3.11-slim
#6 ...

#7 [auth] library/python:pull token for registry-1.docker.io
#7 DONE 0.0s

#6 [internal] load metadata for docker.io/library/python:3.11-slim
#6 DONE 1.9s

#8 [internal] load .dockerignore
#8 transferring context: 255B done
#8 DONE 0.0s

#9 [internal] load build context
#9 DONE 0.0s

#10 [builder 1/5] FROM docker.io/library/python:3.11-slim@sha256:9c900dea9e8fb7e16277c179b555cc72d29a352dbc33cff48ad5a0412fd5bfc7
#10 resolve docker.io/library/python:3.11-slim@sha256:9c900dea9e8fb7e16277c179b555cc72d29a352dbc33cff48ad5a0412fd5bfc7 0.0s done
#10 DONE 0.0s

#9 [internal] load build context
#9 transferring context: 88.47kB 0.1s done
#9 DONE 0.1s

#11 [builder 4/5] COPY requirements.txt .
#11 CACHED

#12 [builder 5/5] RUN /opt/venv/bin/pip install --no-cache-dir --upgrade pip     && /opt/venv/bin/pip install --no-cache-dir -r requirements.txt
#12 CACHED

#13 [runtime 2/6] WORKDIR /app
#13 CACHED

#14 [runtime 3/6] RUN apt-get update     && apt-get install -y --no-install-recommends curl     && rm -rf /var/lib/apt/lists/*     && addgroup --system appgroup     && adduser --system --ingroup appgroup --home /app appuser
#14 CACHED

#15 [builder 2/5] WORKDIR /build
#15 CACHED

#16 [builder 3/5] RUN python -m venv /opt/venv
#16 CACHED

#17 [runtime 4/6] COPY --from=builder /opt/venv /opt/venv
#17 CACHED

#18 [runtime 5/6] COPY src/ ./src/
#18 DONE 0.0s

#19 [runtime 6/6] RUN mkdir -p /data && chown -R appuser:appgroup /app /data
#19 DONE 0.4s

#20 exporting to image
#20 exporting layers
#20 exporting layers 0.2s done
#20 exporting manifest sha256:863125754dc8fc33aeeb0df23c9e65a52067e367dd2c27f4bbba18d373c7acb1 0.0s done
#20 exporting config sha256:08f3e416b476a501b34b8d0737552b8672c68ee1709b24326c80c0a3aeeed4bb 0.0s done
#20 exporting attestation manifest sha256:42c1b9b8afec7a09662dc0af3dd8f898555cf5288544811e02046d1fe4111bb6 0.0s done
#20 exporting manifest list sha256:ec21fd3c67720e7e2a4319c033b3b618e14172972f481ef17bbee7e304e3dd2b
#20 exporting manifest list sha256:ec21fd3c67720e7e2a4319c033b3b618e14172972f481ef17bbee7e304e3dd2b 0.0s done
#20 naming to docker.io/fit4110/ai-vision:lab05 done
#20 unpacking to docker.io/fit4110/ai-vision:lab05 0.1s done
#20 DONE 0.5s

#21 resolving provenance for metadata file
#21 DONE 0.0s
 Image fit4110/ai-vision:lab05 Built 
