 Image fit4110/ai-vision:lab05 Building 
#1 [internal] load local bake definitions
#1 reading from stdin 1.62kB done
#1 DONE 0.0s

#2 [internal] load build definition from Dockerfile
#2 transferring dockerfile: 1.53kB 0.0s done
#2 DONE 0.0s

#3 resolve image config for docker-image://docker.io/docker/dockerfile:1.7
#3 DONE 1.1s

#4 docker-image://docker.io/docker/dockerfile:1.7@sha256:a57df69d0ea827fb7266491f2813635de6f17269be881f696fbfdf2d83dda33e
#4 resolve docker.io/docker/dockerfile:1.7@sha256:a57df69d0ea827fb7266491f2813635de6f17269be881f696fbfdf2d83dda33e 0.0s done
#4 CACHED

#5 [internal] load metadata for docker.io/library/python:3.11-slim
#5 DONE 0.8s

#6 [internal] load .dockerignore
#6 transferring context: 255B done
#6 DONE 0.0s

#7 [builder 1/5] FROM docker.io/library/python:3.11-slim@sha256:9c900dea9e8fb7e16277c179b555cc72d29a352dbc33cff48ad5a0412fd5bfc7
#7 resolve docker.io/library/python:3.11-slim@sha256:9c900dea9e8fb7e16277c179b555cc72d29a352dbc33cff48ad5a0412fd5bfc7 0.0s done
#7 DONE 0.0s

#8 [internal] load build context
#8 transferring context: 1.38kB done
#8 DONE 0.0s

#9 [builder 2/5] WORKDIR /build
#9 CACHED

#10 [builder 3/5] RUN python -m venv /opt/venv
#10 CACHED

#11 [builder 4/5] COPY requirements.txt .
#11 DONE 0.0s

#12 [builder 5/5] RUN /opt/venv/bin/pip install --no-cache-dir --upgrade pip     && /opt/venv/bin/pip install --no-cache-dir -r requirements.txt
#12 1.415 Requirement already satisfied: pip in /opt/venv/lib/python3.11/site-packages (24.0)
#12 1.792 Collecting pip
#12 2.079   Downloading pip-26.2.1-py3-none-any.whl.metadata (4.6 kB)
#12 2.152 Downloading pip-26.2.1-py3-none-any.whl (1.8 MB)
#12 3.321    ΓöüΓöüΓöüΓöüΓöüΓöüΓöüΓöüΓöüΓöüΓöüΓöüΓöüΓöüΓöüΓöüΓöüΓöüΓöüΓöüΓöüΓöüΓöüΓöüΓöüΓöüΓöüΓöüΓöüΓöüΓöüΓöüΓöüΓöüΓöüΓöüΓöüΓöüΓöüΓöü 1.8/1.8 MB 1.6 MB/s eta 0:00:00
#12 3.360 Installing collected packages: pip
#12 3.360   Attempting uninstall: pip
#12 3.363     Found existing installation: pip 24.0
#12 3.401     Uninstalling pip-24.0:
#12 3.937       Successfully uninstalled pip-24.0
#12 5.078 Successfully installed pip-26.2.1
#12 7.339 Collecting fastapi==0.115.6 (from -r requirements.txt (line 1))
#12 7.575   Downloading fastapi-0.115.6-py3-none-any.whl.metadata (27 kB)
#12 7.839 Collecting uvicorn==0.34.0 (from uvicorn[standard]==0.34.0->-r requirements.txt (line 2))
#12 7.939   Downloading uvicorn-0.34.0-py3-none-any.whl.metadata (6.5 kB)
#12 8.282 Collecting pydantic==2.10.4 (from -r requirements.txt (line 3))
#12 8.364   Downloading pydantic-2.10.4-py3-none-any.whl.metadata (29 kB)
#12 8.458 Collecting httpx==0.27.2 (from -r requirements.txt (line 4))
#12 8.554   Downloading httpx-0.27.2-py3-none-any.whl.metadata (7.1 kB)
#12 8.983 Collecting numpy<3,>=1.26 (from -r requirements.txt (line 5))
#12 9.066   Downloading numpy-2.4.6-cp311-cp311-manylinux_2_27_x86_64.manylinux_2_28_x86_64.whl.metadata (6.6 kB)
#12 9.501 Collecting Pillow<12,>=10 (from -r requirements.txt (line 6))
#12 9.578   Downloading pillow-11.3.0-cp311-cp311-manylinux_2_27_x86_64.manylinux_2_28_x86_64.whl.metadata (9.0 kB)
#12 9.727 Collecting opencv-python-headless<5,>=4.9 (from -r requirements.txt (line 7))
#12 9.804   Downloading opencv_python_headless-4.14.0.94-cp37-abi3-manylinux_2_28_x86_64.whl.metadata (19 kB)
#12 9.921 Collecting starlette<0.42.0,>=0.40.0 (from fastapi==0.115.6->-r requirements.txt (line 1))
#12 10.00   Downloading starlette-0.41.3-py3-none-any.whl.metadata (6.0 kB)
#12 10.08 Collecting typing-extensions>=4.8.0 (from fastapi==0.115.6->-r requirements.txt (line 1))
#12 10.21   Downloading typing_extensions-4.16.0-py3-none-any.whl.metadata (3.3 kB)
#12 10.29 Collecting annotated-types>=0.6.0 (from pydantic==2.10.4->-r requirements.txt (line 3))
#12 10.42   Downloading annotated_types-0.8.0-py3-none-any.whl.metadata (15 kB)
#12 12.03 Collecting pydantic-core==2.27.2 (from pydantic==2.10.4->-r requirements.txt (line 3))
#12 12.14   Downloading pydantic_core-2.27.2-cp311-cp311-manylinux_2_17_x86_64.manylinux2014_x86_64.whl.metadata (6.6 kB)
#12 12.28 Collecting click>=7.0 (from uvicorn==0.34.0->uvicorn[standard]==0.34.0->-r requirements.txt (line 2))
#12 12.35   Downloading click-8.4.2-py3-none-any.whl.metadata (2.6 kB)
#12 12.47 Collecting h11>=0.8 (from uvicorn==0.34.0->uvicorn[standard]==0.34.0->-r requirements.txt (line 2))
#12 12.55   Downloading h11-0.16.0-py3-none-any.whl.metadata (8.3 kB)
#12 12.69 Collecting anyio (from httpx==0.27.2->-r requirements.txt (line 4))
#12 12.79   Downloading anyio-4.14.2-py3-none-any.whl.metadata (4.6 kB)
#12 12.88 Collecting certifi (from httpx==0.27.2->-r requirements.txt (line 4))
#12 13.00   Downloading certifi-2026.7.22-py3-none-any.whl.metadata (2.5 kB)
#12 13.18 Collecting httpcore==1.* (from httpx==0.27.2->-r requirements.txt (line 4))
#12 13.27   Downloading httpcore-1.0.9-py3-none-any.whl.metadata (21 kB)
#12 13.41 Collecting idna (from httpx==0.27.2->-r requirements.txt (line 4))
#12 13.48   Downloading idna-3.19-py3-none-any.whl.metadata (9.2 kB)
#12 13.56 Collecting sniffio (from httpx==0.27.2->-r requirements.txt (line 4))
#12 13.68   Downloading sniffio-1.3.1-py3-none-any.whl.metadata (3.9 kB)
#12 13.84 Collecting httptools>=0.6.3 (from uvicorn[standard]==0.34.0->-r requirements.txt (line 2))
#12 13.92   Downloading httptools-0.8.0-cp311-cp311-manylinux1_x86_64.manylinux_2_28_x86_64.manylinux_2_5_x86_64.whl.metadata (3.5 kB)
#12 14.00 Collecting python-dotenv>=0.13 (from uvicorn[standard]==0.34.0->-r requirements.txt (line 2))
#12 14.10   Downloading python_dotenv-1.2.3-py3-none-any.whl.metadata (29 kB)
#12 14.26 Collecting pyyaml>=5.1 (from uvicorn[standard]==0.34.0->-r requirements.txt (line 2))
#12 14.40   Downloading pyyaml-6.0.3-cp311-cp311-manylinux2014_x86_64.manylinux_2_17_x86_64.manylinux_2_28_x86_64.whl.metadata (2.4 kB)
#12 14.56 Collecting uvloop!=0.15.0,!=0.15.1,>=0.14.0 (from uvicorn[standard]==0.34.0->-r requirements.txt (line 2))
#12 14.64   Downloading uvloop-0.22.1-cp311-cp311-manylinux2014_x86_64.manylinux_2_17_x86_64.manylinux_2_28_x86_64.whl.metadata (4.9 kB)
#12 14.90 Collecting watchfiles>=0.13 (from uvicorn[standard]==0.34.0->-r requirements.txt (line 2))
#12 15.06   Downloading watchfiles-1.2.0-cp311-cp311-manylinux_2_17_x86_64.manylinux2014_x86_64.whl.metadata (4.9 kB)
#12 15.51 Collecting websockets>=10.4 (from uvicorn[standard]==0.34.0->-r requirements.txt (line 2))
#12 15.79   Downloading websockets-17.0.1-cp311-cp311-manylinux1_x86_64.manylinux_2_28_x86_64.manylinux_2_5_x86_64.whl.metadata (6.3 kB)
#12 16.15 Downloading fastapi-0.115.6-py3-none-any.whl (94 kB)
#12 16.68 Downloading pydantic-2.10.4-py3-none-any.whl (431 kB)
#12 17.37 Downloading uvicorn-0.34.0-py3-none-any.whl (62 kB)
#12 17.46 Downloading httpx-0.27.2-py3-none-any.whl (76 kB)
#12 17.86 Downloading pydantic_core-2.27.2-cp311-cp311-manylinux_2_17_x86_64.manylinux2014_x86_64.whl (2.0 MB)
#12 20.49    ΓöüΓöüΓöüΓöüΓöüΓöüΓöüΓöüΓöüΓöüΓöüΓöüΓöüΓöüΓöüΓöüΓöüΓöüΓöüΓöüΓöüΓöüΓöüΓöüΓöüΓöüΓöüΓöüΓöüΓöüΓöüΓöüΓöüΓöüΓöüΓöüΓöüΓöüΓöüΓöü 2.0/2.0 MB 699.0 kB/s  0:00:02
#12 20.74 Downloading numpy-2.4.6-cp311-cp311-manylinux_2_27_x86_64.manylinux_2_28_x86_64.whl (16.9 MB)
#12 49.59    ΓöüΓöüΓöüΓöüΓöüΓöüΓöüΓöüΓöüΓöüΓöüΓöüΓöüΓöüΓöüΓöüΓöüΓöüΓöüΓöüΓöüΓöüΓöüΓöüΓöüΓöüΓöüΓöüΓöüΓöüΓöüΓöüΓöüΓöüΓöüΓöüΓöüΓöüΓöüΓöü 16.9/16.9 MB 582.6 kB/s  0:00:28
#12 49.65 Downloading pillow-11.3.0-cp311-cp311-manylinux_2_27_x86_64.manylinux_2_28_x86_64.whl (6.6 MB)
#12 53.35    ΓöüΓöüΓöüΓöüΓöüΓöüΓöüΓöüΓöüΓöüΓöüΓöüΓöüΓöüΓöüΓöüΓöüΓöüΓöüΓöüΓöüΓöüΓöüΓöüΓöüΓöüΓöüΓöüΓöüΓöüΓöüΓöüΓöüΓöüΓöüΓöüΓöüΓöüΓöüΓöü 6.6/6.6 MB 1.8 MB/s  0:00:03
#12 53.42 Downloading opencv_python_headless-4.14.0.94-cp37-abi3-manylinux_2_28_x86_64.whl (62.0 MB)
#12 107.2    ΓöüΓöüΓöüΓöüΓöüΓöüΓöüΓöüΓöüΓöüΓöüΓöüΓöüΓöüΓöüΓöüΓöüΓöüΓöüΓöüΓöüΓöüΓöüΓöüΓöüΓöüΓöüΓöüΓöüΓöüΓöüΓöüΓöüΓöüΓöüΓöüΓöüΓöüΓöüΓöü 62.0/62.0 MB 892.1 kB/s  0:00:53
#12 107.3 Downloading httpcore-1.0.9-py3-none-any.whl (78 kB)
#12 107.4 Downloading starlette-0.41.3-py3-none-any.whl (73 kB)
#12 107.5 Downloading anyio-4.14.2-py3-none-any.whl (125 kB)
#12 107.7 Downloading annotated_types-0.8.0-py3-none-any.whl (13 kB)
#12 107.8 Downloading click-8.4.2-py3-none-any.whl (119 kB)
#12 107.9 Downloading h11-0.16.0-py3-none-any.whl (37 kB)
#12 108.0 Downloading httptools-0.8.0-cp311-cp311-manylinux1_x86_64.manylinux_2_28_x86_64.manylinux_2_5_x86_64.whl (464 kB)
#12 108.5 Downloading idna-3.19-py3-none-any.whl (68 kB)
#12 108.7 Downloading python_dotenv-1.2.3-py3-none-any.whl (22 kB)
#12 108.8 Downloading pyyaml-6.0.3-cp311-cp311-manylinux2014_x86_64.manylinux_2_17_x86_64.manylinux_2_28_x86_64.whl (806 kB)
#12 109.3    ΓöüΓöüΓöüΓöüΓöüΓöüΓöüΓöüΓöüΓöüΓöüΓöüΓöüΓöüΓöüΓöüΓöüΓöüΓöüΓöüΓöüΓöüΓöüΓöüΓöüΓöüΓöüΓöüΓöüΓöüΓöüΓöüΓöüΓöüΓöüΓöüΓöüΓöüΓöüΓöü 806.6/806.6 kB 1.7 MB/s  0:00:00
#12 109.4 Downloading typing_extensions-4.16.0-py3-none-any.whl (45 kB)
#12 109.4 Downloading uvloop-0.22.1-cp311-cp311-manylinux2014_x86_64.manylinux_2_17_x86_64.manylinux_2_28_x86_64.whl (3.8 MB)
#12 113.0    ΓöüΓöüΓöüΓöüΓöüΓöüΓöüΓöüΓöüΓöüΓöüΓöüΓöüΓöüΓöüΓöüΓöüΓöüΓöüΓöüΓöüΓöüΓöüΓöüΓöüΓöüΓöüΓöüΓöüΓöüΓöüΓöüΓöüΓöüΓöüΓöüΓöüΓöüΓöüΓöü 3.8/3.8 MB 1.1 MB/s  0:00:03
#12 113.1 Downloading watchfiles-1.2.0-cp311-cp311-manylinux_2_17_x86_64.manylinux2014_x86_64.whl (456 kB)
#12 113.5 Downloading websockets-17.0.1-cp311-cp311-manylinux1_x86_64.manylinux_2_28_x86_64.manylinux_2_5_x86_64.whl (219 kB)
#12 113.7 Downloading certifi-2026.7.22-py3-none-any.whl (136 kB)
#12 113.9 Downloading sniffio-1.3.1-py3-none-any.whl (10 kB)
#12 114.2 Installing collected packages: websockets, uvloop, typing-extensions, sniffio, pyyaml, python-dotenv, Pillow, numpy, idna, httptools, h11, click, certifi, annotated-types, uvicorn, pydantic-core, opencv-python-headless, httpcore, anyio, watchfiles, starlette, pydantic, httpx, fastapi
#12 118.9 
#12 118.9 Successfully installed Pillow-11.3.0 annotated-types-0.8.0 anyio-4.14.2 certifi-2026.7.22 click-8.4.2 fastapi-0.115.6 h11-0.16.0 httpcore-1.0.9 httptools-0.8.0 httpx-0.27.2 idna-3.19 numpy-2.4.6 opencv-python-headless-4.14.0.94 pydantic-2.10.4 pydantic-core-2.27.2 python-dotenv-1.2.3 pyyaml-6.0.3 sniffio-1.3.1 starlette-0.41.3 typing-extensions-4.16.0 uvicorn-0.34.0 uvloop-0.22.1 watchfiles-1.2.0 websockets-17.0.1
#12 DONE 119.3s

#13 [runtime 2/6] WORKDIR /app
#13 CACHED

#14 [runtime 3/6] RUN apt-get update     && apt-get install -y --no-install-recommends curl     && rm -rf /var/lib/apt/lists/*     && addgroup --system appgroup     && adduser --system --ingroup appgroup --home /app appuser
#14 CACHED

#15 [runtime 4/6] COPY --from=builder /opt/venv /opt/venv
#15 DONE 0.9s

#16 [runtime 5/6] COPY src/ ./src/
#16 DONE 0.1s

#17 [runtime 6/6] RUN mkdir -p /data && chown -R appuser:appgroup /app /data
#17 DONE 0.3s

#18 exporting to image
#18 exporting layers
#18 exporting layers 10.3s done
#18 exporting manifest sha256:f832270c1adfccd7fcfee9fa2393343b03480452a31c078c77fce07c5c602a29 0.0s done
#18 exporting config sha256:caf203ba42cdb16aab4b715c53aee0ffa0f3f45c5776ea5be4ed139583ac54bd 0.0s done
#18 exporting attestation manifest sha256:3bffe114965ea975c326e4b195ac9364546a9f947c188fc70064c1dbe48ee1bb 0.0s done
#18 exporting manifest list sha256:6f08280f264e7d8207f26f3f437dbc56f7e55b6c4f7dd5f3055619b822f224d6 0.0s done
#18 naming to docker.io/fit4110/ai-vision:lab05 done
#18 unpacking to docker.io/fit4110/ai-vision:lab05
#18 unpacking to docker.io/fit4110/ai-vision:lab05 2.4s done
#18 DONE 12.8s

#19 resolving provenance for metadata file
#19 DONE 0.0s
 Image fit4110/ai-vision:lab05 Built 
