=== Lab 05 smoke test (real services, no Docker) ===

[OK] health-api                               HTTP 200
[OK] health-yolo                              HTTP 200
[OK] ready                                    HTTP 200 deps=sqlite=up, ai-yolo=up
[OK] detect-url                               HTTP 200 id=150ae1dc.. risk=MEDIUM dets=2
[OK] detect-by-id                             HTTP 200
[OK] detect-recent                            HTTP 200
[OK] face-match                               HTTP 200
[OK] models-info                              HTTP 200
[OK] yolo-predict                             HTTP 200
[OK] auth-missing                             HTTP 401
[OK] auth-wrong                               HTTP 401
[OK] neg-mutex                                HTTP 422
[OK] neg-no-timestamp                         HTTP 422
[OK] neg-bad-uuid                             HTTP 422
[??] bnd-thr-0.0                              HTTP -1 exc: ReadTimeout
[OK] bnd-thr-1.0                              HTTP 200
[OK] bnd-thr-1.5                              HTTP 422
[OK] yolo-mutex                               HTTP 422

Evidence written to D:\Mon_AI\SmartCampus_AI_VisionService\FIT4110_Buoi05_NoGPU\reports\evidence\smoke-summary.json

FAIL: 17/18 expectations met
